Archive member included because of file (symbol)

/home/patrick/school/ddl_3360/workspace/LPC11Uxx_Driver_Lib/Debug/libLPC11Uxx_Driver_Lib.a(gpio.o)
                              ./src/tmr32test.o (GPIOSetDir)
/home/patrick/school/ddl_3360/workspace/LPC11Uxx_Driver_Lib/Debug/libLPC11Uxx_Driver_Lib.a(system_LPC11Uxx.o)
                              ./src/tmr32test.o (SystemCoreClock)
/home/patrick/school/ddl_3360/workspace/LPC11Uxx_Driver_Lib/Debug/libLPC11Uxx_Driver_Lib.a(timer32.o)
                              ./src/tmr32test.o (enable_timer32)
/usr/local/lpcxpresso_5.2.6_2137/lpcxpresso/tools/bin/../lib/gcc/arm-none-eabi/4.6.2/../../../../arm-none-eabi/lib/armv6-m/libcr_c.a(__weak__main.o)
                              ./src/cr_startup_lpc11u.o (__main)
/usr/local/lpcxpresso_5.2.6_2137/lpcxpresso/tools/bin/../lib/gcc/arm-none-eabi/4.6.2/armv6-m/libcr_eabihelpers.a(division.o)
                              ./src/tmr32test.o (__aeabi_uidiv)

Discarded input sections

 .text          0x00000000        0x0 ./src/cr_startup_lpc11u.o
 .data          0x00000000        0x0 ./src/cr_startup_lpc11u.o
 .bss           0x00000000        0x0 ./src/cr_startup_lpc11u.o
 .text          0x00000000        0x0 ./src/tmr32test.o
 .data          0x00000000        0x0 ./src/tmr32test.o
 .bss           0x00000000        0x0 ./src/tmr32test.o
 .text          0x00000000        0x0 /home/patrick/school/ddl_3360/workspace/LPC11Uxx_Driver_Lib/Debug/libLPC11Uxx_Driver_Lib.a(gpio.o)
 .data          0x00000000        0x0 /home/patrick/school/ddl_3360/workspace/LPC11Uxx_Driver_Lib/Debug/libLPC11Uxx_Driver_Lib.a(gpio.o)
 .bss           0x00000000        0x0 /home/patrick/school/ddl_3360/workspace/LPC11Uxx_Driver_Lib/Debug/libLPC11Uxx_Driver_Lib.a(gpio.o)
 .text.NVIC_EnableIRQ
                0x00000000       0x2c /home/patrick/school/ddl_3360/workspace/LPC11Uxx_Driver_Lib/Debug/libLPC11Uxx_Driver_Lib.a(gpio.o)
 .text.NVIC_ClearPendingIRQ
                0x00000000       0x34 /home/patrick/school/ddl_3360/workspace/LPC11Uxx_Driver_Lib/Debug/libLPC11Uxx_Driver_Lib.a(gpio.o)
 .text.GPIOInit
                0x00000000       0x30 /home/patrick/school/ddl_3360/workspace/LPC11Uxx_Driver_Lib/Debug/libLPC11Uxx_Driver_Lib.a(gpio.o)
 .text.GPIOSetFlexInterrupt
                0x00000000      0x228 /home/patrick/school/ddl_3360/workspace/LPC11Uxx_Driver_Lib/Debug/libLPC11Uxx_Driver_Lib.a(gpio.o)
 .rodata.GPIOSetFlexInterrupt
                0x00000000       0x20 /home/patrick/school/ddl_3360/workspace/LPC11Uxx_Driver_Lib/Debug/libLPC11Uxx_Driver_Lib.a(gpio.o)
 .text.GPIOFlexIntEnable
                0x00000000       0x74 /home/patrick/school/ddl_3360/workspace/LPC11Uxx_Driver_Lib/Debug/libLPC11Uxx_Driver_Lib.a(gpio.o)
 .text.GPIOFlexIntDisable
                0x00000000       0x74 /home/patrick/school/ddl_3360/workspace/LPC11Uxx_Driver_Lib/Debug/libLPC11Uxx_Driver_Lib.a(gpio.o)
 .text.GPIOFlexIntStatus
                0x00000000       0x2c /home/patrick/school/ddl_3360/workspace/LPC11Uxx_Driver_Lib/Debug/libLPC11Uxx_Driver_Lib.a(gpio.o)
 .text.GPIOFlexIntClear
                0x00000000       0x34 /home/patrick/school/ddl_3360/workspace/LPC11Uxx_Driver_Lib/Debug/libLPC11Uxx_Driver_Lib.a(gpio.o)
 .text.GPIOSetGroupedInterrupt
                0x00000000      0x100 /home/patrick/school/ddl_3360/workspace/LPC11Uxx_Driver_Lib/Debug/libLPC11Uxx_Driver_Lib.a(gpio.o)
 .text.GPIOGetPinValue
                0x00000000       0x5c /home/patrick/school/ddl_3360/workspace/LPC11Uxx_Driver_Lib/Debug/libLPC11Uxx_Driver_Lib.a(gpio.o)
 .text.GPIOSetBitValue
                0x00000000       0x54 /home/patrick/school/ddl_3360/workspace/LPC11Uxx_Driver_Lib/Debug/libLPC11Uxx_Driver_Lib.a(gpio.o)
 .text          0x00000000        0x0 /home/patrick/school/ddl_3360/workspace/LPC11Uxx_Driver_Lib/Debug/libLPC11Uxx_Driver_Lib.a(system_LPC11Uxx.o)
 .data          0x00000000        0x0 /home/patrick/school/ddl_3360/workspace/LPC11Uxx_Driver_Lib/Debug/libLPC11Uxx_Driver_Lib.a(system_LPC11Uxx.o)
 .bss           0x00000000        0x0 /home/patrick/school/ddl_3360/workspace/LPC11Uxx_Driver_Lib/Debug/libLPC11Uxx_Driver_Lib.a(system_LPC11Uxx.o)
 .text          0x00000000        0x0 /home/patrick/school/ddl_3360/workspace/LPC11Uxx_Driver_Lib/Debug/libLPC11Uxx_Driver_Lib.a(timer32.o)
 .data          0x00000000        0x0 /home/patrick/school/ddl_3360/workspace/LPC11Uxx_Driver_Lib/Debug/libLPC11Uxx_Driver_Lib.a(timer32.o)
 .bss           0x00000000        0x0 /home/patrick/school/ddl_3360/workspace/LPC11Uxx_Driver_Lib/Debug/libLPC11Uxx_Driver_Lib.a(timer32.o)
 .bss.timer32_0_period
                0x00000000        0x4 /home/patrick/school/ddl_3360/workspace/LPC11Uxx_Driver_Lib/Debug/libLPC11Uxx_Driver_Lib.a(timer32.o)
 .bss.timer32_1_period
                0x00000000        0x4 /home/patrick/school/ddl_3360/workspace/LPC11Uxx_Driver_Lib/Debug/libLPC11Uxx_Driver_Lib.a(timer32.o)
 .text.delay32Ms
                0x00000000       0xc4 /home/patrick/school/ddl_3360/workspace/LPC11Uxx_Driver_Lib/Debug/libLPC11Uxx_Driver_Lib.a(timer32.o)
 .text.disable_timer32
                0x00000000       0x30 /home/patrick/school/ddl_3360/workspace/LPC11Uxx_Driver_Lib/Debug/libLPC11Uxx_Driver_Lib.a(timer32.o)
 .text.reset_timer32
                0x00000000       0x4c /home/patrick/school/ddl_3360/workspace/LPC11Uxx_Driver_Lib/Debug/libLPC11Uxx_Driver_Lib.a(timer32.o)
 .text.set_timer32_capture
                0x00000000       0xf8 /home/patrick/school/ddl_3360/workspace/LPC11Uxx_Driver_Lib/Debug/libLPC11Uxx_Driver_Lib.a(timer32.o)
 .text.init_timer32PWM
                0x00000000      0x128 /home/patrick/school/ddl_3360/workspace/LPC11Uxx_Driver_Lib/Debug/libLPC11Uxx_Driver_Lib.a(timer32.o)
 .text.setMatch_timer32PWM
                0x00000000       0xa4 /home/patrick/school/ddl_3360/workspace/LPC11Uxx_Driver_Lib/Debug/libLPC11Uxx_Driver_Lib.a(timer32.o)
 .text          0x00000000        0x0 /usr/local/lpcxpresso_5.2.6_2137/lpcxpresso/tools/bin/../lib/gcc/arm-none-eabi/4.6.2/../../../../arm-none-eabi/lib/armv6-m/libcr_c.a(__weak__main.o)
 .data          0x00000000        0x0 /usr/local/lpcxpresso_5.2.6_2137/lpcxpresso/tools/bin/../lib/gcc/arm-none-eabi/4.6.2/../../../../arm-none-eabi/lib/armv6-m/libcr_c.a(__weak__main.o)
 .bss           0x00000000        0x0 /usr/local/lpcxpresso_5.2.6_2137/lpcxpresso/tools/bin/../lib/gcc/arm-none-eabi/4.6.2/../../../../arm-none-eabi/lib/armv6-m/libcr_c.a(__weak__main.o)
 .text          0x00000000        0x0 /usr/local/lpcxpresso_5.2.6_2137/lpcxpresso/tools/bin/../lib/gcc/arm-none-eabi/4.6.2/armv6-m/libcr_eabihelpers.a(division.o)
 .data          0x00000000        0x0 /usr/local/lpcxpresso_5.2.6_2137/lpcxpresso/tools/bin/../lib/gcc/arm-none-eabi/4.6.2/armv6-m/libcr_eabihelpers.a(division.o)
 .bss           0x00000000        0x0 /usr/local/lpcxpresso_5.2.6_2137/lpcxpresso/tools/bin/../lib/gcc/arm-none-eabi/4.6.2/armv6-m/libcr_eabihelpers.a(division.o)
 .text.__aeabi_division_idivmod
                0x00000000        0x6 /usr/local/lpcxpresso_5.2.6_2137/lpcxpresso/tools/bin/../lib/gcc/arm-none-eabi/4.6.2/armv6-m/libcr_eabihelpers.a(division.o)
 .text.__aeabi_division_uldivmod
                0x00000000       0x5a /usr/local/lpcxpresso_5.2.6_2137/lpcxpresso/tools/bin/../lib/gcc/arm-none-eabi/4.6.2/armv6-m/libcr_eabihelpers.a(division.o)
 .text.__aeabi_division_ldivmod
                0x00000000       0x32 /usr/local/lpcxpresso_5.2.6_2137/lpcxpresso/tools/bin/../lib/gcc/arm-none-eabi/4.6.2/armv6-m/libcr_eabihelpers.a(division.o)
 .text.__aeabi_division_ldiv0
                0x00000000        0x2 /usr/local/lpcxpresso_5.2.6_2137/lpcxpresso/tools/bin/../lib/gcc/arm-none-eabi/4.6.2/armv6-m/libcr_eabihelpers.a(division.o)
 .text.__aeabi_division_idivq31+15
                0x00000000      0x188 /usr/local/lpcxpresso_5.2.6_2137/lpcxpresso/tools/bin/../lib/gcc/arm-none-eabi/4.6.2/armv6-m/libcr_eabihelpers.a(division.o)

Memory Configuration

Name             Origin             Length             Attributes
MFlash32         0x00000000         0x00008000         xr
RamLoc4          0x10000000         0x00001000         xrw
RamUsb2          0x20004000         0x00000800         xrw
*default*        0x00000000         0xffffffff

Linker script and memory map

LOAD ./src/cr_startup_lpc11u.o
LOAD ./src/tmr32test.o
LOAD /home/patrick/school/ddl_3360/workspace/LPC11Uxx_Driver_Lib/Debug/libLPC11Uxx_Driver_Lib.a
LOAD /home/patrick/school/ddl_3360/workspace/CMSISv2p00_LPC11Uxx/Debug/libCMSISv2p00_LPC11Uxx.a
START GROUP
LOAD /usr/local/lpcxpresso_5.2.6_2137/lpcxpresso/tools/bin/../lib/gcc/arm-none-eabi/4.6.2/../../../../arm-none-eabi/lib/armv6-m/libcr_c.a
LOAD /usr/local/lpcxpresso_5.2.6_2137/lpcxpresso/tools/bin/../lib/gcc/arm-none-eabi/4.6.2/armv6-m/libcr_eabihelpers.a
END GROUP
                0x00008000                __top_MFlash32 = 0x8000
                0x10001000                __top_RamLoc4 = 0x10001000
                0x20004800                __top_RamUsb2 = 0x20004800

.text           0x00000000     0x113c
 FILL mask 0xff
                0x00000000                __vectors_start__ = ABSOLUTE (.)
 *(.isr_vector)
 .isr_vector    0x00000000       0xc0 ./src/cr_startup_lpc11u.o
                0x00000000                g_pfnVectors
                0x000000c0                . = ALIGN (0x4)
                0x000000c0                __section_table_start = .
                0x000000c0                __data_section_table = .
                0x000000c0        0x4 LONG 0x113c LOADADDR (.data)
                0x000000c4        0x4 LONG 0x10000000 ADDR (.data)
                0x000000c8        0x4 LONG 0x4 SIZEOF (.data)
                0x000000cc        0x4 LONG 0x113c LOADADDR (.data_RAM2)
                0x000000d0        0x4 LONG 0x20004000 ADDR (.data_RAM2)
                0x000000d4        0x4 LONG 0x0 SIZEOF (.data_RAM2)
                0x000000d8                __data_section_table_end = .
                0x000000d8                __bss_section_table = .
                0x000000d8        0x4 LONG 0x10000004 ADDR (.bss)
                0x000000dc        0x4 LONG 0xd8 SIZEOF (.bss)
                0x000000e0        0x4 LONG 0x20004000 ADDR (.bss_RAM2)
                0x000000e4        0x4 LONG 0x0 SIZEOF (.bss_RAM2)
                0x000000e8                __bss_section_table_end = .
                0x000000e8                __section_table_end = .
 *(.after_vectors*)
 .after_vectors
                0x000000e8       0x80 ./src/cr_startup_lpc11u.o
                0x000000e8                NMI_Handler
                0x000000ec                HardFault_Handler
                0x000000f0                SVC_Handler
                0x000000f4                PendSV_Handler
                0x000000f8                SysTick_Handler
                0x000000fc                data_init
                0x0000010e                bss_init
                0x00000120                ResetISR
                0x00000164                TIMER16_0_IRQHandler
                0x00000164                UART_IRQHandler
                0x00000164                IntDefaultHandler
                0x00000164                SSP0_IRQHandler
                0x00000164                USBWakeup_IRQHandler
                0x00000164                TIMER16_1_IRQHandler
                0x00000164                USB_FIQHandler
                0x00000164                ADC_IRQHandler
                0x00000164                SSP1_IRQHandler
                0x00000164                USB_IRQHandler
                0x00000164                BOD_IRQHandler
                0x00000164                I2C_IRQHandler
                0x00000164                WDT_IRQHandler
                0x00000164                FMC_IRQHandler
 *(.text*)
 .text.main     0x00000168       0x4c ./src/tmr32test.o
                0x00000168                main
 .text.FLEX_INT0_IRQHandler
                0x000001b4       0xb8 /home/patrick/school/ddl_3360/workspace/LPC11Uxx_Driver_Lib/Debug/libLPC11Uxx_Driver_Lib.a(gpio.o)
                0x000001b4                FLEX_INT0_IRQHandler
 .text.FLEX_INT1_IRQHandler
                0x0000026c       0xa0 /home/patrick/school/ddl_3360/workspace/LPC11Uxx_Driver_Lib/Debug/libLPC11Uxx_Driver_Lib.a(gpio.o)
                0x0000026c                FLEX_INT1_IRQHandler
 .text.FLEX_INT2_IRQHandler
                0x0000030c       0xa0 /home/patrick/school/ddl_3360/workspace/LPC11Uxx_Driver_Lib/Debug/libLPC11Uxx_Driver_Lib.a(gpio.o)
                0x0000030c                FLEX_INT2_IRQHandler
 .text.FLEX_INT3_IRQHandler
                0x000003ac       0xa0 /home/patrick/school/ddl_3360/workspace/LPC11Uxx_Driver_Lib/Debug/libLPC11Uxx_Driver_Lib.a(gpio.o)
                0x000003ac                FLEX_INT3_IRQHandler
 .text.FLEX_INT4_IRQHandler
                0x0000044c       0xa0 /home/patrick/school/ddl_3360/workspace/LPC11Uxx_Driver_Lib/Debug/libLPC11Uxx_Driver_Lib.a(gpio.o)
                0x0000044c                FLEX_INT4_IRQHandler
 .text.FLEX_INT5_IRQHandler
                0x000004ec       0xa0 /home/patrick/school/ddl_3360/workspace/LPC11Uxx_Driver_Lib/Debug/libLPC11Uxx_Driver_Lib.a(gpio.o)
                0x000004ec                FLEX_INT5_IRQHandler
 .text.FLEX_INT6_IRQHandler
                0x0000058c       0xa0 /home/patrick/school/ddl_3360/workspace/LPC11Uxx_Driver_Lib/Debug/libLPC11Uxx_Driver_Lib.a(gpio.o)
                0x0000058c                FLEX_INT6_IRQHandler
 .text.FLEX_INT7_IRQHandler
                0x0000062c       0xa0 /home/patrick/school/ddl_3360/workspace/LPC11Uxx_Driver_Lib/Debug/libLPC11Uxx_Driver_Lib.a(gpio.o)
                0x0000062c                FLEX_INT7_IRQHandler
 .text.GINT0_IRQHandler
                0x000006cc       0x60 /home/patrick/school/ddl_3360/workspace/LPC11Uxx_Driver_Lib/Debug/libLPC11Uxx_Driver_Lib.a(gpio.o)
                0x000006cc                GINT0_IRQHandler
 .text.GINT1_IRQHandler
                0x0000072c       0x60 /home/patrick/school/ddl_3360/workspace/LPC11Uxx_Driver_Lib/Debug/libLPC11Uxx_Driver_Lib.a(gpio.o)
                0x0000072c                GINT1_IRQHandler
 .text.GPIOSetDir
                0x0000078c       0x78 /home/patrick/school/ddl_3360/workspace/LPC11Uxx_Driver_Lib/Debug/libLPC11Uxx_Driver_Lib.a(gpio.o)
                0x0000078c                GPIOSetDir
 .text.SystemCoreClockUpdate
                0x00000804      0x1e0 /home/patrick/school/ddl_3360/workspace/LPC11Uxx_Driver_Lib/Debug/libLPC11Uxx_Driver_Lib.a(system_LPC11Uxx.o)
                0x00000804                SystemCoreClockUpdate
 .text.SystemInit
                0x000009e4      0x160 /home/patrick/school/ddl_3360/workspace/LPC11Uxx_Driver_Lib/Debug/libLPC11Uxx_Driver_Lib.a(system_LPC11Uxx.o)
                0x000009e4                SystemInit
 .text.NVIC_EnableIRQ
                0x00000b44       0x2c /home/patrick/school/ddl_3360/workspace/LPC11Uxx_Driver_Lib/Debug/libLPC11Uxx_Driver_Lib.a(timer32.o)
 .text.TIMER32_0_IRQHandler
                0x00000b70       0xc0 /home/patrick/school/ddl_3360/workspace/LPC11Uxx_Driver_Lib/Debug/libLPC11Uxx_Driver_Lib.a(timer32.o)
                0x00000b70                TIMER32_0_IRQHandler
 .text.TIMER32_1_IRQHandler
                0x00000c30       0xdc /home/patrick/school/ddl_3360/workspace/LPC11Uxx_Driver_Lib/Debug/libLPC11Uxx_Driver_Lib.a(timer32.o)
                0x00000c30                TIMER32_1_IRQHandler
 .text.enable_timer32
                0x00000d0c       0x30 /home/patrick/school/ddl_3360/workspace/LPC11Uxx_Driver_Lib/Debug/libLPC11Uxx_Driver_Lib.a(timer32.o)
                0x00000d0c                enable_timer32
 .text.set_timer32_match
                0x00000d3c      0x230 /home/patrick/school/ddl_3360/workspace/LPC11Uxx_Driver_Lib/Debug/libLPC11Uxx_Driver_Lib.a(timer32.o)
                0x00000d3c                set_timer32_match
 .text.init_timer32
                0x00000f6c      0x114 /home/patrick/school/ddl_3360/workspace/LPC11Uxx_Driver_Lib/Debug/libLPC11Uxx_Driver_Lib.a(timer32.o)
                0x00000f6c                init_timer32
 .text.__weak_main
                0x00001080        0x8 /usr/local/lpcxpresso_5.2.6_2137/lpcxpresso/tools/bin/../lib/gcc/arm-none-eabi/4.6.2/../../../../arm-none-eabi/lib/armv6-m/libcr_c.a(__weak__main.o)
                0x00001080                __main
                0x00001080                __weak_main
 .text.__aeabi_division_uidivmod
                0x00001088       0x72 /usr/local/lpcxpresso_5.2.6_2137/lpcxpresso/tools/bin/../lib/gcc/arm-none-eabi/4.6.2/armv6-m/libcr_eabihelpers.a(division.o)
                0x00001088                __aeabi_uidiv
                0x00001088                __aeabi_uidivmod
 .text.__aeabi_division_idiv0
                0x000010fa        0x2 /usr/local/lpcxpresso_5.2.6_2137/lpcxpresso/tools/bin/../lib/gcc/arm-none-eabi/4.6.2/armv6-m/libcr_eabihelpers.a(division.o)
                0x000010fa                __aeabi_idiv0
 *(.rodata .rodata.*)
 .rodata.SystemCoreClockUpdate
                0x000010fc       0x40 /home/patrick/school/ddl_3360/workspace/LPC11Uxx_Driver_Lib/Debug/libLPC11Uxx_Driver_Lib.a(system_LPC11Uxx.o)
                0x0000113c                . = ALIGN (0x4)

.glue_7         0x0000113c        0x0
 .glue_7        0x00000000        0x0 linker stubs

.glue_7t        0x0000113c        0x0
 .glue_7t       0x00000000        0x0 linker stubs

.vfp11_veneer   0x0000113c        0x0
 .vfp11_veneer  0x00000000        0x0 linker stubs

.v4_bx          0x0000113c        0x0
 .v4_bx         0x00000000        0x0 linker stubs

.ARM.extab
 *(.ARM.extab* .gnu.linkonce.armextab.*)
                0x0000113c                __exidx_start = .

.ARM.exidx
 *(.ARM.exidx* .gnu.linkonce.armexidx.*)
                0x0000113c                __exidx_end = .
                0x0000113c                _etext = .

.data_RAM2      0x20004000        0x0 load address 0x0000113c
 FILL mask 0xff
 *(.data.$RAM2*)
 *(.data.$RamUsb2*)
                0x20004000                . = ALIGN (0x4)

.uninit_RESERVED
                0x10000000        0x0
 *(.bss.$RESERVED*)
                0x10000000                . = ALIGN (0x4)
                0x10000000                _end_uninit_RESERVED = .

.data           0x10000000        0x4 load address 0x0000113c
 FILL mask 0xff
                0x10000000                _data = .
 *(vtable)
 *(.data*)
 .data.SystemCoreClock
                0x10000000        0x4 /home/patrick/school/ddl_3360/workspace/LPC11Uxx_Driver_Lib/Debug/libLPC11Uxx_Driver_Lib.a(system_LPC11Uxx.o)
                0x10000000                SystemCoreClock
                0x10000004                . = ALIGN (0x4)
                0x10000004                _edata = .

.bss_RAM2       0x20004000        0x0
 *(.bss.$RAM2*)
 *(.bss.$RamUsb2*)
                0x20004000                . = ALIGN (0x4)

.bss            0x10000004       0xd8
                0x10000004                _bss = .
 *(.bss*)
 .bss.flex_int0_counter
                0x10000004        0x4 /home/patrick/school/ddl_3360/workspace/LPC11Uxx_Driver_Lib/Debug/libLPC11Uxx_Driver_Lib.a(gpio.o)
                0x10000004                flex_int0_counter
 .bss.flex_int1_counter
                0x10000008        0x4 /home/patrick/school/ddl_3360/workspace/LPC11Uxx_Driver_Lib/Debug/libLPC11Uxx_Driver_Lib.a(gpio.o)
                0x10000008                flex_int1_counter
 .bss.flex_int2_counter
                0x1000000c        0x4 /home/patrick/school/ddl_3360/workspace/LPC11Uxx_Driver_Lib/Debug/libLPC11Uxx_Driver_Lib.a(gpio.o)
                0x1000000c                flex_int2_counter
 .bss.flex_int3_counter
                0x10000010        0x4 /home/patrick/school/ddl_3360/workspace/LPC11Uxx_Driver_Lib/Debug/libLPC11Uxx_Driver_Lib.a(gpio.o)
                0x10000010                flex_int3_counter
 .bss.flex_int4_counter
                0x10000014        0x4 /home/patrick/school/ddl_3360/workspace/LPC11Uxx_Driver_Lib/Debug/libLPC11Uxx_Driver_Lib.a(gpio.o)
                0x10000014                flex_int4_counter
 .bss.flex_int5_counter
                0x10000018        0x4 /home/patrick/school/ddl_3360/workspace/LPC11Uxx_Driver_Lib/Debug/libLPC11Uxx_Driver_Lib.a(gpio.o)
                0x10000018                flex_int5_counter
 .bss.flex_int6_counter
                0x1000001c        0x4 /home/patrick/school/ddl_3360/workspace/LPC11Uxx_Driver_Lib/Debug/libLPC11Uxx_Driver_Lib.a(gpio.o)
                0x1000001c                flex_int6_counter
 .bss.flex_int7_counter
                0x10000020        0x4 /home/patrick/school/ddl_3360/workspace/LPC11Uxx_Driver_Lib/Debug/libLPC11Uxx_Driver_Lib.a(gpio.o)
                0x10000020                flex_int7_counter
 .bss.gint0_counter
                0x10000024        0x4 /home/patrick/school/ddl_3360/workspace/LPC11Uxx_Driver_Lib/Debug/libLPC11Uxx_Driver_Lib.a(gpio.o)
                0x10000024                gint0_counter
 .bss.gint1_counter
                0x10000028        0x4 /home/patrick/school/ddl_3360/workspace/LPC11Uxx_Driver_Lib/Debug/libLPC11Uxx_Driver_Lib.a(gpio.o)
                0x10000028                gint1_counter
 .bss.flex_int0_level_counter
                0x1000002c        0x4 /home/patrick/school/ddl_3360/workspace/LPC11Uxx_Driver_Lib/Debug/libLPC11Uxx_Driver_Lib.a(gpio.o)
                0x1000002c                flex_int0_level_counter
 .bss.flex_int0_rising_edge_counter
                0x10000030        0x4 /home/patrick/school/ddl_3360/workspace/LPC11Uxx_Driver_Lib/Debug/libLPC11Uxx_Driver_Lib.a(gpio.o)
                0x10000030                flex_int0_rising_edge_counter
 .bss.flex_int0_falling_edge_counter
                0x10000034        0x4 /home/patrick/school/ddl_3360/workspace/LPC11Uxx_Driver_Lib/Debug/libLPC11Uxx_Driver_Lib.a(gpio.o)
                0x10000034                flex_int0_falling_edge_counter
 .bss.flex_int1_level_counter
                0x10000038        0x4 /home/patrick/school/ddl_3360/workspace/LPC11Uxx_Driver_Lib/Debug/libLPC11Uxx_Driver_Lib.a(gpio.o)
                0x10000038                flex_int1_level_counter
 .bss.flex_int1_rising_edge_counter
                0x1000003c        0x4 /home/patrick/school/ddl_3360/workspace/LPC11Uxx_Driver_Lib/Debug/libLPC11Uxx_Driver_Lib.a(gpio.o)
                0x1000003c                flex_int1_rising_edge_counter
 .bss.flex_int1_falling_edge_counter
                0x10000040        0x4 /home/patrick/school/ddl_3360/workspace/LPC11Uxx_Driver_Lib/Debug/libLPC11Uxx_Driver_Lib.a(gpio.o)
                0x10000040                flex_int1_falling_edge_counter
 .bss.flex_int2_level_counter
                0x10000044        0x4 /home/patrick/school/ddl_3360/workspace/LPC11Uxx_Driver_Lib/Debug/libLPC11Uxx_Driver_Lib.a(gpio.o)
                0x10000044                flex_int2_level_counter
 .bss.flex_int2_rising_edge_counter
                0x10000048        0x4 /home/patrick/school/ddl_3360/workspace/LPC11Uxx_Driver_Lib/Debug/libLPC11Uxx_Driver_Lib.a(gpio.o)
                0x10000048                flex_int2_rising_edge_counter
 .bss.flex_int2_falling_edge_counter
                0x1000004c        0x4 /home/patrick/school/ddl_3360/workspace/LPC11Uxx_Driver_Lib/Debug/libLPC11Uxx_Driver_Lib.a(gpio.o)
                0x1000004c                flex_int2_falling_edge_counter
 .bss.flex_int3_level_counter
                0x10000050        0x4 /home/patrick/school/ddl_3360/workspace/LPC11Uxx_Driver_Lib/Debug/libLPC11Uxx_Driver_Lib.a(gpio.o)
                0x10000050                flex_int3_level_counter
 .bss.flex_int3_rising_edge_counter
                0x10000054        0x4 /home/patrick/school/ddl_3360/workspace/LPC11Uxx_Driver_Lib/Debug/libLPC11Uxx_Driver_Lib.a(gpio.o)
                0x10000054                flex_int3_rising_edge_counter
 .bss.flex_int3_falling_edge_counter
                0x10000058        0x4 /home/patrick/school/ddl_3360/workspace/LPC11Uxx_Driver_Lib/Debug/libLPC11Uxx_Driver_Lib.a(gpio.o)
                0x10000058                flex_int3_falling_edge_counter
 .bss.flex_int4_level_counter
                0x1000005c        0x4 /home/patrick/school/ddl_3360/workspace/LPC11Uxx_Driver_Lib/Debug/libLPC11Uxx_Driver_Lib.a(gpio.o)
                0x1000005c                flex_int4_level_counter
 .bss.flex_int4_rising_edge_counter
                0x10000060        0x4 /home/patrick/school/ddl_3360/workspace/LPC11Uxx_Driver_Lib/Debug/libLPC11Uxx_Driver_Lib.a(gpio.o)
                0x10000060                flex_int4_rising_edge_counter
 .bss.flex_int4_falling_edge_counter
                0x10000064        0x4 /home/patrick/school/ddl_3360/workspace/LPC11Uxx_Driver_Lib/Debug/libLPC11Uxx_Driver_Lib.a(gpio.o)
                0x10000064                flex_int4_falling_edge_counter
 .bss.flex_int5_level_counter
                0x10000068        0x4 /home/patrick/school/ddl_3360/workspace/LPC11Uxx_Driver_Lib/Debug/libLPC11Uxx_Driver_Lib.a(gpio.o)
                0x10000068                flex_int5_level_counter
 .bss.flex_int5_rising_edge_counter
                0x1000006c        0x4 /home/patrick/school/ddl_3360/workspace/LPC11Uxx_Driver_Lib/Debug/libLPC11Uxx_Driver_Lib.a(gpio.o)
                0x1000006c                flex_int5_rising_edge_counter
 .bss.flex_int5_falling_edge_counter
                0x10000070        0x4 /home/patrick/school/ddl_3360/workspace/LPC11Uxx_Driver_Lib/Debug/libLPC11Uxx_Driver_Lib.a(gpio.o)
                0x10000070                flex_int5_falling_edge_counter
 .bss.flex_int6_level_counter
                0x10000074        0x4 /home/patrick/school/ddl_3360/workspace/LPC11Uxx_Driver_Lib/Debug/libLPC11Uxx_Driver_Lib.a(gpio.o)
                0x10000074                flex_int6_level_counter
 .bss.flex_int6_rising_edge_counter
                0x10000078        0x4 /home/patrick/school/ddl_3360/workspace/LPC11Uxx_Driver_Lib/Debug/libLPC11Uxx_Driver_Lib.a(gpio.o)
                0x10000078                flex_int6_rising_edge_counter
 .bss.flex_int6_falling_edge_counter
                0x1000007c        0x4 /home/patrick/school/ddl_3360/workspace/LPC11Uxx_Driver_Lib/Debug/libLPC11Uxx_Driver_Lib.a(gpio.o)
                0x1000007c                flex_int6_falling_edge_counter
 .bss.flex_int7_level_counter
                0x10000080        0x4 /home/patrick/school/ddl_3360/workspace/LPC11Uxx_Driver_Lib/Debug/libLPC11Uxx_Driver_Lib.a(gpio.o)
                0x10000080                flex_int7_level_counter
 .bss.flex_int7_rising_edge_counter
                0x10000084        0x4 /home/patrick/school/ddl_3360/workspace/LPC11Uxx_Driver_Lib/Debug/libLPC11Uxx_Driver_Lib.a(gpio.o)
                0x10000084                flex_int7_rising_edge_counter
 .bss.flex_int7_falling_edge_counter
                0x10000088        0x4 /home/patrick/school/ddl_3360/workspace/LPC11Uxx_Driver_Lib/Debug/libLPC11Uxx_Driver_Lib.a(gpio.o)
                0x10000088                flex_int7_falling_edge_counter
 .bss.gint0_level_counter
                0x1000008c        0x4 /home/patrick/school/ddl_3360/workspace/LPC11Uxx_Driver_Lib/Debug/libLPC11Uxx_Driver_Lib.a(gpio.o)
                0x1000008c                gint0_level_counter
 .bss.gint0_edge_counter
                0x10000090        0x4 /home/patrick/school/ddl_3360/workspace/LPC11Uxx_Driver_Lib/Debug/libLPC11Uxx_Driver_Lib.a(gpio.o)
                0x10000090                gint0_edge_counter
 .bss.gint1_level_counter
                0x10000094        0x4 /home/patrick/school/ddl_3360/workspace/LPC11Uxx_Driver_Lib/Debug/libLPC11Uxx_Driver_Lib.a(gpio.o)
                0x10000094                gint1_level_counter
 .bss.gint1_edge_counter
                0x10000098        0x4 /home/patrick/school/ddl_3360/workspace/LPC11Uxx_Driver_Lib/Debug/libLPC11Uxx_Driver_Lib.a(gpio.o)
                0x10000098                gint1_edge_counter
 .bss.timer32_0_counter
                0x1000009c       0x10 /home/patrick/school/ddl_3360/workspace/LPC11Uxx_Driver_Lib/Debug/libLPC11Uxx_Driver_Lib.a(timer32.o)
                0x1000009c                timer32_0_counter
 .bss.timer32_1_counter
                0x100000ac       0x10 /home/patrick/school/ddl_3360/workspace/LPC11Uxx_Driver_Lib/Debug/libLPC11Uxx_Driver_Lib.a(timer32.o)
                0x100000ac                timer32_1_counter
 .bss.timer32_0_capture
                0x100000bc       0x10 /home/patrick/school/ddl_3360/workspace/LPC11Uxx_Driver_Lib/Debug/libLPC11Uxx_Driver_Lib.a(timer32.o)
                0x100000bc                timer32_0_capture
 .bss.timer32_1_capture
                0x100000cc       0x10 /home/patrick/school/ddl_3360/workspace/LPC11Uxx_Driver_Lib/Debug/libLPC11Uxx_Driver_Lib.a(timer32.o)
                0x100000cc                timer32_1_capture
 *(COMMON)
                0x100000dc                . = ALIGN (0x4)
                0x100000dc                _ebss = .
                0x100000dc                PROVIDE (end, .)

.noinit_RAM2    0x20004000        0x0
 *(.noinit.$RAM2*)
 *(.noinit.$RamUsb2*)
                0x20004000                . = ALIGN (0x4)

.noinit         0x100000dc        0x0
                0x100000dc                _noinit = .
 *(.noinit*)
                0x100000dc                . = ALIGN (0x4)
                0x100000dc                _end_noinit = .
                0x100000dc                PROVIDE (_pvHeapStart, .)
                0x10001000                PROVIDE (_vStackTop, (__top_RamLoc4 - 0x0))
OUTPUT(Timer32.axf elf32-littlearm)

.debug_info     0x00000000     0x321d
 .debug_info    0x00000000      0x296 ./src/cr_startup_lpc11u.o
 .debug_info    0x00000296      0x579 ./src/tmr32test.o
 .debug_info    0x0000080f     0x1302 /home/patrick/school/ddl_3360/workspace/LPC11Uxx_Driver_Lib/Debug/libLPC11Uxx_Driver_Lib.a(gpio.o)
 .debug_info    0x00001b11      0x5d2 /home/patrick/school/ddl_3360/workspace/LPC11Uxx_Driver_Lib/Debug/libLPC11Uxx_Driver_Lib.a(system_LPC11Uxx.o)
 .debug_info    0x000020e3     0x113a /home/patrick/school/ddl_3360/workspace/LPC11Uxx_Driver_Lib/Debug/libLPC11Uxx_Driver_Lib.a(timer32.o)

.debug_abbrev   0x00000000      0x68b
 .debug_abbrev  0x00000000      0x116 ./src/cr_startup_lpc11u.o
 .debug_abbrev  0x00000116       0xac ./src/tmr32test.o
 .debug_abbrev  0x000001c2      0x1e8 /home/patrick/school/ddl_3360/workspace/LPC11Uxx_Driver_Lib/Debug/libLPC11Uxx_Driver_Lib.a(gpio.o)
 .debug_abbrev  0x000003aa       0xf9 /home/patrick/school/ddl_3360/workspace/LPC11Uxx_Driver_Lib/Debug/libLPC11Uxx_Driver_Lib.a(system_LPC11Uxx.o)
 .debug_abbrev  0x000004a3      0x1e8 /home/patrick/school/ddl_3360/workspace/LPC11Uxx_Driver_Lib/Debug/libLPC11Uxx_Driver_Lib.a(timer32.o)

.debug_loc      0x00000000      0x9ff
 .debug_loc     0x00000000      0x28f ./src/cr_startup_lpc11u.o
 .debug_loc     0x0000028f       0x2c ./src/tmr32test.o
 .debug_loc     0x000002bb      0x44c /home/patrick/school/ddl_3360/workspace/LPC11Uxx_Driver_Lib/Debug/libLPC11Uxx_Driver_Lib.a(gpio.o)
 .debug_loc     0x00000707       0x70 /home/patrick/school/ddl_3360/workspace/LPC11Uxx_Driver_Lib/Debug/libLPC11Uxx_Driver_Lib.a(system_LPC11Uxx.o)
 .debug_loc     0x00000777      0x288 /home/patrick/school/ddl_3360/workspace/LPC11Uxx_Driver_Lib/Debug/libLPC11Uxx_Driver_Lib.a(timer32.o)

.debug_aranges  0x00000000      0x1e8
 .debug_aranges
                0x00000000       0x60 ./src/cr_startup_lpc11u.o
 .debug_aranges
                0x00000060       0x20 ./src/tmr32test.o
 .debug_aranges
                0x00000080       0xc8 /home/patrick/school/ddl_3360/workspace/LPC11Uxx_Driver_Lib/Debug/libLPC11Uxx_Driver_Lib.a(gpio.o)
 .debug_aranges
                0x00000148       0x28 /home/patrick/school/ddl_3360/workspace/LPC11Uxx_Driver_Lib/Debug/libLPC11Uxx_Driver_Lib.a(system_LPC11Uxx.o)
 .debug_aranges
                0x00000170       0x78 /home/patrick/school/ddl_3360/workspace/LPC11Uxx_Driver_Lib/Debug/libLPC11Uxx_Driver_Lib.a(timer32.o)

.debug_ranges   0x00000000      0x198
 .debug_ranges  0x00000000       0x50 ./src/cr_startup_lpc11u.o
 .debug_ranges  0x00000050       0x10 ./src/tmr32test.o
 .debug_ranges  0x00000060       0xb8 /home/patrick/school/ddl_3360/workspace/LPC11Uxx_Driver_Lib/Debug/libLPC11Uxx_Driver_Lib.a(gpio.o)
 .debug_ranges  0x00000118       0x18 /home/patrick/school/ddl_3360/workspace/LPC11Uxx_Driver_Lib/Debug/libLPC11Uxx_Driver_Lib.a(system_LPC11Uxx.o)
 .debug_ranges  0x00000130       0x68 /home/patrick/school/ddl_3360/workspace/LPC11Uxx_Driver_Lib/Debug/libLPC11Uxx_Driver_Lib.a(timer32.o)

.debug_line     0x00000000     0x1975
 .debug_line    0x00000000      0x418 ./src/cr_startup_lpc11u.o
 .debug_line    0x00000418      0x418 ./src/tmr32test.o
 .debug_line    0x00000830      0x6cd /home/patrick/school/ddl_3360/workspace/LPC11Uxx_Driver_Lib/Debug/libLPC11Uxx_Driver_Lib.a(gpio.o)
 .debug_line    0x00000efd      0x49c /home/patrick/school/ddl_3360/workspace/LPC11Uxx_Driver_Lib/Debug/libLPC11Uxx_Driver_Lib.a(system_LPC11Uxx.o)
 .debug_line    0x00001399      0x5dc /home/patrick/school/ddl_3360/workspace/LPC11Uxx_Driver_Lib/Debug/libLPC11Uxx_Driver_Lib.a(timer32.o)

.debug_macinfo  0x00000000    0x19fc2
 .debug_macinfo
                0x00000000     0x522b ./src/cr_startup_lpc11u.o
 .debug_macinfo
                0x0000522b     0x5337 ./src/tmr32test.o
 .debug_macinfo
                0x0000a562     0x528d /home/patrick/school/ddl_3360/workspace/LPC11Uxx_Driver_Lib/Debug/libLPC11Uxx_Driver_Lib.a(gpio.o)
 .debug_macinfo
                0x0000f7ef     0x5500 /home/patrick/school/ddl_3360/workspace/LPC11Uxx_Driver_Lib/Debug/libLPC11Uxx_Driver_Lib.a(system_LPC11Uxx.o)
 .debug_macinfo
                0x00014cef     0x52d3 /home/patrick/school/ddl_3360/workspace/LPC11Uxx_Driver_Lib/Debug/libLPC11Uxx_Driver_Lib.a(timer32.o)

.debug_str      0x00000000     0x110a
 .debug_str     0x00000000      0x205 ./src/cr_startup_lpc11u.o
                                0x22d (size before relaxing)
 .debug_str     0x00000205      0x295 ./src/tmr32test.o
                                0x38d (size before relaxing)
 .debug_str     0x0000049a      0x8a6 /home/patrick/school/ddl_3360/workspace/LPC11Uxx_Driver_Lib/Debug/libLPC11Uxx_Driver_Lib.a(gpio.o)
                                0xbe9 (size before relaxing)
 .debug_str     0x00000d40       0x48 /home/patrick/school/ddl_3360/workspace/LPC11Uxx_Driver_Lib/Debug/libLPC11Uxx_Driver_Lib.a(system_LPC11Uxx.o)
                                0x3c9 (size before relaxing)
 .debug_str     0x00000d88      0x382 /home/patrick/school/ddl_3360/workspace/LPC11Uxx_Driver_Lib/Debug/libLPC11Uxx_Driver_Lib.a(timer32.o)
                                0x966 (size before relaxing)

.comment        0x00000000       0x70
 .comment       0x00000000       0x70 ./src/cr_startup_lpc11u.o
                                 0x71 (size before relaxing)
 .comment       0x00000000       0x71 ./src/tmr32test.o
 .comment       0x00000000       0x71 /home/patrick/school/ddl_3360/workspace/LPC11Uxx_Driver_Lib/Debug/libLPC11Uxx_Driver_Lib.a(gpio.o)
 .comment       0x00000000       0x71 /home/patrick/school/ddl_3360/workspace/LPC11Uxx_Driver_Lib/Debug/libLPC11Uxx_Driver_Lib.a(system_LPC11Uxx.o)
 .comment       0x00000000       0x71 /home/patrick/school/ddl_3360/workspace/LPC11Uxx_Driver_Lib/Debug/libLPC11Uxx_Driver_Lib.a(timer32.o)
 .comment       0x00000000       0x71 /usr/local/lpcxpresso_5.2.6_2137/lpcxpresso/tools/bin/../lib/gcc/arm-none-eabi/4.6.2/../../../../arm-none-eabi/lib/armv6-m/libcr_c.a(__weak__main.o)

.ARM.attributes
                0x00000000       0x2f
 .ARM.attributes
                0x00000000       0x31 ./src/cr_startup_lpc11u.o
 .ARM.attributes
                0x00000031       0x31 ./src/tmr32test.o
 .ARM.attributes
                0x00000062       0x31 /home/patrick/school/ddl_3360/workspace/LPC11Uxx_Driver_Lib/Debug/libLPC11Uxx_Driver_Lib.a(gpio.o)
 .ARM.attributes
                0x00000093       0x31 /home/patrick/school/ddl_3360/workspace/LPC11Uxx_Driver_Lib/Debug/libLPC11Uxx_Driver_Lib.a(system_LPC11Uxx.o)
 .ARM.attributes
                0x000000c4       0x31 /home/patrick/school/ddl_3360/workspace/LPC11Uxx_Driver_Lib/Debug/libLPC11Uxx_Driver_Lib.a(timer32.o)
 .ARM.attributes
                0x000000f5       0x31 /usr/local/lpcxpresso_5.2.6_2137/lpcxpresso/tools/bin/../lib/gcc/arm-none-eabi/4.6.2/../../../../arm-none-eabi/lib/armv6-m/libcr_c.a(__weak__main.o)
 .ARM.attributes
                0x00000126       0x21 /usr/local/lpcxpresso_5.2.6_2137/lpcxpresso/tools/bin/../lib/gcc/arm-none-eabi/4.6.2/armv6-m/libcr_eabihelpers.a(division.o)

.debug_frame    0x00000000      0x594
 .debug_frame   0x00000000       0xec ./src/cr_startup_lpc11u.o
 .debug_frame   0x000000ec       0x2c ./src/tmr32test.o
 .debug_frame   0x00000118      0x2a4 /home/patrick/school/ddl_3360/workspace/LPC11Uxx_Driver_Lib/Debug/libLPC11Uxx_Driver_Lib.a(gpio.o)
 .debug_frame   0x000003bc       0x50 /home/patrick/school/ddl_3360/workspace/LPC11Uxx_Driver_Lib/Debug/libLPC11Uxx_Driver_Lib.a(system_LPC11Uxx.o)
 .debug_frame   0x0000040c      0x188 /home/patrick/school/ddl_3360/workspace/LPC11Uxx_Driver_Lib/Debug/libLPC11Uxx_Driver_Lib.a(timer32.o)
