Archive member included because of file (symbol)

/home/patrick/school/ddl_3360/workspace/LPC11Uxx_Driver_Lib/Debug/libLPC11Uxx_Driver_Lib.a(system_LPC11Uxx.o)
                              ./src/usart.o (SystemCoreClock)
/home/patrick/school/ddl_3360/workspace/LPC11Uxx_Driver_Lib/Debug/libLPC11Uxx_Driver_Lib.a(timer32.o)
                              ./src/sci_test_demo.o (delay32Ms)
/usr/local/lpcxpresso_5.2.6_2137/lpcxpresso/tools/bin/../lib/gcc/arm-none-eabi/4.6.2/../../../../arm-none-eabi/lib/armv6-m/libcr_c.a(memcpy.o)
                              ./src/sci_test_demo.o (memcpy)
/usr/local/lpcxpresso_5.2.6_2137/lpcxpresso/tools/bin/../lib/gcc/arm-none-eabi/4.6.2/../../../../arm-none-eabi/lib/armv6-m/libcr_c.a(memset.o)
                              ./src/sci_test_demo.o (memset)
/usr/local/lpcxpresso_5.2.6_2137/lpcxpresso/tools/bin/../lib/gcc/arm-none-eabi/4.6.2/../../../../arm-none-eabi/lib/armv6-m/libcr_c.a(__weak__main.o)
                              ./src/cr_startup_lpc11u.o (__main)
/usr/local/lpcxpresso_5.2.6_2137/lpcxpresso/tools/bin/../lib/gcc/arm-none-eabi/4.6.2/../../../../arm-none-eabi/lib/armv6-m/libcr_c.a(memcmp.o)
                              ./src/sci_test_demo.o (memcmp)
/usr/local/lpcxpresso_5.2.6_2137/lpcxpresso/tools/bin/../lib/gcc/arm-none-eabi/4.6.2/armv6-m/libcr_eabihelpers.a(division.o)
                              ./src/usart.o (__aeabi_uidiv)
/usr/local/lpcxpresso_5.2.6_2137/lpcxpresso/tools/bin/../lib/gcc/arm-none-eabi/4.6.2/armv6-m/libcr_eabihelpers.a(memcpy.o)
                              /usr/local/lpcxpresso_5.2.6_2137/lpcxpresso/tools/bin/../lib/gcc/arm-none-eabi/4.6.2/../../../../arm-none-eabi/lib/armv6-m/libcr_c.a(memcpy.o) (__aeabi_memcpy)

Allocating common symbols
Common symbol       size              file

USARTBuffer         0x40              ./src/usart.o
USARTStatus         0x4               ./src/usart.o

Discarded input sections

 .text          0x00000000        0x0 ./src/cr_startup_lpc11u.o
 .data          0x00000000        0x0 ./src/cr_startup_lpc11u.o
 .bss           0x00000000        0x0 ./src/cr_startup_lpc11u.o
 .text          0x00000000        0x0 ./src/misc_gpio.o
 .data          0x00000000        0x0 ./src/misc_gpio.o
 .bss           0x00000000        0x0 ./src/misc_gpio.o
 .text          0x00000000        0x0 ./src/sci_test_demo.o
 .data          0x00000000        0x0 ./src/sci_test_demo.o
 .bss           0x00000000        0x0 ./src/sci_test_demo.o
 .text          0x00000000        0x0 ./src/usart.o
 .data          0x00000000        0x0 ./src/usart.o
 .bss           0x00000000        0x0 ./src/usart.o
 .text.delay    0x00000000       0x1c ./src/usart.o
 .text.USARTStart
                0x00000000       0xd8 ./src/usart.o
 .text.USARTStop
                0x00000000       0x20 ./src/usart.o
 .text          0x00000000        0x0 /home/patrick/school/ddl_3360/workspace/LPC11Uxx_Driver_Lib/Debug/libLPC11Uxx_Driver_Lib.a(system_LPC11Uxx.o)
 .data          0x00000000        0x0 /home/patrick/school/ddl_3360/workspace/LPC11Uxx_Driver_Lib/Debug/libLPC11Uxx_Driver_Lib.a(system_LPC11Uxx.o)
 .bss           0x00000000        0x0 /home/patrick/school/ddl_3360/workspace/LPC11Uxx_Driver_Lib/Debug/libLPC11Uxx_Driver_Lib.a(system_LPC11Uxx.o)
 .text          0x00000000        0x0 /home/patrick/school/ddl_3360/workspace/LPC11Uxx_Driver_Lib/Debug/libLPC11Uxx_Driver_Lib.a(timer32.o)
 .data          0x00000000        0x0 /home/patrick/school/ddl_3360/workspace/LPC11Uxx_Driver_Lib/Debug/libLPC11Uxx_Driver_Lib.a(timer32.o)
 .bss           0x00000000        0x0 /home/patrick/school/ddl_3360/workspace/LPC11Uxx_Driver_Lib/Debug/libLPC11Uxx_Driver_Lib.a(timer32.o)
 .text.NVIC_EnableIRQ
                0x00000000       0x2c /home/patrick/school/ddl_3360/workspace/LPC11Uxx_Driver_Lib/Debug/libLPC11Uxx_Driver_Lib.a(timer32.o)
 .bss.timer32_0_period
                0x00000000        0x4 /home/patrick/school/ddl_3360/workspace/LPC11Uxx_Driver_Lib/Debug/libLPC11Uxx_Driver_Lib.a(timer32.o)
 .bss.timer32_1_period
                0x00000000        0x4 /home/patrick/school/ddl_3360/workspace/LPC11Uxx_Driver_Lib/Debug/libLPC11Uxx_Driver_Lib.a(timer32.o)
 .text.enable_timer32
                0x00000000       0x30 /home/patrick/school/ddl_3360/workspace/LPC11Uxx_Driver_Lib/Debug/libLPC11Uxx_Driver_Lib.a(timer32.o)
 .text.disable_timer32
                0x00000000       0x30 /home/patrick/school/ddl_3360/workspace/LPC11Uxx_Driver_Lib/Debug/libLPC11Uxx_Driver_Lib.a(timer32.o)
 .text.reset_timer32
                0x00000000       0x4c /home/patrick/school/ddl_3360/workspace/LPC11Uxx_Driver_Lib/Debug/libLPC11Uxx_Driver_Lib.a(timer32.o)
 .text.set_timer32_capture
                0x00000000       0xf8 /home/patrick/school/ddl_3360/workspace/LPC11Uxx_Driver_Lib/Debug/libLPC11Uxx_Driver_Lib.a(timer32.o)
 .text.set_timer32_match
                0x00000000      0x230 /home/patrick/school/ddl_3360/workspace/LPC11Uxx_Driver_Lib/Debug/libLPC11Uxx_Driver_Lib.a(timer32.o)
 .text.init_timer32
                0x00000000      0x114 /home/patrick/school/ddl_3360/workspace/LPC11Uxx_Driver_Lib/Debug/libLPC11Uxx_Driver_Lib.a(timer32.o)
 .text.init_timer32PWM
                0x00000000      0x128 /home/patrick/school/ddl_3360/workspace/LPC11Uxx_Driver_Lib/Debug/libLPC11Uxx_Driver_Lib.a(timer32.o)
 .text.setMatch_timer32PWM
                0x00000000       0xa4 /home/patrick/school/ddl_3360/workspace/LPC11Uxx_Driver_Lib/Debug/libLPC11Uxx_Driver_Lib.a(timer32.o)
 .text          0x00000000        0x0 /usr/local/lpcxpresso_5.2.6_2137/lpcxpresso/tools/bin/../lib/gcc/arm-none-eabi/4.6.2/../../../../arm-none-eabi/lib/armv6-m/libcr_c.a(memcpy.o)
 .data          0x00000000        0x0 /usr/local/lpcxpresso_5.2.6_2137/lpcxpresso/tools/bin/../lib/gcc/arm-none-eabi/4.6.2/../../../../arm-none-eabi/lib/armv6-m/libcr_c.a(memcpy.o)
 .bss           0x00000000        0x0 /usr/local/lpcxpresso_5.2.6_2137/lpcxpresso/tools/bin/../lib/gcc/arm-none-eabi/4.6.2/../../../../arm-none-eabi/lib/armv6-m/libcr_c.a(memcpy.o)
 .text          0x00000000        0x0 /usr/local/lpcxpresso_5.2.6_2137/lpcxpresso/tools/bin/../lib/gcc/arm-none-eabi/4.6.2/../../../../arm-none-eabi/lib/armv6-m/libcr_c.a(memset.o)
 .data          0x00000000        0x0 /usr/local/lpcxpresso_5.2.6_2137/lpcxpresso/tools/bin/../lib/gcc/arm-none-eabi/4.6.2/../../../../arm-none-eabi/lib/armv6-m/libcr_c.a(memset.o)
 .bss           0x00000000        0x0 /usr/local/lpcxpresso_5.2.6_2137/lpcxpresso/tools/bin/../lib/gcc/arm-none-eabi/4.6.2/../../../../arm-none-eabi/lib/armv6-m/libcr_c.a(memset.o)
 .text          0x00000000        0x0 /usr/local/lpcxpresso_5.2.6_2137/lpcxpresso/tools/bin/../lib/gcc/arm-none-eabi/4.6.2/../../../../arm-none-eabi/lib/armv6-m/libcr_c.a(__weak__main.o)
 .data          0x00000000        0x0 /usr/local/lpcxpresso_5.2.6_2137/lpcxpresso/tools/bin/../lib/gcc/arm-none-eabi/4.6.2/../../../../arm-none-eabi/lib/armv6-m/libcr_c.a(__weak__main.o)
 .bss           0x00000000        0x0 /usr/local/lpcxpresso_5.2.6_2137/lpcxpresso/tools/bin/../lib/gcc/arm-none-eabi/4.6.2/../../../../arm-none-eabi/lib/armv6-m/libcr_c.a(__weak__main.o)
 .text          0x00000000        0x0 /usr/local/lpcxpresso_5.2.6_2137/lpcxpresso/tools/bin/../lib/gcc/arm-none-eabi/4.6.2/../../../../arm-none-eabi/lib/armv6-m/libcr_c.a(memcmp.o)
 .data          0x00000000        0x0 /usr/local/lpcxpresso_5.2.6_2137/lpcxpresso/tools/bin/../lib/gcc/arm-none-eabi/4.6.2/../../../../arm-none-eabi/lib/armv6-m/libcr_c.a(memcmp.o)
 .bss           0x00000000        0x0 /usr/local/lpcxpresso_5.2.6_2137/lpcxpresso/tools/bin/../lib/gcc/arm-none-eabi/4.6.2/../../../../arm-none-eabi/lib/armv6-m/libcr_c.a(memcmp.o)
 .text          0x00000000        0x0 /usr/local/lpcxpresso_5.2.6_2137/lpcxpresso/tools/bin/../lib/gcc/arm-none-eabi/4.6.2/armv6-m/libcr_eabihelpers.a(division.o)
 .data          0x00000000        0x0 /usr/local/lpcxpresso_5.2.6_2137/lpcxpresso/tools/bin/../lib/gcc/arm-none-eabi/4.6.2/armv6-m/libcr_eabihelpers.a(division.o)
 .bss           0x00000000        0x0 /usr/local/lpcxpresso_5.2.6_2137/lpcxpresso/tools/bin/../lib/gcc/arm-none-eabi/4.6.2/armv6-m/libcr_eabihelpers.a(division.o)
 .text.__aeabi_division_idivmod
                0x00000000        0x6 /usr/local/lpcxpresso_5.2.6_2137/lpcxpresso/tools/bin/../lib/gcc/arm-none-eabi/4.6.2/armv6-m/libcr_eabihelpers.a(division.o)
 .text.__aeabi_division_uldivmod
                0x00000000       0x5a /usr/local/lpcxpresso_5.2.6_2137/lpcxpresso/tools/bin/../lib/gcc/arm-none-eabi/4.6.2/armv6-m/libcr_eabihelpers.a(division.o)
 .text.__aeabi_division_ldivmod
                0x00000000       0x32 /usr/local/lpcxpresso_5.2.6_2137/lpcxpresso/tools/bin/../lib/gcc/arm-none-eabi/4.6.2/armv6-m/libcr_eabihelpers.a(division.o)
 .text.__aeabi_division_ldiv0
                0x00000000        0x2 /usr/local/lpcxpresso_5.2.6_2137/lpcxpresso/tools/bin/../lib/gcc/arm-none-eabi/4.6.2/armv6-m/libcr_eabihelpers.a(division.o)
 .text.__aeabi_division_idivq31+15
                0x00000000      0x188 /usr/local/lpcxpresso_5.2.6_2137/lpcxpresso/tools/bin/../lib/gcc/arm-none-eabi/4.6.2/armv6-m/libcr_eabihelpers.a(division.o)
 .text          0x00000000        0x0 /usr/local/lpcxpresso_5.2.6_2137/lpcxpresso/tools/bin/../lib/gcc/arm-none-eabi/4.6.2/armv6-m/libcr_eabihelpers.a(memcpy.o)
 .data          0x00000000        0x0 /usr/local/lpcxpresso_5.2.6_2137/lpcxpresso/tools/bin/../lib/gcc/arm-none-eabi/4.6.2/armv6-m/libcr_eabihelpers.a(memcpy.o)
 .bss           0x00000000        0x0 /usr/local/lpcxpresso_5.2.6_2137/lpcxpresso/tools/bin/../lib/gcc/arm-none-eabi/4.6.2/armv6-m/libcr_eabihelpers.a(memcpy.o)
 .text.__aeabi_memmove
                0x00000000       0x1c /usr/local/lpcxpresso_5.2.6_2137/lpcxpresso/tools/bin/../lib/gcc/arm-none-eabi/4.6.2/armv6-m/libcr_eabihelpers.a(memcpy.o)
 .text.__aeabi_memclr
                0x00000000        0x6 /usr/local/lpcxpresso_5.2.6_2137/lpcxpresso/tools/bin/../lib/gcc/arm-none-eabi/4.6.2/armv6-m/libcr_eabihelpers.a(memcpy.o)
 .text.__aeabi_memset
                0x00000000        0x8 /usr/local/lpcxpresso_5.2.6_2137/lpcxpresso/tools/bin/../lib/gcc/arm-none-eabi/4.6.2/armv6-m/libcr_eabihelpers.a(memcpy.o)

Memory Configuration

Name             Origin             Length             Attributes
MFlash32         0x00000000         0x00008000         xr
RamLoc4          0x10000000         0x00001000         xrw
RamUsb2          0x20004000         0x00000800         xrw
*default*        0x00000000         0xffffffff

Linker script and memory map

LOAD ./src/cr_startup_lpc11u.o
LOAD ./src/misc_gpio.o
LOAD ./src/sci_test_demo.o
LOAD ./src/usart.o
LOAD /home/patrick/school/ddl_3360/workspace/LPC11Uxx_Driver_Lib/Debug/libLPC11Uxx_Driver_Lib.a
LOAD /home/patrick/school/ddl_3360/workspace/CMSISv2p00_LPC11Uxx/Debug/libCMSISv2p00_LPC11Uxx.a
START GROUP
LOAD /usr/local/lpcxpresso_5.2.6_2137/lpcxpresso/tools/bin/../lib/gcc/arm-none-eabi/4.6.2/../../../../arm-none-eabi/lib/armv6-m/libcr_c.a
LOAD /usr/local/lpcxpresso_5.2.6_2137/lpcxpresso/tools/bin/../lib/gcc/arm-none-eabi/4.6.2/armv6-m/libcr_eabihelpers.a
END GROUP
                0x00008000                __top_MFlash32 = 0x8000
                0x10001000                __top_RamLoc4 = 0x10001000
                0x20004800                __top_RamUsb2 = 0x20004800

.text           0x00000000     0x116c
 FILL mask 0xff
                0x00000000                __vectors_start__ = ABSOLUTE (.)
 *(.isr_vector)
 .isr_vector    0x00000000       0xc0 ./src/cr_startup_lpc11u.o
                0x00000000                g_pfnVectors
                0x000000c0                . = ALIGN (0x4)
                0x000000c0                __section_table_start = .
                0x000000c0                __data_section_table = .
                0x000000c0        0x4 LONG 0x116c LOADADDR (.data)
                0x000000c4        0x4 LONG 0x10000000 ADDR (.data)
                0x000000c8        0x4 LONG 0x40 SIZEOF (.data)
                0x000000cc        0x4 LONG 0x116c LOADADDR (.data_RAM2)
                0x000000d0        0x4 LONG 0x20004000 ADDR (.data_RAM2)
                0x000000d4        0x4 LONG 0x0 SIZEOF (.data_RAM2)
                0x000000d8                __data_section_table_end = .
                0x000000d8                __bss_section_table = .
                0x000000d8        0x4 LONG 0x10000040 ADDR (.bss)
                0x000000dc        0x4 LONG 0xe8 SIZEOF (.bss)
                0x000000e0        0x4 LONG 0x20004000 ADDR (.bss_RAM2)
                0x000000e4        0x4 LONG 0x0 SIZEOF (.bss_RAM2)
                0x000000e8                __bss_section_table_end = .
                0x000000e8                __section_table_end = .
 *(.after_vectors*)
 .after_vectors
                0x000000e8       0x80 ./src/cr_startup_lpc11u.o
                0x000000e8                NMI_Handler
                0x000000ec                HardFault_Handler
                0x000000f0                SVC_Handler
                0x000000f4                PendSV_Handler
                0x000000f8                SysTick_Handler
                0x000000fc                data_init
                0x0000010e                bss_init
                0x00000120                ResetISR
                0x00000164                TIMER16_0_IRQHandler
                0x00000164                FLEX_INT7_IRQHandler
                0x00000164                FLEX_INT1_IRQHandler
                0x00000164                IntDefaultHandler
                0x00000164                SSP0_IRQHandler
                0x00000164                USBWakeup_IRQHandler
                0x00000164                FLEX_INT0_IRQHandler
                0x00000164                FLEX_INT2_IRQHandler
                0x00000164                TIMER16_1_IRQHandler
                0x00000164                USB_FIQHandler
                0x00000164                FLEX_INT5_IRQHandler
                0x00000164                ADC_IRQHandler
                0x00000164                SSP1_IRQHandler
                0x00000164                FLEX_INT3_IRQHandler
                0x00000164                USB_IRQHandler
                0x00000164                BOD_IRQHandler
                0x00000164                I2C_IRQHandler
                0x00000164                WDT_IRQHandler
                0x00000164                GINT0_IRQHandler
                0x00000164                FLEX_INT4_IRQHandler
                0x00000164                FLEX_INT6_IRQHandler
                0x00000164                FMC_IRQHandler
                0x00000164                GINT1_IRQHandler
 *(.text*)
 .text.MiscGpioInit
                0x00000168       0xc4 ./src/misc_gpio.o
                0x00000168                MiscGpioInit
 .text.USARTClear
                0x0000022c       0x3c ./src/sci_test_demo.o
 .text.USARTIgnore
                0x00000268       0x14 ./src/sci_test_demo.o
 .text.USARTAccept
                0x0000027c       0x14 ./src/sci_test_demo.o
 .text.CardOff  0x00000290       0x18 ./src/sci_test_demo.o
 .text.CardPowerOn
                0x000002a8       0x18 ./src/sci_test_demo.o
 .text.CardDeassertReset
                0x000002c0       0x18 ./src/sci_test_demo.o
 .text.isCardInserted
                0x000002d8       0x24 ./src/sci_test_demo.o
 .text.ShowActivity
                0x000002fc       0x3c ./src/sci_test_demo.o
 .text.CardClockOn
                0x00000338       0x18 ./src/sci_test_demo.o
 .text.CardClockOff
                0x00000350       0x18 ./src/sci_test_demo.o
 .text.TAToBaud
                0x00000368       0x5c ./src/sci_test_demo.o
 .text.wait_for_extraction
                0x000003c4       0x20 ./src/sci_test_demo.o
 .text.main     0x000003e4      0x2e4 ./src/sci_test_demo.o
                0x000003e4                main
 .text.NVIC_EnableIRQ
                0x000006c8       0x2c ./src/usart.o
 .text.NVIC_DisableIRQ
                0x000006f4       0x30 ./src/usart.o
 .text.UART_IRQHandler
                0x00000724      0x184 ./src/usart.o
                0x00000724                UART_IRQHandler
 .text.USARTConfig
                0x000008a8      0x100 ./src/usart.o
                0x000008a8                USARTConfig
 .text.USARTInit
                0x000009a8       0x78 ./src/usart.o
                0x000009a8                USARTInit
 .text.USARTSend
                0x00000a20       0x50 ./src/usart.o
                0x00000a20                USARTSend
 .text.SystemCoreClockUpdate
                0x00000a70      0x1e0 /home/patrick/school/ddl_3360/workspace/LPC11Uxx_Driver_Lib/Debug/libLPC11Uxx_Driver_Lib.a(system_LPC11Uxx.o)
                0x00000a70                SystemCoreClockUpdate
 .text.SystemInit
                0x00000c50      0x160 /home/patrick/school/ddl_3360/workspace/LPC11Uxx_Driver_Lib/Debug/libLPC11Uxx_Driver_Lib.a(system_LPC11Uxx.o)
                0x00000c50                SystemInit
 .text.delay32Ms
                0x00000db0       0xc4 /home/patrick/school/ddl_3360/workspace/LPC11Uxx_Driver_Lib/Debug/libLPC11Uxx_Driver_Lib.a(timer32.o)
                0x00000db0                delay32Ms
 .text.TIMER32_0_IRQHandler
                0x00000e74       0xc0 /home/patrick/school/ddl_3360/workspace/LPC11Uxx_Driver_Lib/Debug/libLPC11Uxx_Driver_Lib.a(timer32.o)
                0x00000e74                TIMER32_0_IRQHandler
 .text.TIMER32_1_IRQHandler
                0x00000f34       0xdc /home/patrick/school/ddl_3360/workspace/LPC11Uxx_Driver_Lib/Debug/libLPC11Uxx_Driver_Lib.a(timer32.o)
                0x00000f34                TIMER32_1_IRQHandler
 .text.memcpy   0x00001010        0x8 /usr/local/lpcxpresso_5.2.6_2137/lpcxpresso/tools/bin/../lib/gcc/arm-none-eabi/4.6.2/../../../../arm-none-eabi/lib/armv6-m/libcr_c.a(memcpy.o)
                0x00001010                memcpy
 .text.memset   0x00001018        0x8 /usr/local/lpcxpresso_5.2.6_2137/lpcxpresso/tools/bin/../lib/gcc/arm-none-eabi/4.6.2/../../../../arm-none-eabi/lib/armv6-m/libcr_c.a(memset.o)
                0x00001018                memset
 .text.__weak_main
                0x00001020        0x8 /usr/local/lpcxpresso_5.2.6_2137/lpcxpresso/tools/bin/../lib/gcc/arm-none-eabi/4.6.2/../../../../arm-none-eabi/lib/armv6-m/libcr_c.a(__weak__main.o)
                0x00001020                __main
                0x00001020                __weak_main
 .text.memcmp   0x00001028       0x38 /usr/local/lpcxpresso_5.2.6_2137/lpcxpresso/tools/bin/../lib/gcc/arm-none-eabi/4.6.2/../../../../arm-none-eabi/lib/armv6-m/libcr_c.a(memcmp.o)
                0x00001028                memcmp
 .text.__aeabi_division_uidivmod
                0x00001060       0x72 /usr/local/lpcxpresso_5.2.6_2137/lpcxpresso/tools/bin/../lib/gcc/arm-none-eabi/4.6.2/armv6-m/libcr_eabihelpers.a(division.o)
                0x00001060                __aeabi_uidiv
                0x00001060                __aeabi_uidivmod
 .text.__aeabi_division_idiv0
                0x000010d2        0x2 /usr/local/lpcxpresso_5.2.6_2137/lpcxpresso/tools/bin/../lib/gcc/arm-none-eabi/4.6.2/armv6-m/libcr_eabihelpers.a(division.o)
                0x000010d2                __aeabi_idiv0
 .text.__aeabi_memcpy
                0x000010d4       0x2c /usr/local/lpcxpresso_5.2.6_2137/lpcxpresso/tools/bin/../lib/gcc/arm-none-eabi/4.6.2/armv6-m/libcr_eabihelpers.a(memcpy.o)
                0x000010d4                __aeabi_memcpy
                0x000010d4                __aeabi_memcpy4
                0x000010d4                __aeabi_memcpy8
 .text.__aeabi_memset_lowlevel
                0x00001100       0x2a /usr/local/lpcxpresso_5.2.6_2137/lpcxpresso/tools/bin/../lib/gcc/arm-none-eabi/4.6.2/armv6-m/libcr_eabihelpers.a(memcpy.o)
                0x00001100                __aeabi_lowlevel_memset
 *(.rodata .rodata.*)
 *fill*         0x0000112a        0x2 00
 .rodata.SystemCoreClockUpdate
                0x0000112c       0x40 /home/patrick/school/ddl_3360/workspace/LPC11Uxx_Driver_Lib/Debug/libLPC11Uxx_Driver_Lib.a(system_LPC11Uxx.o)
                0x0000116c                . = ALIGN (0x4)

.glue_7         0x0000116c        0x0
 .glue_7        0x00000000        0x0 linker stubs

.glue_7t        0x0000116c        0x0
 .glue_7t       0x00000000        0x0 linker stubs

.vfp11_veneer   0x0000116c        0x0
 .vfp11_veneer  0x00000000        0x0 linker stubs

.v4_bx          0x0000116c        0x0
 .v4_bx         0x00000000        0x0 linker stubs

.ARM.extab
 *(.ARM.extab* .gnu.linkonce.armextab.*)
                0x0000116c                __exidx_start = .

.ARM.exidx
 *(.ARM.exidx* .gnu.linkonce.armexidx.*)
                0x0000116c                __exidx_end = .
                0x0000116c                _etext = .

.data_RAM2      0x20004000        0x0 load address 0x0000116c
 FILL mask 0xff
 *(.data.$RAM2*)
 *(.data.$RamUsb2*)
                0x20004000                . = ALIGN (0x4)

.uninit_RESERVED
                0x10000000        0x0
 *(.bss.$RESERVED*)
                0x10000000                . = ALIGN (0x4)
                0x10000000                _end_uninit_RESERVED = .

.data           0x10000000       0x40 load address 0x0000116c
 FILL mask 0xff
                0x10000000                _data = .
 *(vtable)
 *(.data*)
 .data.BaudTable
                0x10000000       0x20 ./src/sci_test_demo.o
 .data.TABaudTable
                0x10000020        0x8 ./src/sci_test_demo.o
 .data.NibbleBitCount
                0x10000028       0x10 ./src/sci_test_demo.o
 .data.USARTTxEmpty
                0x10000038        0x1 ./src/usart.o
                0x10000038                USARTTxEmpty
 *fill*         0x10000039        0x3 00
 .data.SystemCoreClock
                0x1000003c        0x4 /home/patrick/school/ddl_3360/workspace/LPC11Uxx_Driver_Lib/Debug/libLPC11Uxx_Driver_Lib.a(system_LPC11Uxx.o)
                0x1000003c                SystemCoreClock
                0x10000040                . = ALIGN (0x4)
                0x10000040                _edata = .

.bss_RAM2       0x20004000        0x0
 *(.bss.$RAM2*)
 *(.bss.$RamUsb2*)
                0x20004000                . = ALIGN (0x4)

.bss            0x10000040       0xe8
                0x10000040                _bss = .
 *(.bss*)
 .bss.SendBuffer
                0x10000040       0x40 ./src/sci_test_demo.o
 .bss.RNDc      0x10000080        0x8 ./src/sci_test_demo.o
 .bss.USARTDisregard
                0x10000088        0x4 ./src/usart.o
                0x10000088                USARTDisregard
 .bss.USARTCount
                0x1000008c        0x4 ./src/usart.o
                0x1000008c                USARTCount
 .bss.USARTErrorCount
                0x10000090        0x4 ./src/usart.o
                0x10000090                USARTErrorCount
 .bss.USARTOverflow
                0x10000094        0x4 ./src/usart.o
                0x10000094                USARTOverflow
 .bss.USARTRetryError
                0x10000098        0x4 ./src/usart.o
                0x10000098                USARTRetryError
 .bss.USARTIsrCount
                0x1000009c        0x4 ./src/usart.o
                0x1000009c                USARTIsrCount
 .bss.USARTIsrRlsCount
                0x100000a0        0x4 ./src/usart.o
                0x100000a0                USARTIsrRlsCount
 .bss.timer32_0_counter
                0x100000a4       0x10 /home/patrick/school/ddl_3360/workspace/LPC11Uxx_Driver_Lib/Debug/libLPC11Uxx_Driver_Lib.a(timer32.o)
                0x100000a4                timer32_0_counter
 .bss.timer32_1_counter
                0x100000b4       0x10 /home/patrick/school/ddl_3360/workspace/LPC11Uxx_Driver_Lib/Debug/libLPC11Uxx_Driver_Lib.a(timer32.o)
                0x100000b4                timer32_1_counter
 .bss.timer32_0_capture
                0x100000c4       0x10 /home/patrick/school/ddl_3360/workspace/LPC11Uxx_Driver_Lib/Debug/libLPC11Uxx_Driver_Lib.a(timer32.o)
                0x100000c4                timer32_0_capture
 .bss.timer32_1_capture
                0x100000d4       0x10 /home/patrick/school/ddl_3360/workspace/LPC11Uxx_Driver_Lib/Debug/libLPC11Uxx_Driver_Lib.a(timer32.o)
                0x100000d4                timer32_1_capture
 *(COMMON)
 COMMON         0x100000e4       0x44 ./src/usart.o
                0x100000e4                USARTBuffer
                0x10000124                USARTStatus
                0x10000128                . = ALIGN (0x4)
                0x10000128                _ebss = .
                0x10000128                PROVIDE (end, .)

.noinit_RAM2    0x20004000        0x0
 *(.noinit.$RAM2*)
 *(.noinit.$RamUsb2*)
                0x20004000                . = ALIGN (0x4)

.noinit         0x10000128        0x0
                0x10000128                _noinit = .
 *(.noinit*)
                0x10000128                . = ALIGN (0x4)
                0x10000128                _end_noinit = .
                0x10000128                PROVIDE (_pvHeapStart, .)
                0x10001000                PROVIDE (_vStackTop, (__top_RamLoc4 - 0x0))
OUTPUT(smartcard.axf elf32-littlearm)

.debug_info     0x00000000     0x3e1e
 .debug_info    0x00000000      0x296 ./src/cr_startup_lpc11u.o
 .debug_info    0x00000296      0x67f ./src/misc_gpio.o
 .debug_info    0x00000915      0xe08 ./src/sci_test_demo.o
 .debug_info    0x0000171d      0xff5 ./src/usart.o
 .debug_info    0x00002712      0x5d2 /home/patrick/school/ddl_3360/workspace/LPC11Uxx_Driver_Lib/Debug/libLPC11Uxx_Driver_Lib.a(system_LPC11Uxx.o)
 .debug_info    0x00002ce4     0x113a /home/patrick/school/ddl_3360/workspace/LPC11Uxx_Driver_Lib/Debug/libLPC11Uxx_Driver_Lib.a(timer32.o)

.debug_abbrev   0x00000000      0x88f
 .debug_abbrev  0x00000000      0x116 ./src/cr_startup_lpc11u.o
 .debug_abbrev  0x00000116       0xf5 ./src/misc_gpio.o
 .debug_abbrev  0x0000020b      0x1ad ./src/sci_test_demo.o
 .debug_abbrev  0x000003b8      0x1f6 ./src/usart.o
 .debug_abbrev  0x000005ae       0xf9 /home/patrick/school/ddl_3360/workspace/LPC11Uxx_Driver_Lib/Debug/libLPC11Uxx_Driver_Lib.a(system_LPC11Uxx.o)
 .debug_abbrev  0x000006a7      0x1e8 /home/patrick/school/ddl_3360/workspace/LPC11Uxx_Driver_Lib/Debug/libLPC11Uxx_Driver_Lib.a(timer32.o)

.debug_loc      0x00000000      0x9f3
 .debug_loc     0x00000000      0x28f ./src/cr_startup_lpc11u.o
 .debug_loc     0x0000028f       0x2c ./src/misc_gpio.o
 .debug_loc     0x000002bb      0x254 ./src/sci_test_demo.o
 .debug_loc     0x0000050f      0x1ec ./src/usart.o
 .debug_loc     0x000006fb       0x70 /home/patrick/school/ddl_3360/workspace/LPC11Uxx_Driver_Lib/Debug/libLPC11Uxx_Driver_Lib.a(system_LPC11Uxx.o)
 .debug_loc     0x0000076b      0x288 /home/patrick/school/ddl_3360/workspace/LPC11Uxx_Driver_Lib/Debug/libLPC11Uxx_Driver_Lib.a(timer32.o)

.debug_aranges  0x00000000      0x200
 .debug_aranges
                0x00000000       0x60 ./src/cr_startup_lpc11u.o
 .debug_aranges
                0x00000060       0x20 ./src/misc_gpio.o
 .debug_aranges
                0x00000080       0x80 ./src/sci_test_demo.o
 .debug_aranges
                0x00000100       0x60 ./src/usart.o
 .debug_aranges
                0x00000160       0x28 /home/patrick/school/ddl_3360/workspace/LPC11Uxx_Driver_Lib/Debug/libLPC11Uxx_Driver_Lib.a(system_LPC11Uxx.o)
 .debug_aranges
                0x00000188       0x78 /home/patrick/school/ddl_3360/workspace/LPC11Uxx_Driver_Lib/Debug/libLPC11Uxx_Driver_Lib.a(timer32.o)

.debug_ranges   0x00000000      0x1a0
 .debug_ranges  0x00000000       0x50 ./src/cr_startup_lpc11u.o
 .debug_ranges  0x00000050       0x10 ./src/misc_gpio.o
 .debug_ranges  0x00000060       0x70 ./src/sci_test_demo.o
 .debug_ranges  0x000000d0       0x50 ./src/usart.o
 .debug_ranges  0x00000120       0x18 /home/patrick/school/ddl_3360/workspace/LPC11Uxx_Driver_Lib/Debug/libLPC11Uxx_Driver_Lib.a(system_LPC11Uxx.o)
 .debug_ranges  0x00000138       0x68 /home/patrick/school/ddl_3360/workspace/LPC11Uxx_Driver_Lib/Debug/libLPC11Uxx_Driver_Lib.a(timer32.o)

.debug_line     0x00000000     0x1d78
 .debug_line    0x00000000      0x418 ./src/cr_startup_lpc11u.o
 .debug_line    0x00000418      0x427 ./src/misc_gpio.o
 .debug_line    0x0000083f      0x5c7 ./src/sci_test_demo.o
 .debug_line    0x00000e06      0x4fa ./src/usart.o
 .debug_line    0x00001300      0x49c /home/patrick/school/ddl_3360/workspace/LPC11Uxx_Driver_Lib/Debug/libLPC11Uxx_Driver_Lib.a(system_LPC11Uxx.o)
 .debug_line    0x0000179c      0x5dc /home/patrick/school/ddl_3360/workspace/LPC11Uxx_Driver_Lib/Debug/libLPC11Uxx_Driver_Lib.a(timer32.o)

.debug_macinfo  0x00000000    0x1fcec
 .debug_macinfo
                0x00000000     0x522b ./src/cr_startup_lpc11u.o
 .debug_macinfo
                0x0000522b     0x5493 ./src/misc_gpio.o
 .debug_macinfo
                0x0000a6be     0x57b8 ./src/sci_test_demo.o
 .debug_macinfo
                0x0000fe76     0x56a3 ./src/usart.o
 .debug_macinfo
                0x00015519     0x5500 /home/patrick/school/ddl_3360/workspace/LPC11Uxx_Driver_Lib/Debug/libLPC11Uxx_Driver_Lib.a(system_LPC11Uxx.o)
 .debug_macinfo
                0x0001aa19     0x52d3 /home/patrick/school/ddl_3360/workspace/LPC11Uxx_Driver_Lib/Debug/libLPC11Uxx_Driver_Lib.a(timer32.o)

.debug_str      0x00000000      0xe1e
 .debug_str     0x00000000      0x207 ./src/cr_startup_lpc11u.o
                                0x22f (size before relaxing)
 .debug_str     0x00000207      0x277 ./src/misc_gpio.o
                                0x371 (size before relaxing)
 .debug_str     0x0000047e      0x3b8 ./src/sci_test_demo.o
                                0x713 (size before relaxing)
 .debug_str     0x00000836      0x3b3 ./src/usart.o
                                0x9a6 (size before relaxing)
 .debug_str     0x00000be9       0x8a /home/patrick/school/ddl_3360/workspace/LPC11Uxx_Driver_Lib/Debug/libLPC11Uxx_Driver_Lib.a(system_LPC11Uxx.o)
                                0x3c9 (size before relaxing)
 .debug_str     0x00000c73      0x1ab /home/patrick/school/ddl_3360/workspace/LPC11Uxx_Driver_Lib/Debug/libLPC11Uxx_Driver_Lib.a(timer32.o)
                                0x966 (size before relaxing)

.comment        0x00000000       0x70
 .comment       0x00000000       0x70 ./src/cr_startup_lpc11u.o
                                 0x71 (size before relaxing)
 .comment       0x00000000       0x71 ./src/misc_gpio.o
 .comment       0x00000000       0x71 ./src/sci_test_demo.o
 .comment       0x00000000       0x71 ./src/usart.o
 .comment       0x00000000       0x71 /home/patrick/school/ddl_3360/workspace/LPC11Uxx_Driver_Lib/Debug/libLPC11Uxx_Driver_Lib.a(system_LPC11Uxx.o)
 .comment       0x00000000       0x71 /home/patrick/school/ddl_3360/workspace/LPC11Uxx_Driver_Lib/Debug/libLPC11Uxx_Driver_Lib.a(timer32.o)
 .comment       0x00000000       0x71 /usr/local/lpcxpresso_5.2.6_2137/lpcxpresso/tools/bin/../lib/gcc/arm-none-eabi/4.6.2/../../../../arm-none-eabi/lib/armv6-m/libcr_c.a(memcpy.o)
 .comment       0x00000000       0x71 /usr/local/lpcxpresso_5.2.6_2137/lpcxpresso/tools/bin/../lib/gcc/arm-none-eabi/4.6.2/../../../../arm-none-eabi/lib/armv6-m/libcr_c.a(memset.o)
 .comment       0x00000000       0x71 /usr/local/lpcxpresso_5.2.6_2137/lpcxpresso/tools/bin/../lib/gcc/arm-none-eabi/4.6.2/../../../../arm-none-eabi/lib/armv6-m/libcr_c.a(__weak__main.o)
 .comment       0x00000000       0x71 /usr/local/lpcxpresso_5.2.6_2137/lpcxpresso/tools/bin/../lib/gcc/arm-none-eabi/4.6.2/../../../../arm-none-eabi/lib/armv6-m/libcr_c.a(memcmp.o)

.ARM.attributes
                0x00000000       0x2f
 .ARM.attributes
                0x00000000       0x31 ./src/cr_startup_lpc11u.o
 .ARM.attributes
                0x00000031       0x31 ./src/misc_gpio.o
 .ARM.attributes
                0x00000062       0x31 ./src/sci_test_demo.o
 .ARM.attributes
                0x00000093       0x31 ./src/usart.o
 .ARM.attributes
                0x000000c4       0x31 /home/patrick/school/ddl_3360/workspace/LPC11Uxx_Driver_Lib/Debug/libLPC11Uxx_Driver_Lib.a(system_LPC11Uxx.o)
 .ARM.attributes
                0x000000f5       0x31 /home/patrick/school/ddl_3360/workspace/LPC11Uxx_Driver_Lib/Debug/libLPC11Uxx_Driver_Lib.a(timer32.o)
 .ARM.attributes
                0x00000126       0x31 /usr/local/lpcxpresso_5.2.6_2137/lpcxpresso/tools/bin/../lib/gcc/arm-none-eabi/4.6.2/../../../../arm-none-eabi/lib/armv6-m/libcr_c.a(memcpy.o)
 .ARM.attributes
                0x00000157       0x31 /usr/local/lpcxpresso_5.2.6_2137/lpcxpresso/tools/bin/../lib/gcc/arm-none-eabi/4.6.2/../../../../arm-none-eabi/lib/armv6-m/libcr_c.a(memset.o)
 .ARM.attributes
                0x00000188       0x31 /usr/local/lpcxpresso_5.2.6_2137/lpcxpresso/tools/bin/../lib/gcc/arm-none-eabi/4.6.2/../../../../arm-none-eabi/lib/armv6-m/libcr_c.a(__weak__main.o)
 .ARM.attributes
                0x000001b9       0x31 /usr/local/lpcxpresso_5.2.6_2137/lpcxpresso/tools/bin/../lib/gcc/arm-none-eabi/4.6.2/../../../../arm-none-eabi/lib/armv6-m/libcr_c.a(memcmp.o)
 .ARM.attributes
                0x000001ea       0x21 /usr/local/lpcxpresso_5.2.6_2137/lpcxpresso/tools/bin/../lib/gcc/arm-none-eabi/4.6.2/armv6-m/libcr_eabihelpers.a(division.o)
 .ARM.attributes
                0x0000020b       0x21 /usr/local/lpcxpresso_5.2.6_2137/lpcxpresso/tools/bin/../lib/gcc/arm-none-eabi/4.6.2/armv6-m/libcr_eabihelpers.a(memcpy.o)

.debug_frame    0x00000000      0x5a0
 .debug_frame   0x00000000       0xec ./src/cr_startup_lpc11u.o
 .debug_frame   0x000000ec       0x2c ./src/misc_gpio.o
 .debug_frame   0x00000118      0x184 ./src/sci_test_demo.o
 .debug_frame   0x0000029c      0x12c ./src/usart.o
 .debug_frame   0x000003c8       0x50 /home/patrick/school/ddl_3360/workspace/LPC11Uxx_Driver_Lib/Debug/libLPC11Uxx_Driver_Lib.a(system_LPC11Uxx.o)
 .debug_frame   0x00000418      0x188 /home/patrick/school/ddl_3360/workspace/LPC11Uxx_Driver_Lib/Debug/libLPC11Uxx_Driver_Lib.a(timer32.o)
