Archive member included because of file (symbol)

/home/patrick/school/ddl_3360/workspace/LPC11Uxx_Driver_Lib/Debug/libLPC11Uxx_Driver_Lib.a(system_LPC11Uxx.o)
                              ./src/i2cslvtst.o (SystemCoreClockUpdate)
/usr/local/lpcxpresso_5.2.6_2137/lpcxpresso/tools/bin/../lib/gcc/arm-none-eabi/4.6.2/../../../../arm-none-eabi/lib/armv6-m/libcr_c.a(__weak__main.o)
                              ./src/cr_startup_lpc11u.o (__main)
/usr/local/lpcxpresso_5.2.6_2137/lpcxpresso/tools/bin/../lib/gcc/arm-none-eabi/4.6.2/armv6-m/libcr_eabihelpers.a(division.o)
                              /home/patrick/school/ddl_3360/workspace/LPC11Uxx_Driver_Lib/Debug/libLPC11Uxx_Driver_Lib.a(system_LPC11Uxx.o) (__aeabi_uidiv)

Allocating common symbols
Common symbol       size              file

I2CReadLength       0x4               ./src/i2cslave.o
I2CWrBuffer         0x6               ./src/i2cslave.o
I2CMode             0x4               ./src/i2cslave.o
I2CWriteLength      0x4               ./src/i2cslave.o
I2CRdBuffer         0x6               ./src/i2cslave.o

Discarded input sections

 .text          0x00000000        0x0 ./src/cr_startup_lpc11u.o
 .data          0x00000000        0x0 ./src/cr_startup_lpc11u.o
 .bss           0x00000000        0x0 ./src/cr_startup_lpc11u.o
 .text          0x00000000        0x0 ./src/i2cslave.o
 .data          0x00000000        0x0 ./src/i2cslave.o
 .bss           0x00000000        0x0 ./src/i2cslave.o
 .bss.I2CMasterState
                0x00000000        0x4 ./src/i2cslave.o
 .text          0x00000000        0x0 ./src/i2cslvtst.o
 .data          0x00000000        0x0 ./src/i2cslvtst.o
 .bss           0x00000000        0x0 ./src/i2cslvtst.o
 .text          0x00000000        0x0 /home/patrick/school/ddl_3360/workspace/LPC11Uxx_Driver_Lib/Debug/libLPC11Uxx_Driver_Lib.a(system_LPC11Uxx.o)
 .data          0x00000000        0x0 /home/patrick/school/ddl_3360/workspace/LPC11Uxx_Driver_Lib/Debug/libLPC11Uxx_Driver_Lib.a(system_LPC11Uxx.o)
 .bss           0x00000000        0x0 /home/patrick/school/ddl_3360/workspace/LPC11Uxx_Driver_Lib/Debug/libLPC11Uxx_Driver_Lib.a(system_LPC11Uxx.o)
 .text          0x00000000        0x0 /usr/local/lpcxpresso_5.2.6_2137/lpcxpresso/tools/bin/../lib/gcc/arm-none-eabi/4.6.2/../../../../arm-none-eabi/lib/armv6-m/libcr_c.a(__weak__main.o)
 .data          0x00000000        0x0 /usr/local/lpcxpresso_5.2.6_2137/lpcxpresso/tools/bin/../lib/gcc/arm-none-eabi/4.6.2/../../../../arm-none-eabi/lib/armv6-m/libcr_c.a(__weak__main.o)
 .bss           0x00000000        0x0 /usr/local/lpcxpresso_5.2.6_2137/lpcxpresso/tools/bin/../lib/gcc/arm-none-eabi/4.6.2/../../../../arm-none-eabi/lib/armv6-m/libcr_c.a(__weak__main.o)
 .text          0x00000000        0x0 /usr/local/lpcxpresso_5.2.6_2137/lpcxpresso/tools/bin/../lib/gcc/arm-none-eabi/4.6.2/armv6-m/libcr_eabihelpers.a(division.o)
 .data          0x00000000        0x0 /usr/local/lpcxpresso_5.2.6_2137/lpcxpresso/tools/bin/../lib/gcc/arm-none-eabi/4.6.2/armv6-m/libcr_eabihelpers.a(division.o)
 .bss           0x00000000        0x0 /usr/local/lpcxpresso_5.2.6_2137/lpcxpresso/tools/bin/../lib/gcc/arm-none-eabi/4.6.2/armv6-m/libcr_eabihelpers.a(division.o)
 .text.__aeabi_division_idivmod
                0x00000000        0x6 /usr/local/lpcxpresso_5.2.6_2137/lpcxpresso/tools/bin/../lib/gcc/arm-none-eabi/4.6.2/armv6-m/libcr_eabihelpers.a(division.o)
 .text.__aeabi_division_uldivmod
                0x00000000       0x5a /usr/local/lpcxpresso_5.2.6_2137/lpcxpresso/tools/bin/../lib/gcc/arm-none-eabi/4.6.2/armv6-m/libcr_eabihelpers.a(division.o)
 .text.__aeabi_division_ldivmod
                0x00000000       0x32 /usr/local/lpcxpresso_5.2.6_2137/lpcxpresso/tools/bin/../lib/gcc/arm-none-eabi/4.6.2/armv6-m/libcr_eabihelpers.a(division.o)
 .text.__aeabi_division_ldiv0
                0x00000000        0x2 /usr/local/lpcxpresso_5.2.6_2137/lpcxpresso/tools/bin/../lib/gcc/arm-none-eabi/4.6.2/armv6-m/libcr_eabihelpers.a(division.o)
 .text.__aeabi_division_idivq31+15
                0x00000000      0x188 /usr/local/lpcxpresso_5.2.6_2137/lpcxpresso/tools/bin/../lib/gcc/arm-none-eabi/4.6.2/armv6-m/libcr_eabihelpers.a(division.o)

Memory Configuration

Name             Origin             Length             Attributes
MFlash32         0x00000000         0x00008000         xr
RamLoc4          0x10000000         0x00001000         xrw
RamUsb2          0x20004000         0x00000800         xrw
*default*        0x00000000         0xffffffff

Linker script and memory map

LOAD ./src/cr_startup_lpc11u.o
LOAD ./src/i2cslave.o
LOAD ./src/i2cslvtst.o
LOAD /home/patrick/school/ddl_3360/workspace/LPC11Uxx_Driver_Lib/Debug/libLPC11Uxx_Driver_Lib.a
LOAD /home/patrick/school/ddl_3360/workspace/CMSISv2p00_LPC11Uxx/Debug/libCMSISv2p00_LPC11Uxx.a
START GROUP
LOAD /usr/local/lpcxpresso_5.2.6_2137/lpcxpresso/tools/bin/../lib/gcc/arm-none-eabi/4.6.2/../../../../arm-none-eabi/lib/armv6-m/libcr_c.a
LOAD /usr/local/lpcxpresso_5.2.6_2137/lpcxpresso/tools/bin/../lib/gcc/arm-none-eabi/4.6.2/armv6-m/libcr_eabihelpers.a
END GROUP
                0x00008000                __top_MFlash32 = 0x8000
                0x10001000                __top_RamLoc4 = 0x10001000
                0x20004800                __top_RamUsb2 = 0x20004800

.text           0x00000000      0x808
 FILL mask 0xff
                0x00000000                __vectors_start__ = ABSOLUTE (.)
 *(.isr_vector)
 .isr_vector    0x00000000       0xc0 ./src/cr_startup_lpc11u.o
                0x00000000                g_pfnVectors
                0x000000c0                . = ALIGN (0x4)
                0x000000c0                __section_table_start = .
                0x000000c0                __data_section_table = .
                0x000000c0        0x4 LONG 0x808 LOADADDR (.data)
                0x000000c4        0x4 LONG 0x10000000 ADDR (.data)
                0x000000c8        0x4 LONG 0x4 SIZEOF (.data)
                0x000000cc        0x4 LONG 0x808 LOADADDR (.data_RAM2)
                0x000000d0        0x4 LONG 0x20004000 ADDR (.data_RAM2)
                0x000000d4        0x4 LONG 0x0 SIZEOF (.data_RAM2)
                0x000000d8                __data_section_table_end = .
                0x000000d8                __bss_section_table = .
                0x000000d8        0x4 LONG 0x10000004 ADDR (.bss)
                0x000000dc        0x4 LONG 0x28 SIZEOF (.bss)
                0x000000e0        0x4 LONG 0x20004000 ADDR (.bss_RAM2)
                0x000000e4        0x4 LONG 0x0 SIZEOF (.bss_RAM2)
                0x000000e8                __bss_section_table_end = .
                0x000000e8                __section_table_end = .
 *(.after_vectors*)
 .after_vectors
                0x000000e8       0x80 ./src/cr_startup_lpc11u.o
                0x000000e8                NMI_Handler
                0x000000ec                HardFault_Handler
                0x000000f0                SVC_Handler
                0x000000f4                PendSV_Handler
                0x000000f8                SysTick_Handler
                0x000000fc                data_init
                0x0000010e                bss_init
                0x00000120                ResetISR
                0x00000164                TIMER16_0_IRQHandler
                0x00000164                UART_IRQHandler
                0x00000164                TIMER32_0_IRQHandler
                0x00000164                FLEX_INT7_IRQHandler
                0x00000164                TIMER32_1_IRQHandler
                0x00000164                FLEX_INT1_IRQHandler
                0x00000164                IntDefaultHandler
                0x00000164                SSP0_IRQHandler
                0x00000164                USBWakeup_IRQHandler
                0x00000164                FLEX_INT0_IRQHandler
                0x00000164                FLEX_INT2_IRQHandler
                0x00000164                TIMER16_1_IRQHandler
                0x00000164                USB_FIQHandler
                0x00000164                FLEX_INT5_IRQHandler
                0x00000164                ADC_IRQHandler
                0x00000164                SSP1_IRQHandler
                0x00000164                FLEX_INT3_IRQHandler
                0x00000164                USB_IRQHandler
                0x00000164                BOD_IRQHandler
                0x00000164                WDT_IRQHandler
                0x00000164                GINT0_IRQHandler
                0x00000164                FLEX_INT4_IRQHandler
                0x00000164                FLEX_INT6_IRQHandler
                0x00000164                FMC_IRQHandler
                0x00000164                GINT1_IRQHandler
 *(.text*)
 .text.NVIC_EnableIRQ
                0x00000168       0x2c ./src/i2cslave.o
 .text.I2C_IRQHandler
                0x00000194      0x180 ./src/i2cslave.o
                0x00000194                I2C_IRQHandler
 .text.I2CSlaveInit
                0x00000314       0xb0 ./src/i2cslave.o
                0x00000314                I2CSlaveInit
 .text.main     0x000003c4       0x48 ./src/i2cslvtst.o
                0x000003c4                main
 .text.SystemCoreClockUpdate
                0x0000040c      0x1e0 /home/patrick/school/ddl_3360/workspace/LPC11Uxx_Driver_Lib/Debug/libLPC11Uxx_Driver_Lib.a(system_LPC11Uxx.o)
                0x0000040c                SystemCoreClockUpdate
 .text.SystemInit
                0x000005ec      0x160 /home/patrick/school/ddl_3360/workspace/LPC11Uxx_Driver_Lib/Debug/libLPC11Uxx_Driver_Lib.a(system_LPC11Uxx.o)
                0x000005ec                SystemInit
 .text.__weak_main
                0x0000074c        0x8 /usr/local/lpcxpresso_5.2.6_2137/lpcxpresso/tools/bin/../lib/gcc/arm-none-eabi/4.6.2/../../../../arm-none-eabi/lib/armv6-m/libcr_c.a(__weak__main.o)
                0x0000074c                __main
                0x0000074c                __weak_main
 .text.__aeabi_division_uidivmod
                0x00000754       0x72 /usr/local/lpcxpresso_5.2.6_2137/lpcxpresso/tools/bin/../lib/gcc/arm-none-eabi/4.6.2/armv6-m/libcr_eabihelpers.a(division.o)
                0x00000754                __aeabi_uidiv
                0x00000754                __aeabi_uidivmod
 .text.__aeabi_division_idiv0
                0x000007c6        0x2 /usr/local/lpcxpresso_5.2.6_2137/lpcxpresso/tools/bin/../lib/gcc/arm-none-eabi/4.6.2/armv6-m/libcr_eabihelpers.a(division.o)
                0x000007c6                __aeabi_idiv0
 *(.rodata .rodata.*)
 .rodata.SystemCoreClockUpdate
                0x000007c8       0x40 /home/patrick/school/ddl_3360/workspace/LPC11Uxx_Driver_Lib/Debug/libLPC11Uxx_Driver_Lib.a(system_LPC11Uxx.o)
                0x00000808                . = ALIGN (0x4)

.glue_7         0x00000808        0x0
 .glue_7        0x00000000        0x0 linker stubs

.glue_7t        0x00000808        0x0
 .glue_7t       0x00000000        0x0 linker stubs

.vfp11_veneer   0x00000808        0x0
 .vfp11_veneer  0x00000000        0x0 linker stubs

.v4_bx          0x00000808        0x0
 .v4_bx         0x00000000        0x0 linker stubs

.ARM.extab
 *(.ARM.extab* .gnu.linkonce.armextab.*)
                0x00000808                __exidx_start = .

.ARM.exidx
 *(.ARM.exidx* .gnu.linkonce.armexidx.*)
                0x00000808                __exidx_end = .
                0x00000808                _etext = .

.data_RAM2      0x20004000        0x0 load address 0x00000808
 FILL mask 0xff
 *(.data.$RAM2*)
 *(.data.$RamUsb2*)
                0x20004000                . = ALIGN (0x4)

.uninit_RESERVED
                0x10000000        0x0
 *(.bss.$RESERVED*)
                0x10000000                . = ALIGN (0x4)
                0x10000000                _end_uninit_RESERVED = .

.data           0x10000000        0x4 load address 0x00000808
 FILL mask 0xff
                0x10000000                _data = .
 *(vtable)
 *(.data*)
 .data.SystemCoreClock
                0x10000000        0x4 /home/patrick/school/ddl_3360/workspace/LPC11Uxx_Driver_Lib/Debug/libLPC11Uxx_Driver_Lib.a(system_LPC11Uxx.o)
                0x10000000                SystemCoreClock
                0x10000004                . = ALIGN (0x4)
                0x10000004                _edata = .

.bss_RAM2       0x20004000        0x0
 *(.bss.$RAM2*)
 *(.bss.$RamUsb2*)
                0x20004000                . = ALIGN (0x4)

.bss            0x10000004       0x28
                0x10000004                _bss = .
 *(.bss*)
 .bss.I2CSlaveState
                0x10000004        0x4 ./src/i2cslave.o
                0x10000004                I2CSlaveState
 .bss.RdIndex   0x10000008        0x4 ./src/i2cslave.o
                0x10000008                RdIndex
 .bss.WrIndex   0x1000000c        0x4 ./src/i2cslave.o
                0x1000000c                WrIndex
 *(COMMON)
 COMMON         0x10000010       0x1a ./src/i2cslave.o
                0x10000010                I2CReadLength
                0x10000014                I2CWrBuffer
                0x1000001c                I2CMode
                0x10000020                I2CWriteLength
                0x10000024                I2CRdBuffer
                0x1000002c                . = ALIGN (0x4)
 *fill*         0x1000002a        0x2 00
                0x1000002c                _ebss = .
                0x1000002c                PROVIDE (end, .)

.noinit_RAM2    0x20004000        0x0
 *(.noinit.$RAM2*)
 *(.noinit.$RamUsb2*)
                0x20004000                . = ALIGN (0x4)

.noinit         0x1000002c        0x0
                0x1000002c                _noinit = .
 *(.noinit*)
                0x1000002c                . = ALIGN (0x4)
                0x1000002c                _end_noinit = .
                0x1000002c                PROVIDE (_pvHeapStart, .)
                0x10001000                PROVIDE (_vStackTop, (__top_RamLoc4 - 0x0))
OUTPUT(i2cslave.axf elf32-littlearm)

.debug_info     0x00000000     0x1694
 .debug_info    0x00000000      0x296 ./src/cr_startup_lpc11u.o
 .debug_info    0x00000296      0xd25 ./src/i2cslave.o
 .debug_info    0x00000fbb      0x107 ./src/i2cslvtst.o
 .debug_info    0x000010c2      0x5d2 /home/patrick/school/ddl_3360/workspace/LPC11Uxx_Driver_Lib/Debug/libLPC11Uxx_Driver_Lib.a(system_LPC11Uxx.o)

.debug_abbrev   0x00000000      0x426
 .debug_abbrev  0x00000000      0x116 ./src/cr_startup_lpc11u.o
 .debug_abbrev  0x00000116      0x18a ./src/i2cslave.o
 .debug_abbrev  0x000002a0       0x8d ./src/i2cslvtst.o
 .debug_abbrev  0x0000032d       0xf9 /home/patrick/school/ddl_3360/workspace/LPC11Uxx_Driver_Lib/Debug/libLPC11Uxx_Driver_Lib.a(system_LPC11Uxx.o)

.debug_loc      0x00000000      0x3d3
 .debug_loc     0x00000000      0x28f ./src/cr_startup_lpc11u.o
 .debug_loc     0x0000028f       0x9c ./src/i2cslave.o
 .debug_loc     0x0000032b       0x38 ./src/i2cslvtst.o
 .debug_loc     0x00000363       0x70 /home/patrick/school/ddl_3360/workspace/LPC11Uxx_Driver_Lib/Debug/libLPC11Uxx_Driver_Lib.a(system_LPC11Uxx.o)

.debug_aranges  0x00000000       0xd8
 .debug_aranges
                0x00000000       0x60 ./src/cr_startup_lpc11u.o
 .debug_aranges
                0x00000060       0x30 ./src/i2cslave.o
 .debug_aranges
                0x00000090       0x20 ./src/i2cslvtst.o
 .debug_aranges
                0x000000b0       0x28 /home/patrick/school/ddl_3360/workspace/LPC11Uxx_Driver_Lib/Debug/libLPC11Uxx_Driver_Lib.a(system_LPC11Uxx.o)

.debug_ranges   0x00000000       0x98
 .debug_ranges  0x00000000       0x50 ./src/cr_startup_lpc11u.o
 .debug_ranges  0x00000050       0x20 ./src/i2cslave.o
 .debug_ranges  0x00000070       0x10 ./src/i2cslvtst.o
 .debug_ranges  0x00000080       0x18 /home/patrick/school/ddl_3360/workspace/LPC11Uxx_Driver_Lib/Debug/libLPC11Uxx_Driver_Lib.a(system_LPC11Uxx.o)

.debug_line     0x00000000     0x114a
 .debug_line    0x00000000      0x418 ./src/cr_startup_lpc11u.o
 .debug_line    0x00000418      0x46b ./src/i2cslave.o
 .debug_line    0x00000883      0x42b ./src/i2cslvtst.o
 .debug_line    0x00000cae      0x49c /home/patrick/school/ddl_3360/workspace/LPC11Uxx_Driver_Lib/Debug/libLPC11Uxx_Driver_Lib.a(system_LPC11Uxx.o)

.debug_macinfo  0x00000000    0x15029
 .debug_macinfo
                0x00000000     0x522b ./src/cr_startup_lpc11u.o
 .debug_macinfo
                0x0000522b     0x547f ./src/i2cslave.o
 .debug_macinfo
                0x0000a6aa     0x547f ./src/i2cslvtst.o
 .debug_macinfo
                0x0000fb29     0x5500 /home/patrick/school/ddl_3360/workspace/LPC11Uxx_Driver_Lib/Debug/libLPC11Uxx_Driver_Lib.a(system_LPC11Uxx.o)

.debug_str      0x00000000      0xa5e
 .debug_str     0x00000000      0x206 ./src/cr_startup_lpc11u.o
                                0x22e (size before relaxing)
 .debug_str     0x00000206      0x7a6 ./src/i2cslave.o
                                0x8a9 (size before relaxing)
 .debug_str     0x000009ac       0x18 ./src/i2cslvtst.o
                                0x13c (size before relaxing)
 .debug_str     0x000009c4       0x9a /home/patrick/school/ddl_3360/workspace/LPC11Uxx_Driver_Lib/Debug/libLPC11Uxx_Driver_Lib.a(system_LPC11Uxx.o)
                                0x3c9 (size before relaxing)

.comment        0x00000000       0x70
 .comment       0x00000000       0x70 ./src/cr_startup_lpc11u.o
                                 0x71 (size before relaxing)
 .comment       0x00000000       0x71 ./src/i2cslave.o
 .comment       0x00000000       0x71 ./src/i2cslvtst.o
 .comment       0x00000000       0x71 /home/patrick/school/ddl_3360/workspace/LPC11Uxx_Driver_Lib/Debug/libLPC11Uxx_Driver_Lib.a(system_LPC11Uxx.o)
 .comment       0x00000000       0x71 /usr/local/lpcxpresso_5.2.6_2137/lpcxpresso/tools/bin/../lib/gcc/arm-none-eabi/4.6.2/../../../../arm-none-eabi/lib/armv6-m/libcr_c.a(__weak__main.o)

.ARM.attributes
                0x00000000       0x2f
 .ARM.attributes
                0x00000000       0x31 ./src/cr_startup_lpc11u.o
 .ARM.attributes
                0x00000031       0x31 ./src/i2cslave.o
 .ARM.attributes
                0x00000062       0x31 ./src/i2cslvtst.o
 .ARM.attributes
                0x00000093       0x31 /home/patrick/school/ddl_3360/workspace/LPC11Uxx_Driver_Lib/Debug/libLPC11Uxx_Driver_Lib.a(system_LPC11Uxx.o)
 .ARM.attributes
                0x000000c4       0x31 /usr/local/lpcxpresso_5.2.6_2137/lpcxpresso/tools/bin/../lib/gcc/arm-none-eabi/4.6.2/../../../../arm-none-eabi/lib/armv6-m/libcr_c.a(__weak__main.o)
 .ARM.attributes
                0x000000f5       0x21 /usr/local/lpcxpresso_5.2.6_2137/lpcxpresso/tools/bin/../lib/gcc/arm-none-eabi/4.6.2/armv6-m/libcr_eabihelpers.a(division.o)

.debug_frame    0x00000000      0x1d8
 .debug_frame   0x00000000       0xec ./src/cr_startup_lpc11u.o
 .debug_frame   0x000000ec       0x6c ./src/i2cslave.o
 .debug_frame   0x00000158       0x30 ./src/i2cslvtst.o
 .debug_frame   0x00000188       0x50 /home/patrick/school/ddl_3360/workspace/LPC11Uxx_Driver_Lib/Debug/libLPC11Uxx_Driver_Lib.a(system_LPC11Uxx.o)
