13:30:18 **** Clean-only build of configuration Debug for project CMSISv2p00_LPC11Uxx ****
make clean 
rm -rf  ./src/core_cm0.o ./src/system_LPC11Uxx.o  ./src/core_cm0.d ./src/system_LPC11Uxx.d  libCMSISv2p00_LPC11Uxx.a
 
13:30:18 **** Build of configuration Debug for project CMSISv2p00_LPC11Uxx ****
make all 
Building file: ../src/core_cm0.c
Invoking: MCU C Compiler
arm-none-eabi-gcc -D__REDLIB__ -DDEBUG -D__CODE_RED -I../inc -O0 -Os -g3 -Wall -c -fmessage-length=0 -fno-builtin -ffunction-sections -fdata-sections -mcpu=cortex-m0 -mthumb -MMD -MP -MF"src/core_cm0.d" -MT"src/core_cm0.d" -o"src/core_cm0.o" "../src/core_cm0.c"
Finished building: ../src/core_cm0.c
 
Building file: ../src/system_LPC11Uxx.c
Invoking: MCU C Compiler
arm-none-eabi-gcc -D__REDLIB__ -DDEBUG -D__CODE_RED -I../inc -O0 -Os -g3 -Wall -c -fmessage-length=0 -fno-builtin -ffunction-sections -fdata-sections -mcpu=cortex-m0 -mthumb -MMD -MP -MF"src/system_LPC11Uxx.d" -MT"src/system_LPC11Uxx.d" -o"src/system_LPC11Uxx.o" "../src/system_LPC11Uxx.c"
Finished building: ../src/system_LPC11Uxx.c
 
Building target: libCMSISv2p00_LPC11Uxx.a
Invoking: MCU Archiver
arm-none-eabi-ar -r "libCMSISv2p00_LPC11Uxx.a"  ./src/core_cm0.o ./src/system_LPC11Uxx.o   
c:\nxp\LPCXpresso_5.2.6_2137\lpcxpresso\tools\bin\arm-none-eabi-ar.exe: creating libCMSISv2p00_LPC11Uxx.a
Finished building target: libCMSISv2p00_LPC11Uxx.a
 
make --no-print-directory post-build
Performing post-build steps
arm-none-eabi-size libCMSISv2p00_LPC11Uxx.a ; # arm-none-eabi-objdump -h -S libCMSISv2p00_LPC11Uxx.a >libCMSISv2p00_LPC11Uxx.lss
   text	   data	    bss	    dec	    hex	filename
      0	      0	      0	      0	      0	core_cm0.o (ex libCMSISv2p00_LPC11Uxx.a)
    428	      4	      0	    432	    1b0	system_LPC11Uxx.o (ex libCMSISv2p00_LPC11Uxx.a)
 
13:30:19 **** Build of configuration Debug for project 3lab_ADC ****
make all 
Building file: ../src/aeabi_romdiv_patch.s
Invoking: MCU Assembler
arm-none-eabi-gcc -c -x assembler-with-cpp -D__REDLIB__ -DDEBUG -D__CODE_RED -g3 -mcpu=cortex-m0 -mthumb -o "src/aeabi_romdiv_patch.o" "../src/aeabi_romdiv_patch.s"
Finished building: ../src/aeabi_romdiv_patch.s
 
Building file: ../src/cr_startup_lpc11u.c
Invoking: MCU C Compiler
arm-none-eabi-gcc -D__REDLIB__ -DDEBUG -D__CODE_RED -D__USE_CMSIS=CMSISv2p00_LPC11Uxx -I"C:\Users\paha5124\school\3360\workspace\CMSISv2p00_LPC11Uxx\inc" -Os -g3 -Wall -c -fmessage-length=0 -fno-builtin -ffunction-sections -fdata-sections -mcpu=cortex-m0 -mthumb -MMD -MP -MF"src/cr_startup_lpc11u.d" -MT"src/cr_startup_lpc11u.d" -o "src/cr_startup_lpc11u.o" "../src/cr_startup_lpc11u.c"
Finished building: ../src/cr_startup_lpc11u.c
 
Building file: ../src/crp.c
Invoking: MCU C Compiler
arm-none-eabi-gcc -D__REDLIB__ -DDEBUG -D__CODE_RED -D__USE_CMSIS=CMSISv2p00_LPC11Uxx -I"C:\Users\paha5124\school\3360\workspace\CMSISv2p00_LPC11Uxx\inc" -O0 -g3 -Wall -c -fmessage-length=0 -fno-builtin -ffunction-sections -fdata-sections -mcpu=cortex-m0 -mthumb -MMD -MP -MF"src/crp.d" -MT"src/crp.d" -o "src/crp.o" "../src/crp.c"
Finished building: ../src/crp.c
 
Building file: ../src/main.c
Invoking: MCU C Compiler
arm-none-eabi-gcc -D__REDLIB__ -DDEBUG -D__CODE_RED -D__USE_CMSIS=CMSISv2p00_LPC11Uxx -I"C:\Users\paha5124\school\3360\workspace\CMSISv2p00_LPC11Uxx\inc" -O0 -g3 -Wall -c -fmessage-length=0 -fno-builtin -ffunction-sections -fdata-sections -mcpu=cortex-m0 -mthumb -MMD -MP -MF"src/main.d" -MT"src/main.d" -o "src/main.o" "../src/main.c"
Finished building: ../src/main.c
 
Building target: 3lab_ADC.axf
Invoking: MCU Linker
arm-none-eabi-gcc -nostdlib -L"C:\Users\paha5124\school\3360\workspace\CMSISv2p00_LPC11Uxx\Debug" -Xlinker -Map="3lab_ADC.map" -Xlinker --gc-sections -mcpu=cortex-m0 -mthumb -T "3lab_ADC_Debug.ld" -o "3lab_ADC.axf"  ./src/aeabi_romdiv_patch.o ./src/cr_startup_lpc11u.o ./src/crp.o ./src/main.o   -lCMSISv2p00_LPC11Uxx
Finished building target: 3lab_ADC.axf
 
make --no-print-directory post-build
Performing post-build steps
arm-none-eabi-size "3lab_ADC.axf"; # arm-none-eabi-objcopy -O binary "3lab_ADC.axf" "3lab_ADC.bin" ; checksum -p LPC11U14_201 -d "3lab_ADC.bin";
   text	   data	    bss	    dec	    hex	filename
   1892	      8	     28	   1928	    788	3lab_ADC.axf
 
13:32:29 **** Incremental Build of configuration Debug for project 3lab_ADC ****
make all 
make: Nothing to be done for `all'.
13:35:00 **** Clean-only build of configuration Debug for project CMSISv2p00_LPC11Uxx ****
make clean 
rm -rf  ./src/core_cm0.o ./src/system_LPC11Uxx.o  ./src/core_cm0.d ./src/system_LPC11Uxx.d  libCMSISv2p00_LPC11Uxx.a
 
13:35:00 **** Clean-only build of configuration Debug for project 3lab_ADC ****
make clean 
rm -rf  ./src/aeabi_romdiv_patch.o ./src/cr_startup_lpc11u.o ./src/crp.o ./src/main.o  ./src/cr_startup_lpc11u.d ./src/crp.d ./src/main.d  3lab_ADC.axf
 
13:35:06 **** Build of configuration Debug for project CMSISv2p00_LPC11Uxx ****
make all 
Building file: ../src/core_cm0.c
Invoking: MCU C Compiler
arm-none-eabi-gcc -D__REDLIB__ -DDEBUG -D__CODE_RED -I../inc -O0 -Os -g3 -Wall -c -fmessage-length=0 -fno-builtin -ffunction-sections -fdata-sections -mcpu=cortex-m0 -mthumb -MMD -MP -MF"src/core_cm0.d" -MT"src/core_cm0.d" -o"src/core_cm0.o" "../src/core_cm0.c"
Finished building: ../src/core_cm0.c
 
Building file: ../src/system_LPC11Uxx.c
Invoking: MCU C Compiler
arm-none-eabi-gcc -D__REDLIB__ -DDEBUG -D__CODE_RED -I../inc -O0 -Os -g3 -Wall -c -fmessage-length=0 -fno-builtin -ffunction-sections -fdata-sections -mcpu=cortex-m0 -mthumb -MMD -MP -MF"src/system_LPC11Uxx.d" -MT"src/system_LPC11Uxx.d" -o"src/system_LPC11Uxx.o" "../src/system_LPC11Uxx.c"
Finished building: ../src/system_LPC11Uxx.c
 
Building target: libCMSISv2p00_LPC11Uxx.a
Invoking: MCU Archiver
arm-none-eabi-ar -r "libCMSISv2p00_LPC11Uxx.a"  ./src/core_cm0.o ./src/system_LPC11Uxx.o   
c:\nxp\LPCXpresso_5.2.6_2137\lpcxpresso\tools\bin\arm-none-eabi-ar.exe: creating libCMSISv2p00_LPC11Uxx.a
Finished building target: libCMSISv2p00_LPC11Uxx.a
 
make --no-print-directory post-build
Performing post-build steps
arm-none-eabi-size libCMSISv2p00_LPC11Uxx.a ; # arm-none-eabi-objdump -h -S libCMSISv2p00_LPC11Uxx.a >libCMSISv2p00_LPC11Uxx.lss
   text	   data	    bss	    dec	    hex	filename
      0	      0	      0	      0	      0	core_cm0.o (ex libCMSISv2p00_LPC11Uxx.a)
    428	      4	      0	    432	    1b0	system_LPC11Uxx.o (ex libCMSISv2p00_LPC11Uxx.a)
 
13:35:07 **** Clean-only build of configuration Debug for project 3lab_ADC ****
make clean 
rm -rf  ./src/aeabi_romdiv_patch.o ./src/cr_startup_lpc11u.o ./src/crp.o ./src/main.o  ./src/cr_startup_lpc11u.d ./src/crp.d ./src/main.d  3lab_ADC.axf
 
13:35:07 **** Build of configuration Debug for project 3lab_ADC ****
make all 
Building file: ../src/aeabi_romdiv_patch.s
Invoking: MCU Assembler
arm-none-eabi-gcc -c -x assembler-with-cpp -D__REDLIB__ -DDEBUG -D__CODE_RED -g3 -mcpu=cortex-m0 -mthumb -o "src/aeabi_romdiv_patch.o" "../src/aeabi_romdiv_patch.s"
Finished building: ../src/aeabi_romdiv_patch.s
 
Building file: ../src/cr_startup_lpc11u.c
Invoking: MCU C Compiler
arm-none-eabi-gcc -D__REDLIB__ -DDEBUG -D__CODE_RED -D__USE_CMSIS=CMSISv2p00_LPC11Uxx -I"C:\Users\paha5124\school\3360\workspace\CMSISv2p00_LPC11Uxx\inc" -Os -g3 -Wall -c -fmessage-length=0 -fno-builtin -ffunction-sections -fdata-sections -mcpu=cortex-m0 -mthumb -MMD -MP -MF"src/cr_startup_lpc11u.d" -MT"src/cr_startup_lpc11u.d" -o "src/cr_startup_lpc11u.o" "../src/cr_startup_lpc11u.c"
Finished building: ../src/cr_startup_lpc11u.c
 
Building file: ../src/crp.c
Invoking: MCU C Compiler
arm-none-eabi-gcc -D__REDLIB__ -DDEBUG -D__CODE_RED -D__USE_CMSIS=CMSISv2p00_LPC11Uxx -I"C:\Users\paha5124\school\3360\workspace\CMSISv2p00_LPC11Uxx\inc" -O0 -g3 -Wall -c -fmessage-length=0 -fno-builtin -ffunction-sections -fdata-sections -mcpu=cortex-m0 -mthumb -MMD -MP -MF"src/crp.d" -MT"src/crp.d" -o "src/crp.o" "../src/crp.c"
Finished building: ../src/crp.c
 
Building file: ../src/main.c
Invoking: MCU C Compiler
arm-none-eabi-gcc -D__REDLIB__ -DDEBUG -D__CODE_RED -D__USE_CMSIS=CMSISv2p00_LPC11Uxx -I"C:\Users\paha5124\school\3360\workspace\CMSISv2p00_LPC11Uxx\inc" -O0 -g3 -Wall -c -fmessage-length=0 -fno-builtin -ffunction-sections -fdata-sections -mcpu=cortex-m0 -mthumb -MMD -MP -MF"src/main.d" -MT"src/main.d" -o "src/main.o" "../src/main.c"
Finished building: ../src/main.c
 
Building target: 3lab_ADC.axf
Invoking: MCU Linker
arm-none-eabi-gcc -nostdlib -L"C:\Users\paha5124\school\3360\workspace\CMSISv2p00_LPC11Uxx\Debug" -Xlinker -Map="3lab_ADC.map" -Xlinker --gc-sections -mcpu=cortex-m0 -mthumb -T "3lab_ADC_Debug.ld" -o "3lab_ADC.axf"  ./src/aeabi_romdiv_patch.o ./src/cr_startup_lpc11u.o ./src/crp.o ./src/main.o   -lCMSISv2p00_LPC11Uxx
Finished building target: 3lab_ADC.axf
 
make --no-print-directory post-build
Performing post-build steps
arm-none-eabi-size "3lab_ADC.axf"; # arm-none-eabi-objcopy -O binary "3lab_ADC.axf" "3lab_ADC.bin" ; checksum -p LPC11U14_201 -d "3lab_ADC.bin";
   text	   data	    bss	    dec	    hex	filename
   3708	      8	    364	   4080	    ff0	3lab_ADC.axf
 
13:35:33 **** Incremental Build of configuration Debug for project 3lab_ADC ****
make all 
make: Nothing to be done for `all'.
13:36:36 **** Incremental Build of configuration Debug for project CMSISv2p00_LPC11Uxx ****
make all 
make: Nothing to be done for `all'.
13:36:36 **** Incremental Build of configuration Debug for project 3lab_ADC ****
make all 
make: Nothing to be done for `all'.
13:44:14 **** Incremental Build of configuration Debug for project CMSISv2p00_LPC11Uxx ****
make all 
make: Nothing to be done for `all'.
13:44:14 **** Incremental Build of configuration Debug for project 3lab_ADC ****
make all 
Building file: ../src/main.c
Invoking: MCU C Compiler
arm-none-eabi-gcc -D__REDLIB__ -DDEBUG -D__CODE_RED -D__USE_CMSIS=CMSISv2p00_LPC11Uxx -I"C:\Users\paha5124\school\3360\workspace\CMSISv2p00_LPC11Uxx\inc" -O0 -g3 -Wall -c -fmessage-length=0 -fno-builtin -ffunction-sections -fdata-sections -mcpu=cortex-m0 -mthumb -MMD -MP -MF"src/main.d" -MT"src/main.d" -o "src/main.o" "../src/main.c"
Finished building: ../src/main.c
 
Building target: 3lab_ADC.axf
Invoking: MCU Linker
arm-none-eabi-gcc -nostdlib -L"C:\Users\paha5124\school\3360\workspace\CMSISv2p00_LPC11Uxx\Debug" -Xlinker -Map="3lab_ADC.map" -Xlinker --gc-sections -mcpu=cortex-m0 -mthumb -T "3lab_ADC_Debug.ld" -o "3lab_ADC.axf"  ./src/aeabi_romdiv_patch.o ./src/cr_startup_lpc11u.o ./src/crp.o ./src/main.o   -lCMSISv2p00_LPC11Uxx
Finished building target: 3lab_ADC.axf
 
make --no-print-directory post-build
Performing post-build steps
arm-none-eabi-size "3lab_ADC.axf"; # arm-none-eabi-objcopy -O binary "3lab_ADC.axf" "3lab_ADC.bin" ; checksum -p LPC11U14_201 -d "3lab_ADC.bin";
   text	   data	    bss	    dec	    hex	filename
   3720	      8	    364	   4092	    ffc	3lab_ADC.axf
 
13:45:09 **** Incremental Build of configuration Debug for project 3lab_ADC ****
make all 
Building file: ../src/main.c
Invoking: MCU C Compiler
arm-none-eabi-gcc -D__REDLIB__ -DDEBUG -D__CODE_RED -D__USE_CMSIS=CMSISv2p00_LPC11Uxx -I"C:\Users\paha5124\school\3360\workspace\CMSISv2p00_LPC11Uxx\inc" -O0 -g3 -Wall -c -fmessage-length=0 -fno-builtin -ffunction-sections -fdata-sections -mcpu=cortex-m0 -mthumb -MMD -MP -MF"src/main.d" -MT"src/main.d" -o "src/main.o" "../src/main.c"
Finished building: ../src/main.c
 
Building target: 3lab_ADC.axf
Invoking: MCU Linker
arm-none-eabi-gcc -nostdlib -L"C:\Users\paha5124\school\3360\workspace\CMSISv2p00_LPC11Uxx\Debug" -Xlinker -Map="3lab_ADC.map" -Xlinker --gc-sections -mcpu=cortex-m0 -mthumb -T "3lab_ADC_Debug.ld" -o "3lab_ADC.axf"  ./src/aeabi_romdiv_patch.o ./src/cr_startup_lpc11u.o ./src/crp.o ./src/main.o   -lCMSISv2p00_LPC11Uxx
Finished building target: 3lab_ADC.axf
 
make --no-print-directory post-build
Performing post-build steps
arm-none-eabi-size "3lab_ADC.axf"; # arm-none-eabi-objcopy -O binary "3lab_ADC.axf" "3lab_ADC.bin" ; checksum -p LPC11U14_201 -d "3lab_ADC.bin";
   text	   data	    bss	    dec	    hex	filename
   3720	      8	    364	   4092	    ffc	3lab_ADC.axf
 
13:45:26 **** Incremental Build of configuration Debug for project 3lab_ADC ****
make all 
make: Nothing to be done for `all'.
13:50:17 **** Incremental Build of configuration Debug for project 3lab_ADC ****
make all 
Building file: ../src/main.c
Invoking: MCU C Compiler
arm-none-eabi-gcc -D__REDLIB__ -DDEBUG -D__CODE_RED -D__USE_CMSIS=CMSISv2p00_LPC11Uxx -I"C:\Users\paha5124\school\3360\workspace\CMSISv2p00_LPC11Uxx\inc" -O0 -g3 -Wall -c -fmessage-length=0 -fno-builtin -ffunction-sections -fdata-sections -mcpu=cortex-m0 -mthumb -MMD -MP -MF"src/main.d" -MT"src/main.d" -o "src/main.o" "../src/main.c"
Finished building: ../src/main.c
 
Building target: 3lab_ADC.axf
Invoking: MCU Linker
arm-none-eabi-gcc -nostdlib -L"C:\Users\paha5124\school\3360\workspace\CMSISv2p00_LPC11Uxx\Debug" -Xlinker -Map="3lab_ADC.map" -Xlinker --gc-sections -mcpu=cortex-m0 -mthumb -T "3lab_ADC_Debug.ld" -o "3lab_ADC.axf"  ./src/aeabi_romdiv_patch.o ./src/cr_startup_lpc11u.o ./src/crp.o ./src/main.o   -lCMSISv2p00_LPC11Uxx
Finished building target: 3lab_ADC.axf
 
make --no-print-directory post-build
Performing post-build steps
arm-none-eabi-size "3lab_ADC.axf"; # arm-none-eabi-objcopy -O binary "3lab_ADC.axf" "3lab_ADC.bin" ; checksum -p LPC11U14_201 -d "3lab_ADC.bin";
   text	   data	    bss	    dec	    hex	filename
   1620	     12	     24	   1656	    678	3lab_ADC.axf
 
13:50:48 **** Incremental Build of configuration Debug for project 3lab_ADC ****
make all 
make: Nothing to be done for `all'.
13:54:50 **** Incremental Build of configuration Debug for project 3lab_ADC ****
make all 
Building file: ../src/main.c
Invoking: MCU C Compiler
arm-none-eabi-gcc -D__REDLIB__ -DDEBUG -D__CODE_RED -D__USE_CMSIS=CMSISv2p00_LPC11Uxx -I"C:\Users\paha5124\school\3360\workspace\CMSISv2p00_LPC11Uxx\inc" -O0 -g3 -Wall -c -fmessage-length=0 -fno-builtin -ffunction-sections -fdata-sections -mcpu=cortex-m0 -mthumb -MMD -MP -MF"src/main.d" -MT"src/main.d" -o "src/main.o" "../src/main.c"
Finished building: ../src/main.c
 
Building target: 3lab_ADC.axf
Invoking: MCU Linker
arm-none-eabi-gcc -nostdlib -L"C:\Users\paha5124\school\3360\workspace\CMSISv2p00_LPC11Uxx\Debug" -Xlinker -Map="3lab_ADC.map" -Xlinker --gc-sections -mcpu=cortex-m0 -mthumb -T "3lab_ADC_Debug.ld" -o "3lab_ADC.axf"  ./src/aeabi_romdiv_patch.o ./src/cr_startup_lpc11u.o ./src/crp.o ./src/main.o   -lCMSISv2p00_LPC11Uxx
Finished building target: 3lab_ADC.axf
 
make --no-print-directory post-build
Performing post-build steps
arm-none-eabi-size "3lab_ADC.axf"; # arm-none-eabi-objcopy -O binary "3lab_ADC.axf" "3lab_ADC.bin" ; checksum -p LPC11U14_201 -d "3lab_ADC.bin";
   text	   data	    bss	    dec	    hex	filename
   1620	     12	     24	   1656	    678	3lab_ADC.axf
 
13:57:15 **** Incremental Build of configuration Debug for project 3lab_ADC ****
make all 
Building file: ../src/main.c
Invoking: MCU C Compiler
arm-none-eabi-gcc -D__REDLIB__ -DDEBUG -D__CODE_RED -D__USE_CMSIS=CMSISv2p00_LPC11Uxx -I"C:\Users\paha5124\school\3360\workspace\CMSISv2p00_LPC11Uxx\inc" -O0 -g3 -Wall -c -fmessage-length=0 -fno-builtin -ffunction-sections -fdata-sections -mcpu=cortex-m0 -mthumb -MMD -MP -MF"src/main.d" -MT"src/main.d" -o "src/main.o" "../src/main.c"
Finished building: ../src/main.c
 
Building target: 3lab_ADC.axf
Invoking: MCU Linker
arm-none-eabi-gcc -nostdlib -L"C:\Users\paha5124\school\3360\workspace\CMSISv2p00_LPC11Uxx\Debug" -Xlinker -Map="3lab_ADC.map" -Xlinker --gc-sections -mcpu=cortex-m0 -mthumb -T "3lab_ADC_Debug.ld" -o "3lab_ADC.axf"  ./src/aeabi_romdiv_patch.o ./src/cr_startup_lpc11u.o ./src/crp.o ./src/main.o   -lCMSISv2p00_LPC11Uxx
Finished building target: 3lab_ADC.axf
 
make --no-print-directory post-build
Performing post-build steps
arm-none-eabi-size "3lab_ADC.axf"; # arm-none-eabi-objcopy -O binary "3lab_ADC.axf" "3lab_ADC.bin" ; checksum -p LPC11U14_201 -d "3lab_ADC.bin";
   text	   data	    bss	    dec	    hex	filename
   1620	     12	     24	   1656	    678	3lab_ADC.axf
 
13:57:33 **** Incremental Build of configuration Debug for project 3lab_ADC ****
make all 
Building file: ../src/main.c
Invoking: MCU C Compiler
arm-none-eabi-gcc -D__REDLIB__ -DDEBUG -D__CODE_RED -D__USE_CMSIS=CMSISv2p00_LPC11Uxx -I"C:\Users\paha5124\school\3360\workspace\CMSISv2p00_LPC11Uxx\inc" -O0 -g3 -Wall -c -fmessage-length=0 -fno-builtin -ffunction-sections -fdata-sections -mcpu=cortex-m0 -mthumb -MMD -MP -MF"src/main.d" -MT"src/main.d" -o "src/main.o" "../src/main.c"
Finished building: ../src/main.c
 
Building target: 3lab_ADC.axf
Invoking: MCU Linker
arm-none-eabi-gcc -nostdlib -L"C:\Users\paha5124\school\3360\workspace\CMSISv2p00_LPC11Uxx\Debug" -Xlinker -Map="3lab_ADC.map" -Xlinker --gc-sections -mcpu=cortex-m0 -mthumb -T "3lab_ADC_Debug.ld" -o "3lab_ADC.axf"  ./src/aeabi_romdiv_patch.o ./src/cr_startup_lpc11u.o ./src/crp.o ./src/main.o   -lCMSISv2p00_LPC11Uxx
Finished building target: 3lab_ADC.axf
 
make --no-print-directory post-build
Performing post-build steps
arm-none-eabi-size "3lab_ADC.axf"; # arm-none-eabi-objcopy -O binary "3lab_ADC.axf" "3lab_ADC.bin" ; checksum -p LPC11U14_201 -d "3lab_ADC.bin";
   text	   data	    bss	    dec	    hex	filename
   1656	     12	     24	   1692	    69c	3lab_ADC.axf
 
13:59:36 **** Incremental Build of configuration Debug for project CMSISv2p00_LPC11Uxx ****
make all 
Building file: ../src/core_cm0.c
Invoking: MCU C Compiler
arm-none-eabi-gcc -D__REDLIB__ -DDEBUG -D__CODE_RED -I../inc -O0 -Os -g3 -Wall -c -fmessage-length=0 -fno-builtin -ffunction-sections -fdata-sections -mcpu=cortex-m0 -mthumb -MMD -MP -MF"src/core_cm0.d" -MT"src/core_cm0.d" -o"src/core_cm0.o" "../src/core_cm0.c"
Finished building: ../src/core_cm0.c
 
Building file: ../src/system_LPC11Uxx.c
Invoking: MCU C Compiler
arm-none-eabi-gcc -D__REDLIB__ -DDEBUG -D__CODE_RED -I../inc -O0 -Os -g3 -Wall -c -fmessage-length=0 -fno-builtin -ffunction-sections -fdata-sections -mcpu=cortex-m0 -mthumb -MMD -MP -MF"src/system_LPC11Uxx.d" -MT"src/system_LPC11Uxx.d" -o"src/system_LPC11Uxx.o" "../src/system_LPC11Uxx.c"
Finished building: ../src/system_LPC11Uxx.c
 
Building target: libCMSISv2p00_LPC11Uxx.a
Invoking: MCU Archiver
arm-none-eabi-ar -r "libCMSISv2p00_LPC11Uxx.a"  ./src/core_cm0.o ./src/system_LPC11Uxx.o   
c:\nxp\LPCXpresso_5.2.6_2137\lpcxpresso\tools\bin\arm-none-eabi-ar.exe: creating libCMSISv2p00_LPC11Uxx.a
Finished building target: libCMSISv2p00_LPC11Uxx.a
 
make --no-print-directory post-build
Performing post-build steps
arm-none-eabi-size libCMSISv2p00_LPC11Uxx.a ; # arm-none-eabi-objdump -h -S libCMSISv2p00_LPC11Uxx.a >libCMSISv2p00_LPC11Uxx.lss
   text	   data	    bss	    dec	    hex	filename
      0	      0	      0	      0	      0	core_cm0.o (ex libCMSISv2p00_LPC11Uxx.a)
    428	      4	      0	    432	    1b0	system_LPC11Uxx.o (ex libCMSISv2p00_LPC11Uxx.a)
 
13:59:36 **** Incremental Build of configuration Debug for project 3lab_ADC ****
make all 
Building file: ../src/main.c
Invoking: MCU C Compiler
arm-none-eabi-gcc -D__REDLIB__ -DDEBUG -D__CODE_RED -D__USE_CMSIS=CMSISv2p00_LPC11Uxx -I"C:\Users\paha5124\school\3360\workspace\CMSISv2p00_LPC11Uxx\inc" -O0 -g3 -Wall -c -fmessage-length=0 -fno-builtin -ffunction-sections -fdata-sections -mcpu=cortex-m0 -mthumb -MMD -MP -MF"src/main.d" -MT"src/main.d" -o "src/main.o" "../src/main.c"
../src/main.c: In function 'TIMER32_0_IRQHandler':
../src/main.c:115:2: warning: statement with no effect [-Wunused-value]
../src/main.c:116:3: error: expected ';' before 'tick'
make: *** [src/main.o] Error 1
14:00:13 **** Incremental Build of configuration Debug for project CMSISv2p00_LPC11Uxx ****
make all 
make: Nothing to be done for `all'.
14:00:13 **** Incremental Build of configuration Debug for project 3lab_ADC ****
make all 
Building file: ../src/main.c
Invoking: MCU C Compiler
arm-none-eabi-gcc -D__REDLIB__ -DDEBUG -D__CODE_RED -D__USE_CMSIS=CMSISv2p00_LPC11Uxx -I"C:\Users\paha5124\school\3360\workspace\CMSISv2p00_LPC11Uxx\inc" -O0 -g3 -Wall -c -fmessage-length=0 -fno-builtin -ffunction-sections -fdata-sections -mcpu=cortex-m0 -mthumb -MMD -MP -MF"src/main.d" -MT"src/main.d" -o "src/main.o" "../src/main.c"
Finished building: ../src/main.c
 
Building target: 3lab_ADC.axf
Invoking: MCU Linker
arm-none-eabi-gcc -nostdlib -L"C:\Users\paha5124\school\3360\workspace\CMSISv2p00_LPC11Uxx\Debug" -Xlinker -Map="3lab_ADC.map" -Xlinker --gc-sections -mcpu=cortex-m0 -mthumb -T "3lab_ADC_Debug.ld" -o "3lab_ADC.axf"  ./src/aeabi_romdiv_patch.o ./src/cr_startup_lpc11u.o ./src/crp.o ./src/main.o   -lCMSISv2p00_LPC11Uxx
Finished building target: 3lab_ADC.axf
 
make --no-print-directory post-build
Performing post-build steps
arm-none-eabi-size "3lab_ADC.axf"; # arm-none-eabi-objcopy -O binary "3lab_ADC.axf" "3lab_ADC.bin" ; checksum -p LPC11U14_201 -d "3lab_ADC.bin";
   text	   data	    bss	    dec	    hex	filename
   1668	     12	     24	   1704	    6a8	3lab_ADC.axf
 
14:05:14 **** Incremental Build of configuration Debug for project CMSISv2p00_LPC11Uxx ****
make all 
make: Nothing to be done for `all'.
14:05:14 **** Incremental Build of configuration Debug for project 3lab_ADC ****
make all 
Building file: ../src/main.c
Invoking: MCU C Compiler
arm-none-eabi-gcc -D__REDLIB__ -DDEBUG -D__CODE_RED -D__USE_CMSIS=CMSISv2p00_LPC11Uxx -I"C:\Users\paha5124\school\3360\workspace\CMSISv2p00_LPC11Uxx\inc" -O0 -g3 -Wall -c -fmessage-length=0 -fno-builtin -ffunction-sections -fdata-sections -mcpu=cortex-m0 -mthumb -MMD -MP -MF"src/main.d" -MT"src/main.d" -o "src/main.o" "../src/main.c"
Finished building: ../src/main.c
 
Building target: 3lab_ADC.axf
Invoking: MCU Linker
arm-none-eabi-gcc -nostdlib -L"C:\Users\paha5124\school\3360\workspace\CMSISv2p00_LPC11Uxx\Debug" -Xlinker -Map="3lab_ADC.map" -Xlinker --gc-sections -mcpu=cortex-m0 -mthumb -T "3lab_ADC_Debug.ld" -o "3lab_ADC.axf"  ./src/aeabi_romdiv_patch.o ./src/cr_startup_lpc11u.o ./src/crp.o ./src/main.o   -lCMSISv2p00_LPC11Uxx
Finished building target: 3lab_ADC.axf
 
make --no-print-directory post-build
Performing post-build steps
arm-none-eabi-size "3lab_ADC.axf"; # arm-none-eabi-objcopy -O binary "3lab_ADC.axf" "3lab_ADC.bin" ; checksum -p LPC11U14_201 -d "3lab_ADC.bin";
   text	   data	    bss	    dec	    hex	filename
   1680	     12	     24	   1716	    6b4	3lab_ADC.axf
 
14:08:24 **** Incremental Build of configuration Debug for project 3lab_ADC ****
make all 
Building file: ../src/main.c
Invoking: MCU C Compiler
arm-none-eabi-gcc -D__REDLIB__ -DDEBUG -D__CODE_RED -D__USE_CMSIS=CMSISv2p00_LPC11Uxx -I"C:\Users\paha5124\school\3360\workspace\CMSISv2p00_LPC11Uxx\inc" -O0 -g3 -Wall -c -fmessage-length=0 -fno-builtin -ffunction-sections -fdata-sections -mcpu=cortex-m0 -mthumb -MMD -MP -MF"src/main.d" -MT"src/main.d" -o "src/main.o" "../src/main.c"
Finished building: ../src/main.c
 
Building target: 3lab_ADC.axf
Invoking: MCU Linker
arm-none-eabi-gcc -nostdlib -L"C:\Users\paha5124\school\3360\workspace\CMSISv2p00_LPC11Uxx\Debug" -Xlinker -Map="3lab_ADC.map" -Xlinker --gc-sections -mcpu=cortex-m0 -mthumb -T "3lab_ADC_Debug.ld" -o "3lab_ADC.axf"  ./src/aeabi_romdiv_patch.o ./src/cr_startup_lpc11u.o ./src/crp.o ./src/main.o   -lCMSISv2p00_LPC11Uxx
Finished building target: 3lab_ADC.axf
 
make --no-print-directory post-build
Performing post-build steps
arm-none-eabi-size "3lab_ADC.axf"; # arm-none-eabi-objcopy -O binary "3lab_ADC.axf" "3lab_ADC.bin" ; checksum -p LPC11U14_201 -d "3lab_ADC.bin";
   text	   data	    bss	    dec	    hex	filename
   1676	     12	     24	   1712	    6b0	3lab_ADC.axf
 
14:08:33 **** Incremental Build of configuration Debug for project CMSISv2p00_LPC11Uxx ****
make all 
make: Nothing to be done for `all'.
14:08:33 **** Incremental Build of configuration Debug for project 3lab_ADC ****
make all 
make: Nothing to be done for `all'.
14:14:12 **** Incremental Build of configuration Debug for project CMSISv2p00_LPC11Uxx ****
make all 
make: Nothing to be done for `all'.
14:14:12 **** Incremental Build of configuration Debug for project 3lab_ADC ****
make all 
Building file: ../src/main.c
Invoking: MCU C Compiler
arm-none-eabi-gcc -D__REDLIB__ -DDEBUG -D__CODE_RED -D__USE_CMSIS=CMSISv2p00_LPC11Uxx -I"C:\Users\paha5124\school\3360\workspace\CMSISv2p00_LPC11Uxx\inc" -O0 -g3 -Wall -c -fmessage-length=0 -fno-builtin -ffunction-sections -fdata-sections -mcpu=cortex-m0 -mthumb -MMD -MP -MF"src/main.d" -MT"src/main.d" -o "src/main.o" "../src/main.c"
Finished building: ../src/main.c
 
Building target: 3lab_ADC.axf
Invoking: MCU Linker
arm-none-eabi-gcc -nostdlib -L"C:\Users\paha5124\school\3360\workspace\CMSISv2p00_LPC11Uxx\Debug" -Xlinker -Map="3lab_ADC.map" -Xlinker --gc-sections -mcpu=cortex-m0 -mthumb -T "3lab_ADC_Debug.ld" -o "3lab_ADC.axf"  ./src/aeabi_romdiv_patch.o ./src/cr_startup_lpc11u.o ./src/crp.o ./src/main.o   -lCMSISv2p00_LPC11Uxx
Finished building target: 3lab_ADC.axf
 
make --no-print-directory post-build
Performing post-build steps
arm-none-eabi-size "3lab_ADC.axf"; # arm-none-eabi-objcopy -O binary "3lab_ADC.axf" "3lab_ADC.bin" ; checksum -p LPC11U14_201 -d "3lab_ADC.bin";
   text	   data	    bss	    dec	    hex	filename
   1576	     12	     20	   1608	    648	3lab_ADC.axf
 
14:17:38 **** Incremental Build of configuration Debug for project CMSISv2p00_LPC11Uxx ****
make all 
make: Nothing to be done for `all'.
14:17:38 **** Incremental Build of configuration Debug for project 3lab_ADC ****
make all 
Building file: ../src/main.c
Invoking: MCU C Compiler
arm-none-eabi-gcc -D__REDLIB__ -DDEBUG -D__CODE_RED -D__USE_CMSIS=CMSISv2p00_LPC11Uxx -I"C:\Users\paha5124\school\3360\workspace\CMSISv2p00_LPC11Uxx\inc" -O0 -g3 -Wall -c -fmessage-length=0 -fno-builtin -ffunction-sections -fdata-sections -mcpu=cortex-m0 -mthumb -MMD -MP -MF"src/main.d" -MT"src/main.d" -o "src/main.o" "../src/main.c"
Finished building: ../src/main.c
 
Building target: 3lab_ADC.axf
Invoking: MCU Linker
arm-none-eabi-gcc -nostdlib -L"C:\Users\paha5124\school\3360\workspace\CMSISv2p00_LPC11Uxx\Debug" -Xlinker -Map="3lab_ADC.map" -Xlinker --gc-sections -mcpu=cortex-m0 -mthumb -T "3lab_ADC_Debug.ld" -o "3lab_ADC.axf"  ./src/aeabi_romdiv_patch.o ./src/cr_startup_lpc11u.o ./src/crp.o ./src/main.o   -lCMSISv2p00_LPC11Uxx
Finished building target: 3lab_ADC.axf
 
make --no-print-directory post-build
Performing post-build steps
arm-none-eabi-size "3lab_ADC.axf"; # arm-none-eabi-objcopy -O binary "3lab_ADC.axf" "3lab_ADC.bin" ; checksum -p LPC11U14_201 -d "3lab_ADC.bin";
   text	   data	    bss	    dec	    hex	filename
   1520	     12	     20	   1552	    610	3lab_ADC.axf
 
14:17:48 **** Incremental Build of configuration Debug for project CMSISv2p00_LPC11Uxx ****
make all 
make: Nothing to be done for `all'.
14:17:49 **** Incremental Build of configuration Debug for project 3lab_ADC ****
make all 
make: Nothing to be done for `all'.
14:25:54 **** Incremental Build of configuration Debug for project 3lab_ADC ****
make all 
Building file: ../src/main.c
Invoking: MCU C Compiler
arm-none-eabi-gcc -D__REDLIB__ -DDEBUG -D__CODE_RED -D__USE_CMSIS=CMSISv2p00_LPC11Uxx -I"C:\Users\paha5124\school\3360\workspace\CMSISv2p00_LPC11Uxx\inc" -O0 -g3 -Wall -c -fmessage-length=0 -fno-builtin -ffunction-sections -fdata-sections -mcpu=cortex-m0 -mthumb -MMD -MP -MF"src/main.d" -MT"src/main.d" -o "src/main.o" "../src/main.c"
Finished building: ../src/main.c
 
Building target: 3lab_ADC.axf
Invoking: MCU Linker
arm-none-eabi-gcc -nostdlib -L"C:\Users\paha5124\school\3360\workspace\CMSISv2p00_LPC11Uxx\Debug" -Xlinker -Map="3lab_ADC.map" -Xlinker --gc-sections -mcpu=cortex-m0 -mthumb -T "3lab_ADC_Debug.ld" -o "3lab_ADC.axf"  ./src/aeabi_romdiv_patch.o ./src/cr_startup_lpc11u.o ./src/crp.o ./src/main.o   -lCMSISv2p00_LPC11Uxx
Finished building target: 3lab_ADC.axf
 
make --no-print-directory post-build
Performing post-build steps
arm-none-eabi-size "3lab_ADC.axf"; # arm-none-eabi-objcopy -O binary "3lab_ADC.axf" "3lab_ADC.bin" ; checksum -p LPC11U14_201 -d "3lab_ADC.bin";
   text	   data	    bss	    dec	    hex	filename
   1512	     12	     20	   1544	    608	3lab_ADC.axf
 
15:04:58 **** Incremental Build of configuration Debug for project 3lab_ADC ****
make all 
Building file: ../src/main.c
Invoking: MCU C Compiler
arm-none-eabi-gcc -D__REDLIB__ -DDEBUG -D__CODE_RED -D__USE_CMSIS=CMSISv2p00_LPC11Uxx -I"C:\Users\paha5124\school\3360\workspace\CMSISv2p00_LPC11Uxx\inc" -O0 -g3 -Wall -c -fmessage-length=0 -fno-builtin -ffunction-sections -fdata-sections -mcpu=cortex-m0 -mthumb -MMD -MP -MF"src/main.d" -MT"src/main.d" -o "src/main.o" "../src/main.c"
Finished building: ../src/main.c
 
Building target: 3lab_ADC.axf
Invoking: MCU Linker
arm-none-eabi-gcc -nostdlib -L"C:\Users\paha5124\school\3360\workspace\CMSISv2p00_LPC11Uxx\Debug" -Xlinker -Map="3lab_ADC.map" -Xlinker --gc-sections -mcpu=cortex-m0 -mthumb -T "3lab_ADC_Debug.ld" -o "3lab_ADC.axf"  ./src/aeabi_romdiv_patch.o ./src/cr_startup_lpc11u.o ./src/crp.o ./src/main.o   -lCMSISv2p00_LPC11Uxx
Finished building target: 3lab_ADC.axf
 
make --no-print-directory post-build
Performing post-build steps
arm-none-eabi-size "3lab_ADC.axf"; # arm-none-eabi-objcopy -O binary "3lab_ADC.axf" "3lab_ADC.bin" ; checksum -p LPC11U14_201 -d "3lab_ADC.bin";
   text	   data	    bss	    dec	    hex	filename
   1032	      8	     20	   1060	    424	3lab_ADC.axf
 
15:28:27 **** Incremental Build of configuration Debug for project 3lab_ADC ****
make all 
Building file: ../src/main.c
Invoking: MCU C Compiler
arm-none-eabi-gcc -D__REDLIB__ -DDEBUG -D__CODE_RED -D__USE_CMSIS=CMSISv2p00_LPC11Uxx -I"C:\Users\paha5124\school\3360\workspace\CMSISv2p00_LPC11Uxx\inc" -O0 -g3 -Wall -c -fmessage-length=0 -fno-builtin -ffunction-sections -fdata-sections -mcpu=cortex-m0 -mthumb -MMD -MP -MF"src/main.d" -MT"src/main.d" -o "src/main.o" "../src/main.c"
Finished building: ../src/main.c
 
Building target: 3lab_ADC.axf
Invoking: MCU Linker
arm-none-eabi-gcc -nostdlib -L"C:\Users\paha5124\school\3360\workspace\CMSISv2p00_LPC11Uxx\Debug" -Xlinker -Map="3lab_ADC.map" -Xlinker --gc-sections -mcpu=cortex-m0 -mthumb -T "3lab_ADC_Debug.ld" -o "3lab_ADC.axf"  ./src/aeabi_romdiv_patch.o ./src/cr_startup_lpc11u.o ./src/crp.o ./src/main.o   -lCMSISv2p00_LPC11Uxx
Finished building target: 3lab_ADC.axf
 
make --no-print-directory post-build
Performing post-build steps
arm-none-eabi-size "3lab_ADC.axf"; # arm-none-eabi-objcopy -O binary "3lab_ADC.axf" "3lab_ADC.bin" ; checksum -p LPC11U14_201 -d "3lab_ADC.bin";
   text	   data	    bss	    dec	    hex	filename
   1032	      8	     20	   1060	    424	3lab_ADC.axf
 
15:31:46 **** Incremental Build of configuration Debug for project CMSISv2p00_LPC11Uxx ****
make all 
make: Nothing to be done for `all'.
15:31:46 **** Incremental Build of configuration Debug for project 3lab_ADC ****
make all 
make: Nothing to be done for `all'.
15:32:03 **** Incremental Build of configuration Debug for project CMSISv2p00_LPC11Uxx ****
make all 
make: Nothing to be done for `all'.
15:32:04 **** Incremental Build of configuration Debug for project 3lab_ADC ****
make all 
make: Nothing to be done for `all'.
15:32:22 **** Incremental Build of configuration Debug for project CMSISv2p00_LPC11Uxx ****
make all 
make: Nothing to be done for `all'.
15:32:23 **** Incremental Build of configuration Debug for project 3lab_ADC ****
make all 
make: Nothing to be done for `all'.
15:42:27 **** Incremental Build of configuration Debug for project CMSISv2p00_LPC11Uxx ****
make all 
make: Nothing to be done for `all'.
15:42:27 **** Incremental Build of configuration Debug for project 3lab_ADC ****
make all 
make: Nothing to be done for `all'.
15:42:41 **** Incremental Build of configuration Debug for project CMSISv2p00_LPC11Uxx ****
make all 
make: Nothing to be done for `all'.
15:42:42 **** Incremental Build of configuration Debug for project 3lab_ADC ****
make all 
make: Nothing to be done for `all'.
15:44:49 **** Incremental Build of configuration Debug for project CMSISv2p00_LPC11Uxx ****
make all 
make: Nothing to be done for `all'.
15:44:49 **** Clean-only build of configuration Debug for project 3lab_ADC ****
make clean 
rm -rf  ./src/aeabi_romdiv_patch.o ./src/cr_startup_lpc11u.o ./src/crp.o ./src/main.o  ./src/cr_startup_lpc11u.d ./src/crp.d ./src/main.d  3lab_ADC.axf
 
15:44:50 **** Incremental Build of configuration Debug for project 3lab_ADC ****
make all 
Building file: ../src/aeabi_romdiv_patch.s
Invoking: MCU Assembler
arm-none-eabi-gcc -c -x assembler-with-cpp -D__REDLIB__ -DDEBUG -D__CODE_RED -g3 -mcpu=cortex-m0 -mthumb -o "src/aeabi_romdiv_patch.o" "../src/aeabi_romdiv_patch.s"
Finished building: ../src/aeabi_romdiv_patch.s
 
Building file: ../src/cr_startup_lpc11u.c
Invoking: MCU C Compiler
arm-none-eabi-gcc -D__REDLIB__ -DDEBUG -D__CODE_RED -D__USE_CMSIS=CMSISv2p00_LPC11Uxx -I"C:\Users\paha5124\school\3360\workspace\CMSISv2p00_LPC11Uxx\inc" -Os -g3 -Wall -c -fmessage-length=0 -fno-builtin -ffunction-sections -fdata-sections -mcpu=cortex-m0 -mthumb -MMD -MP -MF"src/cr_startup_lpc11u.d" -MT"src/cr_startup_lpc11u.d" -o "src/cr_startup_lpc11u.o" "../src/cr_startup_lpc11u.c"
Finished building: ../src/cr_startup_lpc11u.c
 
Building file: ../src/crp.c
Invoking: MCU C Compiler
arm-none-eabi-gcc -D__REDLIB__ -DDEBUG -D__CODE_RED -D__USE_CMSIS=CMSISv2p00_LPC11Uxx -I"C:\Users\paha5124\school\3360\workspace\CMSISv2p00_LPC11Uxx\inc" -O0 -g3 -Wall -c -fmessage-length=0 -fno-builtin -ffunction-sections -fdata-sections -mcpu=cortex-m0 -mthumb -MMD -MP -MF"src/crp.d" -MT"src/crp.d" -o "src/crp.o" "../src/crp.c"
Finished building: ../src/crp.c
 
Building file: ../src/main.c
Invoking: MCU C Compiler
arm-none-eabi-gcc -D__REDLIB__ -DDEBUG -D__CODE_RED -D__USE_CMSIS=CMSISv2p00_LPC11Uxx -I"C:\Users\paha5124\school\3360\workspace\CMSISv2p00_LPC11Uxx\inc" -O0 -g3 -Wall -c -fmessage-length=0 -fno-builtin -ffunction-sections -fdata-sections -mcpu=cortex-m0 -mthumb -MMD -MP -MF"src/main.d" -MT"src/main.d" -o "src/main.o" "../src/main.c"
Finished building: ../src/main.c
 
Building target: 3lab_ADC.axf
Invoking: MCU Linker
arm-none-eabi-gcc -nostdlib -L"C:\Users\paha5124\school\3360\workspace\CMSISv2p00_LPC11Uxx\Debug" -Xlinker -Map="3lab_ADC.map" -Xlinker --gc-sections -mcpu=cortex-m0 -mthumb -T "3lab_ADC_Debug.ld" -o "3lab_ADC.axf"  ./src/aeabi_romdiv_patch.o ./src/cr_startup_lpc11u.o ./src/crp.o ./src/main.o   -lCMSISv2p00_LPC11Uxx
Finished building target: 3lab_ADC.axf
 
make --no-print-directory post-build
Performing post-build steps
arm-none-eabi-size "3lab_ADC.axf"; # arm-none-eabi-objcopy -O binary "3lab_ADC.axf" "3lab_ADC.bin" ; checksum -p LPC11U14_201 -d "3lab_ADC.bin";
   text	   data	    bss	    dec	    hex	filename
   2848	      8	    356	   3212	    c8c	3lab_ADC.axf
 
15:50:25 **** Incremental Build of configuration Debug for project CMSISv2p00_LPC11Uxx ****
make all 
make: Nothing to be done for `all'.
15:50:25 **** Incremental Build of configuration Debug for project 3lab_ADC ****
make all 
Building file: ../src/main.c
Invoking: MCU C Compiler
arm-none-eabi-gcc -D__REDLIB__ -DDEBUG -D__CODE_RED -D__USE_CMSIS=CMSISv2p00_LPC11Uxx -I"C:\Users\paha5124\school\3360\workspace\CMSISv2p00_LPC11Uxx\inc" -O0 -g3 -Wall -c -fmessage-length=0 -fno-builtin -ffunction-sections -fdata-sections -mcpu=cortex-m0 -mthumb -MMD -MP -MF"src/main.d" -MT"src/main.d" -o "src/main.o" "../src/main.c"
Finished building: ../src/main.c
 
Building target: 3lab_ADC.axf
Invoking: MCU Linker
arm-none-eabi-gcc -nostdlib -L"C:\Users\paha5124\school\3360\workspace\CMSISv2p00_LPC11Uxx\Debug" -Xlinker -Map="3lab_ADC.map" -Xlinker --gc-sections -mcpu=cortex-m0 -mthumb -T "3lab_ADC_Debug.ld" -o "3lab_ADC.axf"  ./src/aeabi_romdiv_patch.o ./src/cr_startup_lpc11u.o ./src/crp.o ./src/main.o   -lCMSISv2p00_LPC11Uxx
Finished building target: 3lab_ADC.axf
 
make --no-print-directory post-build
Performing post-build steps
arm-none-eabi-size "3lab_ADC.axf"; # arm-none-eabi-objcopy -O binary "3lab_ADC.axf" "3lab_ADC.bin" ; checksum -p LPC11U14_201 -d "3lab_ADC.bin";
   text	   data	    bss	    dec	    hex	filename
   2836	      8	    356	   3200	    c80	3lab_ADC.axf
 
15:52:15 **** Incremental Build of configuration Debug for project CMSISv2p00_LPC11Uxx ****
make all 
make: Nothing to be done for `all'.
15:52:16 **** Incremental Build of configuration Debug for project 3lab_ADC ****
make all 
Building file: ../src/main.c
Invoking: MCU C Compiler
arm-none-eabi-gcc -D__REDLIB__ -DDEBUG -D__CODE_RED -D__USE_CMSIS=CMSISv2p00_LPC11Uxx -I"C:\Users\paha5124\school\3360\workspace\CMSISv2p00_LPC11Uxx\inc" -O0 -g3 -Wall -c -fmessage-length=0 -fno-builtin -ffunction-sections -fdata-sections -mcpu=cortex-m0 -mthumb -MMD -MP -MF"src/main.d" -MT"src/main.d" -o "src/main.o" "../src/main.c"
Finished building: ../src/main.c
 
Building target: 3lab_ADC.axf
Invoking: MCU Linker
arm-none-eabi-gcc -nostdlib -L"C:\Users\paha5124\school\3360\workspace\CMSISv2p00_LPC11Uxx\Debug" -Xlinker -Map="3lab_ADC.map" -Xlinker --gc-sections -mcpu=cortex-m0 -mthumb -T "3lab_ADC_Debug.ld" -o "3lab_ADC.axf"  ./src/aeabi_romdiv_patch.o ./src/cr_startup_lpc11u.o ./src/crp.o ./src/main.o   -lCMSISv2p00_LPC11Uxx
Finished building target: 3lab_ADC.axf
 
make --no-print-directory post-build
Performing post-build steps
arm-none-eabi-size "3lab_ADC.axf"; # arm-none-eabi-objcopy -O binary "3lab_ADC.axf" "3lab_ADC.bin" ; checksum -p LPC11U14_201 -d "3lab_ADC.bin";
   text	   data	    bss	    dec	    hex	filename
   3316	     12	    356	   3684	    e64	3lab_ADC.axf
 
15:52:47 **** Incremental Build of configuration Debug for project CMSISv2p00_LPC11Uxx ****
make all 
make: Nothing to be done for `all'.
15:52:47 **** Incremental Build of configuration Debug for project 3lab_ADC ****
make all 
make: Nothing to be done for `all'.
15:56:05 **** Incremental Build of configuration Debug for project CMSISv2p00_LPC11Uxx ****
make all 
make: Nothing to be done for `all'.
15:56:06 **** Incremental Build of configuration Debug for project 3lab_ADC ****
make all 
make: Nothing to be done for `all'.
15:56:37 **** Incremental Build of configuration Debug for project CMSISv2p00_LPC11Uxx ****
make all 
make: Nothing to be done for `all'.
15:56:38 **** Incremental Build of configuration Debug for project 3lab_ADC ****
make all 
make: Nothing to be done for `all'.
15:57:12 **** Incremental Build of configuration Debug for project CMSISv2p00_LPC11Uxx ****
make all 
make: Nothing to be done for `all'.
15:57:13 **** Incremental Build of configuration Debug for project 3lab_ADC ****
make all 
Building file: ../src/main.c
Invoking: MCU C Compiler
arm-none-eabi-gcc -D__REDLIB__ -DDEBUG -D__CODE_RED -D__USE_CMSIS=CMSISv2p00_LPC11Uxx -I"C:\Users\paha5124\school\3360\workspace\CMSISv2p00_LPC11Uxx\inc" -O0 -g3 -Wall -c -fmessage-length=0 -fno-builtin -ffunction-sections -fdata-sections -mcpu=cortex-m0 -mthumb -MMD -MP -MF"src/main.d" -MT"src/main.d" -o "src/main.o" "../src/main.c"
Finished building: ../src/main.c
 
Building target: 3lab_ADC.axf
Invoking: MCU Linker
arm-none-eabi-gcc -nostdlib -L"C:\Users\paha5124\school\3360\workspace\CMSISv2p00_LPC11Uxx\Debug" -Xlinker -Map="3lab_ADC.map" -Xlinker --gc-sections -mcpu=cortex-m0 -mthumb -T "3lab_ADC_Debug.ld" -o "3lab_ADC.axf"  ./src/aeabi_romdiv_patch.o ./src/cr_startup_lpc11u.o ./src/crp.o ./src/main.o   -lCMSISv2p00_LPC11Uxx
Finished building target: 3lab_ADC.axf
 
make --no-print-directory post-build
Performing post-build steps
arm-none-eabi-size "3lab_ADC.axf"; # arm-none-eabi-objcopy -O binary "3lab_ADC.axf" "3lab_ADC.bin" ; checksum -p LPC11U14_201 -d "3lab_ADC.bin";
   text	   data	    bss	    dec	    hex	filename
   3316	     12	    356	   3684	    e64	3lab_ADC.axf
 
15:58:42 **** Incremental Build of configuration Debug for project CMSISv2p00_LPC11Uxx ****
make all 
make: Nothing to be done for `all'.
15:58:42 **** Incremental Build of configuration Debug for project 3lab_ADC ****
make all 
Building file: ../src/main.c
Invoking: MCU C Compiler
arm-none-eabi-gcc -D__REDLIB__ -DDEBUG -D__CODE_RED -D__USE_CMSIS=CMSISv2p00_LPC11Uxx -I"C:\Users\paha5124\school\3360\workspace\CMSISv2p00_LPC11Uxx\inc" -O0 -g3 -Wall -c -fmessage-length=0 -fno-builtin -ffunction-sections -fdata-sections -mcpu=cortex-m0 -mthumb -MMD -MP -MF"src/main.d" -MT"src/main.d" -o "src/main.o" "../src/main.c"
Finished building: ../src/main.c
 
Building target: 3lab_ADC.axf
Invoking: MCU Linker
arm-none-eabi-gcc -nostdlib -L"C:\Users\paha5124\school\3360\workspace\CMSISv2p00_LPC11Uxx\Debug" -Xlinker -Map="3lab_ADC.map" -Xlinker --gc-sections -mcpu=cortex-m0 -mthumb -T "3lab_ADC_Debug.ld" -o "3lab_ADC.axf"  ./src/aeabi_romdiv_patch.o ./src/cr_startup_lpc11u.o ./src/crp.o ./src/main.o   -lCMSISv2p00_LPC11Uxx
Finished building target: 3lab_ADC.axf
 
make --no-print-directory post-build
Performing post-build steps
arm-none-eabi-size "3lab_ADC.axf"; # arm-none-eabi-objcopy -O binary "3lab_ADC.axf" "3lab_ADC.bin" ; checksum -p LPC11U14_201 -d "3lab_ADC.bin";
   text	   data	    bss	    dec	    hex	filename
   3248	     12	    340	   3600	    e10	3lab_ADC.axf
 
15:58:58 **** Incremental Build of configuration Debug for project CMSISv2p00_LPC11Uxx ****
make all 
make: Nothing to be done for `all'.
15:58:58 **** Incremental Build of configuration Debug for project 3lab_ADC ****
make all 
make: Nothing to be done for `all'.
16:00:16 **** Incremental Build of configuration Debug for project CMSISv2p00_LPC11Uxx ****
make all 
make: Nothing to be done for `all'.
16:00:16 **** Incremental Build of configuration Debug for project 3lab_ADC ****
make all 
Building file: ../src/main.c
Invoking: MCU C Compiler
arm-none-eabi-gcc -D__REDLIB__ -DDEBUG -D__CODE_RED -D__USE_CMSIS=CMSISv2p00_LPC11Uxx -I"C:\Users\paha5124\school\3360\workspace\CMSISv2p00_LPC11Uxx\inc" -O0 -g3 -Wall -c -fmessage-length=0 -fno-builtin -ffunction-sections -fdata-sections -mcpu=cortex-m0 -mthumb -MMD -MP -MF"src/main.d" -MT"src/main.d" -o "src/main.o" "../src/main.c"
Finished building: ../src/main.c
 
Building target: 3lab_ADC.axf
Invoking: MCU Linker
arm-none-eabi-gcc -nostdlib -L"C:\Users\paha5124\school\3360\workspace\CMSISv2p00_LPC11Uxx\Debug" -Xlinker -Map="3lab_ADC.map" -Xlinker --gc-sections -mcpu=cortex-m0 -mthumb -T "3lab_ADC_Debug.ld" -o "3lab_ADC.axf"  ./src/aeabi_romdiv_patch.o ./src/cr_startup_lpc11u.o ./src/crp.o ./src/main.o   -lCMSISv2p00_LPC11Uxx
Finished building target: 3lab_ADC.axf
 
make --no-print-directory post-build
Performing post-build steps
arm-none-eabi-size "3lab_ADC.axf"; # arm-none-eabi-objcopy -O binary "3lab_ADC.axf" "3lab_ADC.bin" ; checksum -p LPC11U14_201 -d "3lab_ADC.bin";
   text	   data	    bss	    dec	    hex	filename
   3348	     12	    360	   3720	    e88	3lab_ADC.axf
 
16:13:34 **** Incremental Build of configuration Debug for project CMSISv2p00_LPC11Uxx ****
make all 
make: Nothing to be done for `all'.
16:13:34 **** Incremental Build of configuration Debug for project 3lab_ADC ****
make all 
Building file: ../src/main.c
Invoking: MCU C Compiler
arm-none-eabi-gcc -D__REDLIB__ -DDEBUG -D__CODE_RED -D__USE_CMSIS=CMSISv2p00_LPC11Uxx -I"C:\Users\paha5124\school\3360\workspace\CMSISv2p00_LPC11Uxx\inc" -O0 -g3 -Wall -c -fmessage-length=0 -fno-builtin -ffunction-sections -fdata-sections -mcpu=cortex-m0 -mthumb -MMD -MP -MF"src/main.d" -MT"src/main.d" -o "src/main.o" "../src/main.c"
Finished building: ../src/main.c
 
Building target: 3lab_ADC.axf
Invoking: MCU Linker
arm-none-eabi-gcc -nostdlib -L"C:\Users\paha5124\school\3360\workspace\CMSISv2p00_LPC11Uxx\Debug" -Xlinker -Map="3lab_ADC.map" -Xlinker --gc-sections -mcpu=cortex-m0 -mthumb -T "3lab_ADC_Debug.ld" -o "3lab_ADC.axf"  ./src/aeabi_romdiv_patch.o ./src/cr_startup_lpc11u.o ./src/crp.o ./src/main.o   -lCMSISv2p00_LPC11Uxx
Finished building target: 3lab_ADC.axf
 
make --no-print-directory post-build
Performing post-build steps
arm-none-eabi-size "3lab_ADC.axf"; # arm-none-eabi-objcopy -O binary "3lab_ADC.axf" "3lab_ADC.bin" ; checksum -p LPC11U14_201 -d "3lab_ADC.bin";
   text	   data	    bss	    dec	    hex	filename
   3344	     12	    360	   3716	    e84	3lab_ADC.axf
 
16:19:27 **** Incremental Build of configuration Debug for project CMSISv2p00_LPC11Uxx ****
make all 
make: Nothing to be done for `all'.
16:19:28 **** Incremental Build of configuration Debug for project 3lab_ADC ****
make all 
Building file: ../src/main.c
Invoking: MCU C Compiler
arm-none-eabi-gcc -D__REDLIB__ -DDEBUG -D__CODE_RED -D__USE_CMSIS=CMSISv2p00_LPC11Uxx -I"C:\Users\paha5124\school\3360\workspace\CMSISv2p00_LPC11Uxx\inc" -O0 -g3 -Wall -c -fmessage-length=0 -fno-builtin -ffunction-sections -fdata-sections -mcpu=cortex-m0 -mthumb -MMD -MP -MF"src/main.d" -MT"src/main.d" -o "src/main.o" "../src/main.c"
Finished building: ../src/main.c
 
Building target: 3lab_ADC.axf
Invoking: MCU Linker
arm-none-eabi-gcc -nostdlib -L"C:\Users\paha5124\school\3360\workspace\CMSISv2p00_LPC11Uxx\Debug" -Xlinker -Map="3lab_ADC.map" -Xlinker --gc-sections -mcpu=cortex-m0 -mthumb -T "3lab_ADC_Debug.ld" -o "3lab_ADC.axf"  ./src/aeabi_romdiv_patch.o ./src/cr_startup_lpc11u.o ./src/crp.o ./src/main.o   -lCMSISv2p00_LPC11Uxx
Finished building target: 3lab_ADC.axf
 
make --no-print-directory post-build
Performing post-build steps
arm-none-eabi-size "3lab_ADC.axf"; # arm-none-eabi-objcopy -O binary "3lab_ADC.axf" "3lab_ADC.bin" ; checksum -p LPC11U14_201 -d "3lab_ADC.bin";
   text	   data	    bss	    dec	    hex	filename
   3420	     12	    360	   3792	    ed0	3lab_ADC.axf
 
16:20:18 **** Incremental Build of configuration Debug for project CMSISv2p00_LPC11Uxx ****
make all 
make: Nothing to be done for `all'.
16:20:19 **** Incremental Build of configuration Debug for project 3lab_ADC ****
make all 
Building file: ../src/main.c
Invoking: MCU C Compiler
arm-none-eabi-gcc -D__REDLIB__ -DDEBUG -D__CODE_RED -D__USE_CMSIS=CMSISv2p00_LPC11Uxx -I"C:\Users\paha5124\school\3360\workspace\CMSISv2p00_LPC11Uxx\inc" -O0 -g3 -Wall -c -fmessage-length=0 -fno-builtin -ffunction-sections -fdata-sections -mcpu=cortex-m0 -mthumb -MMD -MP -MF"src/main.d" -MT"src/main.d" -o "src/main.o" "../src/main.c"
Finished building: ../src/main.c
 
Building target: 3lab_ADC.axf
Invoking: MCU Linker
arm-none-eabi-gcc -nostdlib -L"C:\Users\paha5124\school\3360\workspace\CMSISv2p00_LPC11Uxx\Debug" -Xlinker -Map="3lab_ADC.map" -Xlinker --gc-sections -mcpu=cortex-m0 -mthumb -T "3lab_ADC_Debug.ld" -o "3lab_ADC.axf"  ./src/aeabi_romdiv_patch.o ./src/cr_startup_lpc11u.o ./src/crp.o ./src/main.o   -lCMSISv2p00_LPC11Uxx
Finished building target: 3lab_ADC.axf
 
make --no-print-directory post-build
Performing post-build steps
arm-none-eabi-size "3lab_ADC.axf"; # arm-none-eabi-objcopy -O binary "3lab_ADC.axf" "3lab_ADC.bin" ; checksum -p LPC11U14_201 -d "3lab_ADC.bin";
   text	   data	    bss	    dec	    hex	filename
   3412	     12	    360	   3784	    ec8	3lab_ADC.axf
 
