09:44:23 **** Build of configuration Debug for project pmu_fib ****
make all 
Building target: pmu_fib.axf
Invoking: MCU Linker
arm-none-eabi-gcc -nostdlib -Xlinker -Map=pmu_fib.map -Xlinker --gc-sections -mcpu=cortex-m0 -mthumb -T "pmu_fib_Debug.ld" -o "pmu_fib.axf"  ./startup/cr_startup_lpc11.o  ./src/gpio.o ./src/pmu.o ./src/power_api_demo.o  ./driver/adc.o ./driver/can.o ./driver/clkconfig.o ./driver/crp.o ./driver/debug_printf.o ./driver/gpio.o ./driver/i2c.o ./driver/i2cslave.o ./driver/lpc_swu.o ./driver/rs485.o ./driver/small_gpio.o ./driver/ssp.o ./driver/timer16.o ./driver/timer32.o ./driver/uart.o ./driver/wdt.o  ./cmsis/core_cm0.o ./cmsis/system_LPC11xx.o   
Finished building target: pmu_fib.axf
 
make --no-print-directory post-build
Performing post-build steps
arm-none-eabi-size pmu_fib.axf; # arm-none-eabi-objcopy -O binary pmu_fib.axf pmu_fib.bin ; checksum -p LPC11U14_201 -d pmu_fib.bin;
   text	   data	    bss	    dec	    hex	filename
   4460	      4	    392	   4856	   12f8	pmu_fib.axf
 

09:44:23 Build Finished (took 320ms)

