Archive member included because of file (symbol)

/home/patrick/school/ddl_3360/workspace/LPC11Uxx_Driver_Lib/Debug/libLPC11Uxx_Driver_Lib.a(gpio.o)
                              ./src/main.o (GPIOSetBitValue)
/home/patrick/school/ddl_3360/workspace/LPC11Uxx_Driver_Lib/Debug/libLPC11Uxx_Driver_Lib.a(system_LPC11Uxx.o)
                              ./src/adc.o (SystemCoreClock)
/home/patrick/school/ddl_3360/workspace/LPC11Uxx_Driver_Lib/Debug/libLPC11Uxx_Driver_Lib.a(timer32.o)
                              ./src/main.o (enable_timer32)
/home/patrick/school/ddl_3360/workspace/LPC11Uxx_Driver_Lib/Debug/libLPC11Uxx_Driver_Lib.a(uart.o)
                              ./src/main.o (UARTBuffer)
/usr/local/lpcxpresso_5.2.6_2137/lpcxpresso/tools/bin/../lib/gcc/arm-none-eabi/4.6.2/../../../../arm-none-eabi/lib/armv6-m/libcr_semihost.a(_cr__main.o)
                              ./src/cr_startup_lpc11u.o (__main)
/usr/local/lpcxpresso_5.2.6_2137/lpcxpresso/tools/bin/../lib/gcc/arm-none-eabi/4.6.2/../../../../arm-none-eabi/lib/armv6-m/libcr_c.a(fpprintf.o)
                              ./src/main.o (printf)
/usr/local/lpcxpresso_5.2.6_2137/lpcxpresso/tools/bin/../lib/gcc/arm-none-eabi/4.6.2/../../../../arm-none-eabi/lib/armv6-m/libcr_c.a(initio.o)
                              /usr/local/lpcxpresso_5.2.6_2137/lpcxpresso/tools/bin/../lib/gcc/arm-none-eabi/4.6.2/../../../../arm-none-eabi/lib/armv6-m/libcr_semihost.a(_cr__main.o) (_initio)
/usr/local/lpcxpresso_5.2.6_2137/lpcxpresso/tools/bin/../lib/gcc/arm-none-eabi/4.6.2/../../../../arm-none-eabi/lib/armv6-m/libcr_c.a(printf.o)
                              /usr/local/lpcxpresso_5.2.6_2137/lpcxpresso/tools/bin/../lib/gcc/arm-none-eabi/4.6.2/../../../../arm-none-eabi/lib/armv6-m/libcr_c.a(fpprintf.o) (__vfprintf)
/usr/local/lpcxpresso_5.2.6_2137/lpcxpresso/tools/bin/../lib/gcc/arm-none-eabi/4.6.2/../../../../arm-none-eabi/lib/armv6-m/libcr_c.a(setvbuf.o)
                              /usr/local/lpcxpresso_5.2.6_2137/lpcxpresso/tools/bin/../lib/gcc/arm-none-eabi/4.6.2/../../../../arm-none-eabi/lib/armv6-m/libcr_c.a(initio.o) (setvbuf)
/usr/local/lpcxpresso_5.2.6_2137/lpcxpresso/tools/bin/../lib/gcc/arm-none-eabi/4.6.2/../../../../arm-none-eabi/lib/armv6-m/libcr_c.a(stdio.o)
                              /usr/local/lpcxpresso_5.2.6_2137/lpcxpresso/tools/bin/../lib/gcc/arm-none-eabi/4.6.2/../../../../arm-none-eabi/lib/armv6-m/libcr_c.a(fpprintf.o) (__Ciob)
/usr/local/lpcxpresso_5.2.6_2137/lpcxpresso/tools/bin/../lib/gcc/arm-none-eabi/4.6.2/../../../../arm-none-eabi/lib/armv6-m/libcr_c.a(strlen.o)
                              /usr/local/lpcxpresso_5.2.6_2137/lpcxpresso/tools/bin/../lib/gcc/arm-none-eabi/4.6.2/../../../../arm-none-eabi/lib/armv6-m/libcr_c.a(printf.o) (strlen)
/usr/local/lpcxpresso_5.2.6_2137/lpcxpresso/tools/bin/../lib/gcc/arm-none-eabi/4.6.2/../../../../arm-none-eabi/lib/armv6-m/libcr_c.a(memset.o)
                              /usr/local/lpcxpresso_5.2.6_2137/lpcxpresso/tools/bin/../lib/gcc/arm-none-eabi/4.6.2/../../../../arm-none-eabi/lib/armv6-m/libcr_c.a(fpprintf.o) (memset)
/usr/local/lpcxpresso_5.2.6_2137/lpcxpresso/tools/bin/../lib/gcc/arm-none-eabi/4.6.2/../../../../arm-none-eabi/lib/armv6-m/libcr_c.a(__fillbuf.o)
                              /usr/local/lpcxpresso_5.2.6_2137/lpcxpresso/tools/bin/../lib/gcc/arm-none-eabi/4.6.2/../../../../arm-none-eabi/lib/armv6-m/libcr_c.a(stdio.o) (__filbuf)
/usr/local/lpcxpresso_5.2.6_2137/lpcxpresso/tools/bin/../lib/gcc/arm-none-eabi/4.6.2/../../../../arm-none-eabi/lib/armv6-m/libcr_c.a(_deferredlazyseek.o)
                              /usr/local/lpcxpresso_5.2.6_2137/lpcxpresso/tools/bin/../lib/gcc/arm-none-eabi/4.6.2/../../../../arm-none-eabi/lib/armv6-m/libcr_c.a(__fillbuf.o) (_deferredlazyseek)
/usr/local/lpcxpresso_5.2.6_2137/lpcxpresso/tools/bin/../lib/gcc/arm-none-eabi/4.6.2/../../../../arm-none-eabi/lib/armv6-m/libcr_c.a(_fdopen.o)
                              /usr/local/lpcxpresso_5.2.6_2137/lpcxpresso/tools/bin/../lib/gcc/arm-none-eabi/4.6.2/../../../../arm-none-eabi/lib/armv6-m/libcr_c.a(initio.o) (_fdopen)
/usr/local/lpcxpresso_5.2.6_2137/lpcxpresso/tools/bin/../lib/gcc/arm-none-eabi/4.6.2/../../../../arm-none-eabi/lib/armv6-m/libcr_c.a(_fflush.o)
                              /usr/local/lpcxpresso_5.2.6_2137/lpcxpresso/tools/bin/../lib/gcc/arm-none-eabi/4.6.2/../../../../arm-none-eabi/lib/armv6-m/libcr_c.a(__fillbuf.o) (_fflush)
/usr/local/lpcxpresso_5.2.6_2137/lpcxpresso/tools/bin/../lib/gcc/arm-none-eabi/4.6.2/../../../../arm-none-eabi/lib/armv6-m/libcr_c.a(_frexpl.o)
                              /usr/local/lpcxpresso_5.2.6_2137/lpcxpresso/tools/bin/../lib/gcc/arm-none-eabi/4.6.2/../../../../arm-none-eabi/lib/armv6-m/libcr_c.a(fpprintf.o) (_frexpl)
/usr/local/lpcxpresso_5.2.6_2137/lpcxpresso/tools/bin/../lib/gcc/arm-none-eabi/4.6.2/../../../../arm-none-eabi/lib/armv6-m/libcr_c.a(_ldexpl.o)
[...]
Memory Configuration

Name             Origin             Length             Attributes
MFlash32         0x00000000         0x00008000         xr
RamLoc4          0x10000000         0x00001000         xrw
RamUsb2          0x20004000         0x00000800         xrw
*default*        0x00000000         0xffffffff

Linker script and memory map

LOAD ./src/adc.o
LOAD ./src/asm_fibonacci_cm0.o
LOAD ./src/cr_startup_lpc11u.o
LOAD ./src/main.o
LOAD /home/patrick/school/ddl_3360/workspace/LPC11Uxx_Driver_Lib/Debug/libLPC11Uxx_Driver_Lib.a
LOAD /home/patrick/school/ddl_3360/workspace/CMSISv2p00_LPC11Uxx/Debug/libCMSISv2p00_LPC11Uxx.a
START GROUP
LOAD /usr/local/lpcxpresso_5.2.6_2137/lpcxpresso/tools/bin/../lib/gcc/arm-none-eabi/4.6.2/../../../../arm-none-eabi/lib/armv6-m/libcr_semihost.a
LOAD /usr/local/lpcxpresso_5.2.6_2137/lpcxpresso/tools/bin/../lib/gcc/arm-none-eabi/4.6.2/../../../../arm-none-eabi/lib/armv6-m/libcr_c.a
LOAD /usr/local/lpcxpresso_5.2.6_2137/lpcxpresso/tools/bin/../lib/gcc/arm-none-eabi/4.6.2/armv6-m/libcr_eabihelpers.a
END GROUP
                0x00008000                __top_MFlash32 = 0x8000
                0x10001000                __top_RamLoc4 = 0x10001000
                0x20004800                __top_RamUsb2 = 0x20004800

.text           0x00000000     0x20b0
 FILL mask 0xff
                0x00000000                __vectors_start__ = ABSOLUTE (.)
 *(.isr_vector)
 .isr_vector    0x00000000       0xc0 ./src/cr_startup_lpc11u.o
                0x00000000                g_pfnVectors
                0x000000c0                . = ALIGN (0x4)
                0x000000c0                __section_table_start = .
                0x000000c0                __data_section_table = .
                0x000000c0        0x4 LONG 0x20b0 LOADADDR (.data)
                0x000000c4        0x4 LONG 0x10000000 ADDR (.data)
                0x000000c8        0x4 LONG 0x18 SIZEOF (.data)
                0x000000cc        0x4 LONG 0x20b0 LOADADDR (.data_RAM2)
                0x000000d0        0x4 LONG 0x20004000 ADDR (.data_RAM2)
                0x000000d4        0x4 LONG 0x0 SIZEOF (.data_RAM2)
                0x000000d8                __data_section_table_end = .
                0x000000d8                __bss_section_table = .
                0x000000d8        0x4 LONG 0x10000018 ADDR (.bss)
                0x000000dc        0x4 LONG 0x278 SIZEOF (.bss)
                0x000000e0        0x4 LONG 0x20004000 ADDR (.bss_RAM2)
                0x000000e4        0x4 LONG 0x0 SIZEOF (.bss_RAM2)
                0x000000e8                __bss_section_table_end = .
                0x000000e8                __section_table_end = .
 *(.after_vectors*)
 .after_vectors
                0x000000e8      0x134 ./src/cr_startup_lpc11u.o
                0x000000e8                data_init
                0x0000012c                bss_init
                0x00000160                ResetISR
                0x000001ec                NMI_Handler
                0x000001f4                HardFault_Handler
                0x000001fc                SVC_Handler
                0x00000204                PendSV_Handler
                0x00000214                TIMER16_0_IRQHandler
                0x00000214                IntDefaultHandler
                0x00000214                SSP0_IRQHandler
                0x00000214                USBWakeup_IRQHandler
                0x00000214                TIMER16_1_IRQHandler
                0x00000214                USB_FIQHandler
                0x00000214                ADC_IRQHandler
                0x00000214                SSP1_IRQHandler
                0x00000214                USB_IRQHandler
                0x00000214                BOD_IRQHandler
                0x00000214                I2C_IRQHandler
                0x00000214                WDT_IRQHandler
                0x00000214                FMC_IRQHandler
 *(.text*)
 .text.NVIC_SetPriority
                0x0000021c       0xe0 ./src/main.o
 .text.SysTick_Config
                0x000002fc       0x4c ./src/main.o
 .text.SysTick_Handler
                0x00000348       0x18 ./src/main.o
                0x00000348                SysTick_Handler
 .text.delay_ms
                0x00000360       0x28 ./src/main.o
                0x00000360                delay_ms
 .text.dit      0x00000388       0x34 ./src/main.o
                0x00000388                dit
 .text.dah      0x000003bc       0x38 ./src/main.o
                0x000003bc                dah
 .text.rest     0x000003f4       0x28 ./src/main.o
                0x000003f4                rest
 .text.endWord  0x0000041c       0x28 ./src/main.o
                0x0000041c                endWord
 .text.cwblink8
                0x00000444       0xc0 ./src/main.o
                0x00000444                cwblink8
 .text.cwblink32
                0x00000504      0x14c ./src/main.o
                0x00000504                cwblink32
 .text.fibonacci
                0x00000650       0x48 ./src/main.o
                0x00000650                fibonacci
 .text.main     0x00000698       0xa4 ./src/main.o
                0x00000698                main
 .text.FLEX_INT0_IRQHandler
                0x0000073c       0xb8 /home/patrick/school/ddl_3360/workspace/LPC11Uxx_Driver_Lib/Debug/libLPC11Uxx_Driver_Lib.a(gpio.o)
                0x0000073c                FLEX_INT0_IRQHandler
 .text.FLEX_INT1_IRQHandler
                0x000007f4       0xa0 /home/patrick/school/ddl_3360/workspace/LPC11Uxx_Driver_Lib/Debug/libLPC11Uxx_Driver_Lib.a(gpio.o)
                0x000007f4                FLEX_INT1_IRQHandler
 .text.FLEX_INT2_IRQHandler
                0x00000894       0xa0 /home/patrick/school/ddl_3360/workspace/LPC11Uxx_Driver_Lib/Debug/libLPC11Uxx_Driver_Lib.a(gpio.o)
                0x00000894                FLEX_INT2_IRQHandler
 .text.FLEX_INT3_IRQHandler
                0x00000934       0xa0 /home/patrick/school/ddl_3360/workspace/LPC11Uxx_Driver_Lib/Debug/libLPC11Uxx_Driver_Lib.a(gpio.o)
                0x00000934                FLEX_INT3_IRQHandler
 .text.FLEX_INT4_IRQHandler
                0x000009d4       0xa0 /home/patrick/school/ddl_3360/workspace/LPC11Uxx_Driver_Lib/Debug/libLPC11Uxx_Driver_Lib.a(gpio.o)
                0x000009d4                FLEX_INT4_IRQHandler
 .text.FLEX_INT5_IRQHandler
                0x00000a74       0xa0 /home/patrick/school/ddl_3360/workspace/LPC11Uxx_Driver_Lib/Debug/libLPC11Uxx_Driver_Lib.a(gpio.o)
                0x00000a74                FLEX_INT5_IRQHandler
 .text.FLEX_INT6_IRQHandler
                0x00000b14       0xa0 /home/patrick/school/ddl_3360/workspace/LPC11Uxx_Driver_Lib/Debug/libLPC11Uxx_Driver_Lib.a(gpio.o)
                0x00000b14                FLEX_INT6_IRQHandler
 .text.FLEX_INT7_IRQHandler
                0x00000bb4       0xa0 /home/patrick/school/ddl_3360/workspace/LPC11Uxx_Driver_Lib/Debug/libLPC11Uxx_Driver_Lib.a(gpio.o)
                0x00000bb4                FLEX_INT7_IRQHandler
 .text.GINT0_IRQHandler
                0x00000c54       0x60 /home/patrick/school/ddl_3360/workspace/LPC11Uxx_Driver_Lib/Debug/libLPC11Uxx_Driver_Lib.a(gpio.o)
                0x00000c54                GINT0_IRQHandler
 .text.GINT1_IRQHandler
                0x00000cb4       0x60 /home/patrick/school/ddl_3360/workspace/LPC11Uxx_Driver_Lib/Debug/libLPC11Uxx_Driver_Lib.a(gpio.o)
                0x00000cb4                GINT1_IRQHandler
 .text.GPIOSetBitValue
                0x00000d14       0x54 /home/patrick/school/ddl_3360/workspace/LPC11Uxx_Driver_Lib/Debug/libLPC11Uxx_Driver_Lib.a(gpio.o)
                0x00000d14                GPIOSetBitValue
 .text.GPIOSetDir
                0x00000d68       0x78 /home/patrick/school/ddl_3360/workspace/LPC11Uxx_Driver_Lib/Debug/libLPC11Uxx_Driver_Lib.a(gpio.o)
                0x00000d68                GPIOSetDir
 .text.SystemCoreClockUpdate
                0x00000de0      0x1e0 /home/patrick/school/ddl_3360/workspace/LPC11Uxx_Driver_Lib/Debug/libLPC11Uxx_Driver_Lib.a(system_LPC11Uxx.o)
                0x00000de0                SystemCoreClockUpdate
 .text.SystemInit
                0x00000fc0      0x160 /home/patrick/school/ddl_3360/workspace/LPC11Uxx_Driver_Lib/Debug/libLPC11Uxx_Driver_Lib.a(system_LPC11Uxx.o)
                0x00000fc0                SystemInit
 .text.NVIC_EnableIRQ
                0x00001120       0x2c /home/patrick/school/ddl_3360/workspace/LPC11Uxx_Driver_Lib/Debug/libLPC11Uxx_Driver_Lib.a(timer32.o)
 .text.TIMER32_0_IRQHandler
                0x0000114c       0xc0 /home/patrick/school/ddl_3360/workspace/LPC11Uxx_Driver_Lib/Debug/libLPC11Uxx_Driver_Lib.a(timer32.o)
                0x0000114c                TIMER32_0_IRQHandler
 .text.TIMER32_1_IRQHandler
                0x0000120c       0xdc /home/patrick/school/ddl_3360/workspace/LPC11Uxx_Driver_Lib/Debug/libLPC11Uxx_Driver_Lib.a(timer32.o)
                0x0000120c                TIMER32_1_IRQHandler
 .text.enable_timer32
                0x000012e8       0x30 /home/patrick/school/ddl_3360/workspace/LPC11Uxx_Driver_Lib/Debug/libLPC11Uxx_Driver_Lib.a(timer32.o)
                0x000012e8                enable_timer32
 .text.set_timer32_match
                0x00001318      0x230 /home/patrick/school/ddl_3360/workspace/LPC11Uxx_Driver_Lib/Debug/libLPC11Uxx_Driver_Lib.a(timer32.o)
                0x00001318                set_timer32_match
 .text.init_timer32
                0x00001548      0x114 /home/patrick/school/ddl_3360/workspace/LPC11Uxx_Driver_Lib/Debug/libLPC11Uxx_Driver_Lib.a(timer32.o)
                0x00001548                init_timer32
 .text.NVIC_EnableIRQ
                0x0000165c       0x2c /home/patrick/school/ddl_3360/workspace/LPC11Uxx_Driver_Lib/Debug/libLPC11Uxx_Driver_Lib.a(uart.o)
 .text.NVIC_DisableIRQ
                0x00001688       0x30 /home/patrick/school/ddl_3360/workspace/LPC11Uxx_Driver_Lib/Debug/libLPC11Uxx_Driver_Lib.a(uart.o)
 .text.UART_IRQHandler
                0x000016b8      0x11c /home/patrick/school/ddl_3360/workspace/LPC11Uxx_Driver_Lib/Debug/libLPC11Uxx_Driver_Lib.a(uart.o)
                0x000016b8                UART_IRQHandler
 .text.UARTInit
                0x000017d4      0x108 /home/patrick/school/ddl_3360/workspace/LPC11Uxx_Driver_Lib/Debug/libLPC11Uxx_Driver_Lib.a(uart.o)
                0x000017d4                UARTInit
 .text.__main   0x000018dc       0x12 /usr/local/lpcxpresso_5.2.6_2137/lpcxpresso/tools/bin/../lib/gcc/arm-none-eabi/4.6.2/../../../../arm-none-eabi/lib/armv6-m/libcr_semihost.a(_cr__main.o)
                0x000018dc                __main
                0x000018dc                __CR_SEMIHOST
 *fill*         0x000018ee        0x2 00
 .text._initio  0x000018f0       0xa0 /usr/local/lpcxpresso_5.2.6_2137/lpcxpresso/tools/bin/../lib/gcc/arm-none-eabi/4.6.2/../../../../arm-none-eabi/lib/armv6-m/libcr_c.a(initio.o)
                0x000018f0                _initio
 .text.setvbuf  0x00001990       0x48 /usr/local/lpcxpresso_5.2.6_2137/lpcxpresso/tools/bin/../lib/gcc/arm-none-eabi/4.6.2/../../../../arm-none-eabi/lib/armv6-m/libcr_c.a(setvbuf.o)
                0x00001990                setvbuf
 .text.strlen   0x000019d8       0x58 /usr/local/lpcxpresso_5.2.6_2137/lpcxpresso/tools/bin/../lib/gcc/arm-none-eabi/4.6.2/../../../../arm-none-eabi/lib/armv6-m/libcr_c.a(strlen.o)
                0x000019d8                strlen
 .text.memset   0x00001a30        0x8 /usr/local/lpcxpresso_5.2.6_2137/lpcxpresso/tools/bin/../lib/gcc/arm-none-eabi/4.6.2/../../../../arm-none-eabi/lib/armv6-m/libcr_c.a(memset.o)
                0x00001a30                memset
 .text._deferredlazyseek
                0x00001a38       0x44 /usr/local/lpcxpresso_5.2.6_2137/lpcxpresso/tools/bin/../lib/gcc/arm-none-eabi/4.6.2/../../../../arm-none-eabi/lib/armv6-m/libcr_c.a(_deferredlazyseek.o)
                0x00001a38                _deferredlazyseek
 .text._fdopen  0x00001a7c       0x78 /usr/local/lpcxpresso_5.2.6_2137/lpcxpresso/tools/bin/../lib/gcc/arm-none-eabi/4.6.2/../../../../arm-none-eabi/lib/armv6-m/libcr_c.a(_fdopen.o)
                0x00001a7c                _fdopen
 .text._fflush  0x00001af4       0x60 /usr/local/lpcxpresso_5.2.6_2137/lpcxpresso/tools/bin/../lib/gcc/arm-none-eabi/4.6.2/../../../../arm-none-eabi/lib/armv6-m/libcr_c.a(_fflush.o)
                0x00001af4                _fflush
 .text._Cwritebuf
                0x00001b54       0x6c /usr/local/lpcxpresso_5.2.6_2137/lpcxpresso/tools/bin/../lib/gcc/arm-none-eabi/4.6.2/../../../../arm-none-eabi/lib/armv6-m/libcr_c.a(_writebuf.o)
                0x00001b54                _Cwritebuf
 .text.malloc   0x00001bc0       0xbc /usr/local/lpcxpresso_5.2.6_2137/lpcxpresso/tools/bin/../lib/gcc/arm-none-eabi/4.6.2/../../../../arm-none-eabi/lib/armv6-m/libcr_c.a(alloc.o)
                0x00001bc0                malloc
 .text.free     0x00001c7c        0xa /usr/local/lpcxpresso_5.2.6_2137/lpcxpresso/tools/bin/../lib/gcc/arm-none-eabi/4.6.2/../../../../arm-none-eabi/lib/armv6-m/libcr_c.a(alloc.o)
                0x00001c7c                free
 *fill*         0x00001c86        0x2 00
 .text._Csys_alloc
                0x00001c88       0x20 /usr/local/lpcxpresso_5.2.6_2137/lpcxpresso/tools/bin/../lib/gcc/arm-none-eabi/4.6.2/../../../../arm-none-eabi/lib/armv6-m/libcr_c.a(alloc.o)
                0x00001c88                _Csys_alloc
 .text.fclose   0x00001ca8       0x70 /usr/local/lpcxpresso_5.2.6_2137/lpcxpresso/tools/bin/../lib/gcc/arm-none-eabi/4.6.2/../../../../arm-none-eabi/lib/armv6-m/libcr_c.a(fclose.o)
                0x00001ca8                fclose
 .text.fflush   0x00001d18       0x38 /usr/local/lpcxpresso_5.2.6_2137/lpcxpresso/tools/bin/../lib/gcc/arm-none-eabi/4.6.2/../../../../arm-none-eabi/lib/armv6-m/libcr_c.a(fflush.o)
                0x00001d18                fflush
 .text.fseek    0x00001d50       0xf0 /usr/local/lpcxpresso_5.2.6_2137/lpcxpresso/tools/bin/../lib/gcc/arm-none-eabi/4.6.2/../../../../arm-none-eabi/lib/armv6-m/libcr_c.a(fseek.o)
                0x00001d50                fseek
 .text.ftell    0x00001e40       0x4c /usr/local/lpcxpresso_5.2.6_2137/lpcxpresso/tools/bin/../lib/gcc/arm-none-eabi/4.6.2/../../../../arm-none-eabi/lib/armv6-m/libcr_c.a(ftell.o)
                0x00001e40                ftell
 .text.remove   0x00001e8c       0x12 /usr/local/lpcxpresso_5.2.6_2137/lpcxpresso/tools/bin/../lib/gcc/arm-none-eabi/4.6.2/../../../../arm-none-eabi/lib/armv6-m/libcr_c.a(remove.o)
                0x00001e8c                remove
 *fill*         0x00001e9e        0x2 00
 .text._do_fflush
                0x00001ea0       0x48 /usr/local/lpcxpresso_5.2.6_2137/lpcxpresso/tools/bin/../lib/gcc/arm-none-eabi/4.6.2/../../../../arm-none-eabi/lib/armv6-m/libcr_c.a(_do_fflush.o)
                0x00001ea0                _do_fflush
 .text.__aeabi_division_uidivmod
                0x00001ee8       0x72 /usr/local/lpcxpresso_5.2.6_2137/lpcxpresso/tools/bin/../lib/gcc/arm-none-eabi/4.6.2/armv6-m/libcr_eabihelpers.a(division.o)
                0x00001ee8                __aeabi_uidiv
                0x00001ee8                __aeabi_uidivmod
 .text.__aeabi_division_idiv0
                0x00001f5a        0x2 /usr/local/lpcxpresso_5.2.6_2137/lpcxpresso/tools/bin/../lib/gcc/arm-none-eabi/4.6.2/armv6-m/libcr_eabihelpers.a(division.o)
                0x00001f5a                __aeabi_idiv0
 .text.__aeabi_memset_lowlevel
                0x00001f5c       0x2a /usr/local/lpcxpresso_5.2.6_2137/lpcxpresso/tools/bin/../lib/gcc/arm-none-eabi/4.6.2/armv6-m/libcr_eabihelpers.a(memcpy.o)
                0x00001f5c                __aeabi_lowlevel_memset
 *fill*         0x00001f86        0x2 00
 .text.__sys_appexit
                0x00001f88        0xc /usr/local/lpcxpresso_5.2.6_2137/lpcxpresso/tools/bin/../lib/gcc/arm-none-eabi/4.6.2/../../../../arm-none-eabi/lib/armv6-m/libcr_semihost.a(__sys_appexit.o)
                0x00001f88                __exit
                0x00001f88                __sys_appexit
 .text.__sys_close
                0x00001f94        0xc /usr/local/lpcxpresso_5.2.6_2137/lpcxpresso/tools/bin/../lib/gcc/arm-none-eabi/4.6.2/../../../../arm-none-eabi/lib/armv6-m/libcr_semihost.a(__sys_close.o)
                0x00001f94                __sys_close
 .text.__sys_flen
                0x00001fa0        0xc /usr/local/lpcxpresso_5.2.6_2137/lpcxpresso/tools/bin/../lib/gcc/arm-none-eabi/4.6.2/../../../../arm-none-eabi/lib/armv6-m/libcr_semihost.a(__sys_flen.o)
                0x00001fa0                __sys_flen
 .text.__sys_istty
                0x00001fac        0xc /usr/local/lpcxpresso_5.2.6_2137/lpcxpresso/tools/bin/../lib/gcc/arm-none-eabi/4.6.2/../../../../arm-none-eabi/lib/armv6-m/libcr_semihost.a(__sys_istty.o)
                0x00001fac                __sys_istty
 .text.__sys_remove
                0x00001fb8        0xc /usr/local/lpcxpresso_5.2.6_2137/lpcxpresso/tools/bin/../lib/gcc/arm-none-eabi/4.6.2/../../../../arm-none-eabi/lib/armv6-m/libcr_semihost.a(__sys_remove.o)
                0x00001fb8                __sys_remove
 .text.__sys_seek
                0x00001fc4        0xc /usr/local/lpcxpresso_5.2.6_2137/lpcxpresso/tools/bin/../lib/gcc/arm-none-eabi/4.6.2/../../../../arm-none-eabi/lib/armv6-m/libcr_semihost.a(__sys_seek.o)
                0x00001fc4                __sys_seek
 .text.__sys_tmpnam
                0x00001fd0        0xc /usr/local/lpcxpresso_5.2.6_2137/lpcxpresso/tools/bin/../lib/gcc/arm-none-eabi/4.6.2/../../../../arm-none-eabi/lib/armv6-m/libcr_semihost.a(__sys_tmpnam.o)
                0x00001fd0                __sys_tmpnam
 .text.__sys_write
                0x00001fdc        0xc /usr/local/lpcxpresso_5.2.6_2137/lpcxpresso/tools/bin/../lib/gcc/arm-none-eabi/4.6.2/../../../../arm-none-eabi/lib/armv6-m/libcr_semihost.a(__sys_write.o)
                0x00001fdc                __write
                0x00001fdc                __sys_write
 .text._sbrk    0x00001fe8       0x40 /usr/local/lpcxpresso_5.2.6_2137/lpcxpresso/tools/bin/../lib/gcc/arm-none-eabi/4.6.2/../../../../arm-none-eabi/lib/armv6-m/libcr_semihost.a(_cr_sbrk.o)
                0x00001fe8                _sbrk
 .text.__check_heap_overflow
                0x00002028       0x2c /usr/local/lpcxpresso_5.2.6_2137/lpcxpresso/tools/bin/../lib/gcc/arm-none-eabi/4.6.2/../../../../arm-none-eabi/lib/armv6-m/libcr_semihost.a(_cr_check_heap.o)
                0x00002028                __check_heap_overflow
 *(.rodata .rodata.*)
 .rodata.SystemCoreClockUpdate
                0x00002054       0x40 /home/patrick/school/ddl_3360/workspace/LPC11Uxx_Driver_Lib/Debug/libLPC11Uxx_Driver_Lib.a(system_LPC11Uxx.o)
 .rodata.str1.1
                0x00002094        0x4 /usr/local/lpcxpresso_5.2.6_2137/lpcxpresso/tools/bin/../lib/gcc/arm-none-eabi/4.6.2/../../../../arm-none-eabi/lib/armv6-m/libcr_c.a(initio.o)
 .rodata.str1.1
                0x00002098       0x18 /usr/local/lpcxpresso_5.2.6_2137/lpcxpresso/tools/bin/../lib/gcc/arm-none-eabi/4.6.2/../../../../arm-none-eabi/lib/armv6-m/libcr_c.a(alloc.o)
                0x000020b0                . = ALIGN (0x4)

.glue_7         0x000020b0        0x0
 .glue_7        0x00000000        0x0 linker stubs

.glue_7t        0x000020b0        0x0
 .glue_7t       0x00000000        0x0 linker stubs

.vfp11_veneer   0x000020b0        0x0
 .vfp11_veneer  0x00000000        0x0 linker stubs

.v4_bx          0x000020b0        0x0
 .v4_bx         0x00000000        0x0 linker stubs

.ARM.extab
 *(.ARM.extab* .gnu.linkonce.armextab.*)
                0x000020b0                __exidx_start = .

.ARM.exidx
 *(.ARM.exidx* .gnu.linkonce.armexidx.*)
                0x000020b0                __exidx_end = .
                0x000020b0                _etext = .

.data_RAM2      0x20004000        0x0 load address 0x000020b0
 FILL mask 0xff
 *(.data.$RAM2*)
 *(.data.$RamUsb2*)
                0x20004000                . = ALIGN (0x4)

.uninit_RESERVED
                0x10000000        0x0
 *(.bss.$RESERVED*)
                0x10000000                . = ALIGN (0x4)
                0x10000000                _end_uninit_RESERVED = .

.data           0x10000000       0x18 load address 0x000020b0
 FILL mask 0xff
                0x10000000                _data = .
 *(vtable)
 *(.data*)
 .data.mlut     0x10000000       0x10 ./src/main.o
 .data.SystemCoreClock
                0x10000010        0x4 /home/patrick/school/ddl_3360/workspace/LPC11Uxx_Driver_Lib/Debug/libLPC11Uxx_Driver_Lib.a(system_LPC11Uxx.o)
                0x10000010                SystemCoreClock
 .data.UARTTxEmpty
                0x10000014        0x1 /home/patrick/school/ddl_3360/workspace/LPC11Uxx_Driver_Lib/Debug/libLPC11Uxx_Driver_Lib.a(uart.o)
                0x10000014                UARTTxEmpty
                0x10000018                . = ALIGN (0x4)
 *fill*         0x10000015        0x3 ff
                0x10000018                _edata = .

.bss_RAM2       0x20004000        0x0
 *(.bss.$RAM2*)
 *(.bss.$RamUsb2*)
                0x20004000                . = ALIGN (0x4)

.bss            0x10000018      0x278
                0x10000018                _bss = .
 *(.bss*)
 .bss.wasDit    0x10000018        0x1 ./src/main.o
                0x10000018                wasDit
 *fill*         0x10000019        0x3 00
 .bss.msTicks   0x1000001c        0x4 ./src/main.o
                0x1000001c                msTicks
 .bss.flex_int0_counter
                0x10000020        0x4 /home/patrick/school/ddl_3360/workspace/LPC11Uxx_Driver_Lib/Debug/libLPC11Uxx_Driver_Lib.a(gpio.o)
                0x10000020                flex_int0_counter
 .bss.flex_int1_counter
                0x10000024        0x4 /home/patrick/school/ddl_3360/workspace/LPC11Uxx_Driver_Lib/Debug/libLPC11Uxx_Driver_Lib.a(gpio.o)
                0x10000024                flex_int1_counter
 .bss.flex_int2_counter
                0x10000028        0x4 /home/patrick/school/ddl_3360/workspace/LPC11Uxx_Driver_Lib/Debug/libLPC11Uxx_Driver_Lib.a(gpio.o)
                0x10000028                flex_int2_counter
 .bss.flex_int3_counter
                0x1000002c        0x4 /home/patrick/school/ddl_3360/workspace/LPC11Uxx_Driver_Lib/Debug/libLPC11Uxx_Driver_Lib.a(gpio.o)
                0x1000002c                flex_int3_counter
 .bss.flex_int4_counter
                0x10000030        0x4 /home/patrick/school/ddl_3360/workspace/LPC11Uxx_Driver_Lib/Debug/libLPC11Uxx_Driver_Lib.a(gpio.o)
                0x10000030                flex_int4_counter
 .bss.flex_int5_counter
                0x10000034        0x4 /home/patrick/school/ddl_3360/workspace/LPC11Uxx_Driver_Lib/Debug/libLPC11Uxx_Driver_Lib.a(gpio.o)
                0x10000034                flex_int5_counter
 .bss.flex_int6_counter
                0x10000038        0x4 /home/patrick/school/ddl_3360/workspace/LPC11Uxx_Driver_Lib/Debug/libLPC11Uxx_Driver_Lib.a(gpio.o)
                0x10000038                flex_int6_counter
 .bss.flex_int7_counter
                0x1000003c        0x4 /home/patrick/school/ddl_3360/workspace/LPC11Uxx_Driver_Lib/Debug/libLPC11Uxx_Driver_Lib.a(gpio.o)
                0x1000003c                flex_int7_counter
 .bss.gint0_counter
                0x10000040        0x4 /home/patrick/school/ddl_3360/workspace/LPC11Uxx_Driver_Lib/Debug/libLPC11Uxx_Driver_Lib.a(gpio.o)
                0x10000040                gint0_counter
 .bss.gint1_counter
                0x10000044        0x4 /home/patrick/school/ddl_3360/workspace/LPC11Uxx_Driver_Lib/Debug/libLPC11Uxx_Driver_Lib.a(gpio.o)
                0x10000044                gint1_counter
 .bss.flex_int0_level_counter
                0x10000048        0x4 /home/patrick/school/ddl_3360/workspace/LPC11Uxx_Driver_Lib/Debug/libLPC11Uxx_Driver_Lib.a(gpio.o)
                0x10000048                flex_int0_level_counter
 .bss.flex_int0_rising_edge_counter
                0x1000004c        0x4 /home/patrick/school/ddl_3360/workspace/LPC11Uxx_Driver_Lib/Debug/libLPC11Uxx_Driver_Lib.a(gpio.o)
                0x1000004c                flex_int0_rising_edge_counter
 .bss.flex_int0_falling_edge_counter
                0x10000050        0x4 /home/patrick/school/ddl_3360/workspace/LPC11Uxx_Driver_Lib/Debug/libLPC11Uxx_Driver_Lib.a(gpio.o)
                0x10000050                flex_int0_falling_edge_counter
 .bss.flex_int1_level_counter
                0x10000054        0x4 /home/patrick/school/ddl_3360/workspace/LPC11Uxx_Driver_Lib/Debug/libLPC11Uxx_Driver_Lib.a(gpio.o)
                0x10000054                flex_int1_level_counter
 .bss.flex_int1_rising_edge_counter
                0x10000058        0x4 /home/patrick/school/ddl_3360/workspace/LPC11Uxx_Driver_Lib/Debug/libLPC11Uxx_Driver_Lib.a(gpio.o)
                0x10000058                flex_int1_rising_edge_counter
 .bss.flex_int1_falling_edge_counter
                0x1000005c        0x4 /home/patrick/school/ddl_3360/workspace/LPC11Uxx_Driver_Lib/Debug/libLPC11Uxx_Driver_Lib.a(gpio.o)
                0x1000005c                flex_int1_falling_edge_counter
 .bss.flex_int2_level_counter
                0x10000060        0x4 /home/patrick/school/ddl_3360/workspace/LPC11Uxx_Driver_Lib/Debug/libLPC11Uxx_Driver_Lib.a(gpio.o)
                0x10000060                flex_int2_level_counter
 .bss.flex_int2_rising_edge_counter
                0x10000064        0x4 /home/patrick/school/ddl_3360/workspace/LPC11Uxx_Driver_Lib/Debug/libLPC11Uxx_Driver_Lib.a(gpio.o)
                0x10000064                flex_int2_rising_edge_counter
 .bss.flex_int2_falling_edge_counter
                0x10000068        0x4 /home/patrick/school/ddl_3360/workspace/LPC11Uxx_Driver_Lib/Debug/libLPC11Uxx_Driver_Lib.a(gpio.o)
                0x10000068                flex_int2_falling_edge_counter
 .bss.flex_int3_level_counter
                0x1000006c        0x4 /home/patrick/school/ddl_3360/workspace/LPC11Uxx_Driver_Lib/Debug/libLPC11Uxx_Driver_Lib.a(gpio.o)
                0x1000006c                flex_int3_level_counter
 .bss.flex_int3_rising_edge_counter
                0x10000070        0x4 /home/patrick/school/ddl_3360/workspace/LPC11Uxx_Driver_Lib/Debug/libLPC11Uxx_Driver_Lib.a(gpio.o)
                0x10000070                flex_int3_rising_edge_counter
 .bss.flex_int3_falling_edge_counter
                0x10000074        0x4 /home/patrick/school/ddl_3360/workspace/LPC11Uxx_Driver_Lib/Debug/libLPC11Uxx_Driver_Lib.a(gpio.o)
                0x10000074                flex_int3_falling_edge_counter
 .bss.flex_int4_level_counter
                0x10000078        0x4 /home/patrick/school/ddl_3360/workspace/LPC11Uxx_Driver_Lib/Debug/libLPC11Uxx_Driver_Lib.a(gpio.o)
                0x10000078                flex_int4_level_counter
 .bss.flex_int4_rising_edge_counter
                0x1000007c        0x4 /home/patrick/school/ddl_3360/workspace/LPC11Uxx_Driver_Lib/Debug/libLPC11Uxx_Driver_Lib.a(gpio.o)
                0x1000007c                flex_int4_rising_edge_counter
 .bss.flex_int4_falling_edge_counter
                0x10000080        0x4 /home/patrick/school/ddl_3360/workspace/LPC11Uxx_Driver_Lib/Debug/libLPC11Uxx_Driver_Lib.a(gpio.o)
                0x10000080                flex_int4_falling_edge_counter
 .bss.flex_int5_level_counter
                0x10000084        0x4 /home/patrick/school/ddl_3360/workspace/LPC11Uxx_Driver_Lib/Debug/libLPC11Uxx_Driver_Lib.a(gpio.o)
                0x10000084                flex_int5_level_counter
 .bss.flex_int5_rising_edge_counter
                0x10000088        0x4 /home/patrick/school/ddl_3360/workspace/LPC11Uxx_Driver_Lib/Debug/libLPC11Uxx_Driver_Lib.a(gpio.o)
                0x10000088                flex_int5_rising_edge_counter
 .bss.flex_int5_falling_edge_counter
                0x1000008c        0x4 /home/patrick/school/ddl_3360/workspace/LPC11Uxx_Driver_Lib/Debug/libLPC11Uxx_Driver_Lib.a(gpio.o)
                0x1000008c                flex_int5_falling_edge_counter
 .bss.flex_int6_level_counter
                0x10000090        0x4 /home/patrick/school/ddl_3360/workspace/LPC11Uxx_Driver_Lib/Debug/libLPC11Uxx_Driver_Lib.a(gpio.o)
                0x10000090                flex_int6_level_counter
 .bss.flex_int6_rising_edge_counter
                0x10000094        0x4 /home/patrick/school/ddl_3360/workspace/LPC11Uxx_Driver_Lib/Debug/libLPC11Uxx_Driver_Lib.a(gpio.o)
                0x10000094                flex_int6_rising_edge_counter
 .bss.flex_int6_falling_edge_counter
                0x10000098        0x4 /home/patrick/school/ddl_3360/workspace/LPC11Uxx_Driver_Lib/Debug/libLPC11Uxx_Driver_Lib.a(gpio.o)
                0x10000098                flex_int6_falling_edge_counter
 .bss.flex_int7_level_counter
                0x1000009c        0x4 /home/patrick/school/ddl_3360/workspace/LPC11Uxx_Driver_Lib/Debug/libLPC11Uxx_Driver_Lib.a(gpio.o)
                0x1000009c                flex_int7_level_counter
 .bss.flex_int7_rising_edge_counter
                0x100000a0        0x4 /home/patrick/school/ddl_3360/workspace/LPC11Uxx_Driver_Lib/Debug/libLPC11Uxx_Driver_Lib.a(gpio.o)
                0x100000a0                flex_int7_rising_edge_counter
 .bss.flex_int7_falling_edge_counter
                0x100000a4        0x4 /home/patrick/school/ddl_3360/workspace/LPC11Uxx_Driver_Lib/Debug/libLPC11Uxx_Driver_Lib.a(gpio.o)
                0x100000a4                flex_int7_falling_edge_counter
 .bss.gint0_level_counter
                0x100000a8        0x4 /home/patrick/school/ddl_3360/workspace/LPC11Uxx_Driver_Lib/Debug/libLPC11Uxx_Driver_Lib.a(gpio.o)
                0x100000a8                gint0_level_counter
 .bss.gint0_edge_counter
                0x100000ac        0x4 /home/patrick/school/ddl_3360/workspace/LPC11Uxx_Driver_Lib/Debug/libLPC11Uxx_Driver_Lib.a(gpio.o)
                0x100000ac                gint0_edge_counter
 .bss.gint1_level_counter
                0x100000b0        0x4 /home/patrick/school/ddl_3360/workspace/LPC11Uxx_Driver_Lib/Debug/libLPC11Uxx_Driver_Lib.a(gpio.o)
                0x100000b0                gint1_level_counter
 .bss.gint1_edge_counter
                0x100000b4        0x4 /home/patrick/school/ddl_3360/workspace/LPC11Uxx_Driver_Lib/Debug/libLPC11Uxx_Driver_Lib.a(gpio.o)
                0x100000b4                gint1_edge_counter
 .bss.timer32_0_counter
                0x100000b8       0x10 /home/patrick/school/ddl_3360/workspace/LPC11Uxx_Driver_Lib/Debug/libLPC11Uxx_Driver_Lib.a(timer32.o)
                0x100000b8                timer32_0_counter
 .bss.timer32_1_counter
                0x100000c8       0x10 /home/patrick/school/ddl_3360/workspace/LPC11Uxx_Driver_Lib/Debug/libLPC11Uxx_Driver_Lib.a(timer32.o)
                0x100000c8                timer32_1_counter
 .bss.timer32_0_capture
                0x100000d8       0x10 /home/patrick/school/ddl_3360/workspace/LPC11Uxx_Driver_Lib/Debug/libLPC11Uxx_Driver_Lib.a(timer32.o)
                0x100000d8                timer32_0_capture
 .bss.timer32_1_capture
                0x100000e8       0x10 /home/patrick/school/ddl_3360/workspace/LPC11Uxx_Driver_Lib/Debug/libLPC11Uxx_Driver_Lib.a(timer32.o)
                0x100000e8                timer32_1_capture
 .bss.UARTCount
                0x100000f8        0x4 /home/patrick/school/ddl_3360/workspace/LPC11Uxx_Driver_Lib/Debug/libLPC11Uxx_Driver_Lib.a(uart.o)
                0x100000f8                UARTCount
 .bss.errno     0x100000fc        0x4 /usr/local/lpcxpresso_5.2.6_2137/lpcxpresso/tools/bin/../lib/gcc/arm-none-eabi/4.6.2/../../../../arm-none-eabi/lib/armv6-m/libcr_c.a(errno.o)
                0x100000fc                errno
 *(COMMON)
 COMMON         0x10000100       0x44 /home/patrick/school/ddl_3360/workspace/LPC11Uxx_Driver_Lib/Debug/libLPC11Uxx_Driver_Lib.a(uart.o)
                0x10000100                UARTBuffer
                0x10000140                UARTStatus
 COMMON         0x10000144        0x4 /usr/local/lpcxpresso_5.2.6_2137/lpcxpresso/tools/bin/../lib/gcc/arm-none-eabi/4.6.2/../../../../arm-none-eabi/lib/armv6-m/libcr_c.a(initio.o)
                0x10000144                _extra
 COMMON         0x10000148      0x140 /usr/local/lpcxpresso_5.2.6_2137/lpcxpresso/tools/bin/../lib/gcc/arm-none-eabi/4.6.2/../../../../arm-none-eabi/lib/armv6-m/libcr_c.a(stdio.o)
                0x10000148                __Ciob
 COMMON         0x10000288        0x8 /usr/local/lpcxpresso_5.2.6_2137/lpcxpresso/tools/bin/../lib/gcc/arm-none-eabi/4.6.2/../../../../arm-none-eabi/lib/armv6-m/libcr_c.a(__init_alloc.o)
                0x10000288                __heaps
                0x1000028c                __end_of_heap
                0x10000290                . = ALIGN (0x4)
                0x10000290                _ebss = .
                0x10000290                PROVIDE (end, .)

.noinit_RAM2    0x20004000        0x0
 *(.noinit.$RAM2*)
 *(.noinit.$RamUsb2*)
                0x20004000                . = ALIGN (0x4)

.noinit         0x10000290        0x0
                0x10000290                _noinit = .
 *(.noinit*)
                0x10000290                . = ALIGN (0x4)
                0x10000290                _end_noinit = .
                0x10000290                PROVIDE (_pvHeapStart, .)
                0x10001000                PROVIDE (_vStackTop, (__top_RamLoc4 - 0x0))
OUTPUT(asm_fibonacci.axf elf32-littlearm)

.debug_info     0x00000000     0x5298
 .debug_info    0x00000000      0xad7 ./src/adc.o
 .debug_info    0x00000ad7       0x7f ./src/asm_fibonacci_cm0.o
 .debug_info    0x00000b56      0x292 ./src/cr_startup_lpc11u.o
 .debug_info    0x00000de8      0xb63 ./src/main.o
 .debug_info    0x0000194b     0x1302 /home/patrick/school/ddl_3360/workspace/LPC11Uxx_Driver_Lib/Debug/libLPC11Uxx_Driver_Lib.a(gpio.o)
 .debug_info    0x00002c4d      0x5d2 /home/patrick/school/ddl_3360/workspace/LPC11Uxx_Driver_Lib/Debug/libLPC11Uxx_Driver_Lib.a(system_LPC11Uxx.o)
 .debug_info    0x0000321f     0x113a /home/patrick/school/ddl_3360/workspace/LPC11Uxx_Driver_Lib/Debug/libLPC11Uxx_Driver_Lib.a(timer32.o)
 .debug_info    0x00004359      0xf3f /home/patrick/school/ddl_3360/workspace/LPC11Uxx_Driver_Lib/Debug/libLPC11Uxx_Driver_Lib.a(uart.o)

.debug_abbrev   0x00000000      0xb16
 .debug_abbrev  0x00000000      0x15e ./src/adc.o
 .debug_abbrev  0x0000015e       0x14 ./src/asm_fibonacci_cm0.o
 .debug_abbrev  0x00000172       0xf8 ./src/cr_startup_lpc11u.o
 .debug_abbrev  0x0000026a      0x205 ./src/main.o
 .debug_abbrev  0x0000046f      0x1e8 /home/patrick/school/ddl_3360/workspace/LPC11Uxx_Driver_Lib/Debug/libLPC11Uxx_Driver_Lib.a(gpio.o)
 .debug_abbrev  0x00000657       0xf9 /home/patrick/school/ddl_3360/workspace/LPC11Uxx_Driver_Lib/Debug/libLPC11Uxx_Driver_Lib.a(system_LPC11Uxx.o)
 .debug_abbrev  0x00000750      0x1e8 /home/patrick/school/ddl_3360/workspace/LPC11Uxx_Driver_Lib/Debug/libLPC11Uxx_Driver_Lib.a(timer32.o)
 .debug_abbrev  0x00000938      0x1de /home/patrick/school/ddl_3360/workspace/LPC11Uxx_Driver_Lib/Debug/libLPC11Uxx_Driver_Lib.a(uart.o)

.debug_loc      0x00000000      0xe5e
 .debug_loc     0x00000000       0x9c ./src/adc.o
 .debug_loc     0x0000009c      0x1b0 ./src/cr_startup_lpc11u.o
 .debug_loc     0x0000024c      0x30c ./src/main.o
 .debug_loc     0x00000558      0x44c /home/patrick/school/ddl_3360/workspace/LPC11Uxx_Driver_Lib/Debug/libLPC11Uxx_Driver_Lib.a(gpio.o)
 .debug_loc     0x000009a4       0x70 /home/patrick/school/ddl_3360/workspace/LPC11Uxx_Driver_Lib/Debug/libLPC11Uxx_Driver_Lib.a(system_LPC11Uxx.o)
 .debug_loc     0x00000a14      0x288 /home/patrick/school/ddl_3360/workspace/LPC11Uxx_Driver_Lib/Debug/libLPC11Uxx_Driver_Lib.a(timer32.o)
 .debug_loc     0x00000c9c      0x1c2 /home/patrick/school/ddl_3360/workspace/LPC11Uxx_Driver_Lib/Debug/libLPC11Uxx_Driver_Lib.a(uart.o)

.debug_aranges  0x00000000      0x300
 .debug_aranges
                0x00000000       0x30 ./src/adc.o
 .debug_aranges
                0x00000030       0x20 ./src/asm_fibonacci_cm0.o
 .debug_aranges
                0x00000050       0x60 ./src/cr_startup_lpc11u.o
 .debug_aranges
                0x000000b0       0x90 ./src/main.o
 .debug_aranges
                0x00000140       0xc8 /home/patrick/school/ddl_3360/workspace/LPC11Uxx_Driver_Lib/Debug/libLPC11Uxx_Driver_Lib.a(gpio.o)
 .debug_aranges
                0x00000208       0x28 /home/patrick/school/ddl_3360/workspace/LPC11Uxx_Driver_Lib/Debug/libLPC11Uxx_Driver_Lib.a(system_LPC11Uxx.o)
 .debug_aranges
                0x00000230       0x78 /home/patrick/school/ddl_3360/workspace/LPC11Uxx_Driver_Lib/Debug/libLPC11Uxx_Driver_Lib.a(timer32.o)
 .debug_aranges
                0x000002a8       0x58 /home/patrick/school/ddl_3360/workspace/LPC11Uxx_Driver_Lib/Debug/libLPC11Uxx_Driver_Lib.a(uart.o)

.debug_ranges   0x00000000      0x270
 .debug_ranges  0x00000000       0x20 ./src/adc.o
 .debug_ranges  0x00000020       0x50 ./src/cr_startup_lpc11u.o
 .debug_ranges  0x00000070       0x80 ./src/main.o
 .debug_ranges  0x000000f0       0xb8 /home/patrick/school/ddl_3360/workspace/LPC11Uxx_Driver_Lib/Debug/libLPC11Uxx_Driver_Lib.a(gpio.o)
 .debug_ranges  0x000001a8       0x18 /home/patrick/school/ddl_3360/workspace/LPC11Uxx_Driver_Lib/Debug/libLPC11Uxx_Driver_Lib.a(system_LPC11Uxx.o)
 .debug_ranges  0x000001c0       0x68 /home/patrick/school/ddl_3360/workspace/LPC11Uxx_Driver_Lib/Debug/libLPC11Uxx_Driver_Lib.a(timer32.o)
 .debug_ranges  0x00000228       0x48 /home/patrick/school/ddl_3360/workspace/LPC11Uxx_Driver_Lib/Debug/libLPC11Uxx_Driver_Lib.a(uart.o)

.debug_line     0x00000000     0x25a3
 .debug_line    0x00000000      0x41a ./src/adc.o
 .debug_line    0x0000041a       0x64 ./src/asm_fibonacci_cm0.o
 .debug_line    0x0000047e      0x436 ./src/cr_startup_lpc11u.o
 .debug_line    0x000008b4      0x64e ./src/main.o
 .debug_line    0x00000f02      0x6cd /home/patrick/school/ddl_3360/workspace/LPC11Uxx_Driver_Lib/Debug/libLPC11Uxx_Driver_Lib.a(gpio.o)
 .debug_line    0x000015cf      0x49c /home/patrick/school/ddl_3360/workspace/LPC11Uxx_Driver_Lib/Debug/libLPC11Uxx_Driver_Lib.a(system_LPC11Uxx.o)
 .debug_line    0x00001a6b      0x5dc /home/patrick/school/ddl_3360/workspace/LPC11Uxx_Driver_Lib/Debug/libLPC11Uxx_Driver_Lib.a(timer32.o)
 .debug_line    0x00002047      0x55c /home/patrick/school/ddl_3360/workspace/LPC11Uxx_Driver_Lib/Debug/libLPC11Uxx_Driver_Lib.a(uart.o)

.debug_macinfo  0x00000000    0x24c62
 .debug_macinfo
                0x00000000     0x52f2 ./src/adc.o
 .debug_macinfo
                0x000052f2     0x5216 ./src/cr_startup_lpc11u.o
 .debug_macinfo
                0x0000a508     0x5856 ./src/main.o
 .debug_macinfo
                0x0000fd5e     0x528d /home/patrick/school/ddl_3360/workspace/LPC11Uxx_Driver_Lib/Debug/libLPC11Uxx_Driver_Lib.a(gpio.o)
 .debug_macinfo
                0x00014feb     0x5500 /home/patrick/school/ddl_3360/workspace/LPC11Uxx_Driver_Lib/Debug/libLPC11Uxx_Driver_Lib.a(system_LPC11Uxx.o)
 .debug_macinfo
                0x0001a4eb     0x52d3 /home/patrick/school/ddl_3360/workspace/LPC11Uxx_Driver_Lib/Debug/libLPC11Uxx_Driver_Lib.a(timer32.o)
 .debug_macinfo
                0x0001f7be     0x54a4 /home/patrick/school/ddl_3360/workspace/LPC11Uxx_Driver_Lib/Debug/libLPC11Uxx_Driver_Lib.a(uart.o)

.debug_str      0x00000000     0x1414
 .debug_str     0x00000000      0x5c2 ./src/adc.o
                                0x5e9 (size before relaxing)
 .debug_str     0x000005c2      0x12f ./src/cr_startup_lpc11u.o
                                0x233 (size before relaxing)
 .debug_str     0x000006f1      0x337 ./src/main.o
                                0x6e6 (size before relaxing)
 .debug_str     0x00000a28      0x653 /home/patrick/school/ddl_3360/workspace/LPC11Uxx_Driver_Lib/Debug/libLPC11Uxx_Driver_Lib.a(gpio.o)
                                0xbe9 (size before relaxing)
 .debug_str     0x0000107b       0x48 /home/patrick/school/ddl_3360/workspace/LPC11Uxx_Driver_Lib/Debug/libLPC11Uxx_Driver_Lib.a(system_LPC11Uxx.o)
                                0x3c9 (size before relaxing)
 .debug_str     0x000010c3      0x1a4 /home/patrick/school/ddl_3360/workspace/LPC11Uxx_Driver_Lib/Debug/libLPC11Uxx_Driver_Lib.a(timer32.o)
                                0x966 (size before relaxing)
 .debug_str     0x00001267      0x1ad /home/patrick/school/ddl_3360/workspace/LPC11Uxx_Driver_Lib/Debug/libLPC11Uxx_Driver_Lib.a(uart.o)
                                0x973 (size before relaxing)

.comment        0x00000000       0xe0
 .comment       0x00000000       0x70 ./src/adc.o
                                 0x71 (size before relaxing)
 .comment       0x00000000       0x71 ./src/cr_startup_lpc11u.o
 .comment       0x00000000       0x71 ./src/main.o
 .comment       0x00000000       0x71 /home/patrick/school/ddl_3360/workspace/LPC11Uxx_Driver_Lib/Debug/libLPC11Uxx_Driver_Lib.a(gpio.o)
 .comment       0x00000000       0x71 /home/patrick/school/ddl_3360/workspace/LPC11Uxx_Driver_Lib/Debug/libLPC11Uxx_Driver_Lib.a(system_LPC11Uxx.o)
 .comment       0x00000000       0x71 /home/patrick/school/ddl_3360/workspace/LPC11Uxx_Driver_Lib/Debug/libLPC11Uxx_Driver_Lib.a(timer32.o)
 .comment       0x00000000       0x71 /home/patrick/school/ddl_3360/workspace/LPC11Uxx_Driver_Lib/Debug/libLPC11Uxx_Driver_Lib.a(uart.o)
 .comment       0x00000070       0x70 /usr/local/lpcxpresso_5.2.6_2137/lpcxpresso/tools/bin/../lib/gcc/arm-none-eabi/4.6.2/../../../../arm-none-eabi/lib/armv6-m/libcr_semihost.a(_cr__main.o)
                                 0x71 (size before relaxing)
 .comment       0x00000000       0x71 /usr/local/lpcxpresso_5.2.6_2137/lpcxpresso/tools/bin/../lib/gcc/arm-none-eabi/4.6.2/../../../../arm-none-eabi/lib/armv6-m/libcr_c.a(fpprintf.o)
 .comment       0x00000000       0x71 /usr/local/lpcxpresso_5.2.6_2137/lpcxpresso/tools/bin/../lib/gcc/arm-none-eabi/4.6.2/../../../../arm-none-eabi/lib/armv6-m/libcr_c.a(initio.o)
 .comment       0x00000000       0x71 /usr/local/lpcxpresso_5.2.6_2137/lpcxpresso/tools/bin/../lib/gcc/arm-none-eabi/4.6.2/../../../../arm-none-eabi/lib/armv6-m/libcr_c.a(printf.o)
 .comment       0x00000000       0x71 /usr/local/lpcxpresso_5.2.6_2137/lpcxpresso/tools/bin/../lib/gcc/arm-none-eabi/4.6.2/../../../../arm-none-eabi/lib/armv6-m/libcr_c.a(setvbuf.o)
 .comment       0x00000000       0x71 /usr/local/lpcxpresso_5.2.6_2137/lpcxpresso/tools/bin/../lib/gcc/arm-none-eabi/4.6.2/../../../../arm-none-eabi/lib/armv6-m/libcr_c.a(stdio.o)
 .comment       0x00000000       0x71 /usr/local/lpcxpresso_5.2.6_2137/lpcxpresso/tools/bin/../lib/gcc/arm-none-eabi/4.6.2/../../../../arm-none-eabi/lib/armv6-m/libcr_c.a(strlen.o)
 .comment       0x00000000       0x71 /usr/local/lpcxpresso_5.2.6_2137/lpcxpresso/tools/bin/../lib/gcc/arm-none-eabi/4.6.2/../../../../arm-none-eabi/lib/armv6-m/libcr_c.a(memset.o)
 .comment       0x00000000       0x71 /usr/local/lpcxpresso_5.2.6_2137/lpcxpresso/tools/bin/../lib/gcc/arm-none-eabi/4.6.2/../../../../arm-none-eabi/lib/armv6-m/libcr_c.a(__fillbuf.o)
 .comment       0x00000000       0x71 /usr/local/lpcxpresso_5.2.6_2137/lpcxpresso/tools/bin/../lib/gcc/arm-none-eabi/4.6.2/../../../../arm-none-eabi/lib/armv6-m/libcr_c.a(_deferredlazyseek.o)
 .comment       0x00000000       0x71 /usr/local/lpcxpresso_5.2.6_2137/lpcxpresso/tools/bin/../lib/gcc/arm-none-eabi/4.6.2/../../../../arm-none-eabi/lib/armv6-m/libcr_c.a(_fdopen.o)
 .comment       0x00000000       0x71 /usr/local/lpcxpresso_5.2.6_2137/lpcxpresso/tools/bin/../lib/gcc/arm-none-eabi/4.6.2/../../../../arm-none-eabi/lib/armv6-m/libcr_c.a(_fflush.o)
 .comment       0x00000000       0x71 /usr/local/lpcxpresso_5.2.6_2137/lpcxpresso/tools/bin/../lib/gcc/arm-none-eabi/4.6.2/../../../../arm-none-eabi/lib/armv6-m/libcr_c.a(_frexpl.o)
 .comment       0x00000000       0x71 /usr/local/lpcxpresso_5.2.6_2137/lpcxpresso/tools/bin/../lib/gcc/arm-none-eabi/4.6.2/../../../../arm-none-eabi/lib/armv6-m/libcr_c.a(_ldexpl.o)
 .comment       0x00000000       0x71 /usr/local/lpcxpresso_5.2.6_2137/lpcxpresso/tools/bin/../lib/gcc/arm-none-eabi/4.6.2/../../../../arm-none-eabi/lib/armv6-m/libcr_c.a(_writebuf.o)
 .comment       0x00000000       0x71 /usr/local/lpcxpresso_5.2.6_2137/lpcxpresso/tools/bin/../lib/gcc/arm-none-eabi/4.6.2/../../../../arm-none-eabi/lib/armv6-m/libcr_c.a(alloc.o)
 .comment       0x00000000       0x71 /usr/local/lpcxpresso_5.2.6_2137/lpcxpresso/tools/bin/../lib/gcc/arm-none-eabi/4.6.2/../../../../arm-none-eabi/lib/armv6-m/libcr_c.a(errno.o)
 .comment       0x00000000       0x71 /usr/local/lpcxpresso_5.2.6_2137/lpcxpresso/tools/bin/../lib/gcc/arm-none-eabi/4.6.2/../../../../arm-none-eabi/lib/armv6-m/libcr_c.a(fclose.o)
 .comment       0x00000000       0x71 /usr/local/lpcxpresso_5.2.6_2137/lpcxpresso/tools/bin/../lib/gcc/arm-none-eabi/4.6.2/../../../../arm-none-eabi/lib/armv6-m/libcr_c.a(fflush.o)
 .comment       0x00000000       0x71 /usr/local/lpcxpresso_5.2.6_2137/lpcxpresso/tools/bin/../lib/gcc/arm-none-eabi/4.6.2/../../../../arm-none-eabi/lib/armv6-m/libcr_c.a(fseek.o)
 .comment       0x00000000       0x71 /usr/local/lpcxpresso_5.2.6_2137/lpcxpresso/tools/bin/../lib/gcc/arm-none-eabi/4.6.2/../../../../arm-none-eabi/lib/armv6-m/libcr_c.a(ftell.o)
 .comment       0x00000000       0x71 /usr/local/lpcxpresso_5.2.6_2137/lpcxpresso/tools/bin/../lib/gcc/arm-none-eabi/4.6.2/../../../../arm-none-eabi/lib/armv6-m/libcr_c.a(remove.o)
 .comment       0x00000000       0x71 /usr/local/lpcxpresso_5.2.6_2137/lpcxpresso/tools/bin/../lib/gcc/arm-none-eabi/4.6.2/../../../../arm-none-eabi/lib/armv6-m/libcr_c.a(memcpy.o)
 .comment       0x00000000       0x71 /usr/local/lpcxpresso_5.2.6_2137/lpcxpresso/tools/bin/../lib/gcc/arm-none-eabi/4.6.2/../../../../arm-none-eabi/lib/armv6-m/libcr_c.a(__init_alloc.o)
 .comment       0x00000000       0x71 /usr/local/lpcxpresso_5.2.6_2137/lpcxpresso/tools/bin/../lib/gcc/arm-none-eabi/4.6.2/../../../../arm-none-eabi/lib/armv6-m/libcr_c.a(_do_fflush.o)
 .comment       0x00000000       0x71 /usr/local/lpcxpresso_5.2.6_2137/lpcxpresso/tools/bin/../lib/gcc/arm-none-eabi/4.6.2/../../../../arm-none-eabi/lib/armv6-m/libcr_c.a(_hugeval.o)
 .comment       0x00000000       0x71 /usr/local/lpcxpresso_5.2.6_2137/lpcxpresso/tools/bin/../lib/gcc/arm-none-eabi/4.6.2/armv6-m/libcr_eabihelpers.a(double.o)
 .comment       0x00000000       0x71 /usr/local/lpcxpresso_5.2.6_2137/lpcxpresso/tools/bin/../lib/gcc/arm-none-eabi/4.6.2/../../../../arm-none-eabi/lib/armv6-m/libcr_semihost.a(_cr_sbrk.o)
 .comment       0x00000000       0x71 /usr/local/lpcxpresso_5.2.6_2137/lpcxpresso/tools/bin/../lib/gcc/arm-none-eabi/4.6.2/../../../../arm-none-eabi/lib/armv6-m/libcr_semihost.a(_cr_check_heap.o)

.ARM.attributes
                0x00000000       0x2f
 .ARM.attributes
                0x00000000       0x31 ./src/adc.o
 .ARM.attributes
                0x00000031       0x21 ./src/asm_fibonacci_cm0.o
 .ARM.attributes
                0x00000052       0x31 ./src/cr_startup_lpc11u.o
 .ARM.attributes
                0x00000083       0x31 ./src/main.o
 .ARM.attributes
                0x000000b4       0x31 /home/patrick/school/ddl_3360/workspace/LPC11Uxx_Driver_Lib/Debug/libLPC11Uxx_Driver_Lib.a(gpio.o)
 .ARM.attributes
                0x000000e5       0x31 /home/patrick/school/ddl_3360/workspace/LPC11Uxx_Driver_Lib/Debug/libLPC11Uxx_Driver_Lib.a(system_LPC11Uxx.o)
 .ARM.attributes
                0x00000116       0x31 /home/patrick/school/ddl_3360/workspace/LPC11Uxx_Driver_Lib/Debug/libLPC11Uxx_Driver_Lib.a(timer32.o)
 .ARM.attributes
                0x00000147       0x31 /home/patrick/school/ddl_3360/workspace/LPC11Uxx_Driver_Lib/Debug/libLPC11Uxx_Driver_Lib.a(uart.o)
 .ARM.attributes
                0x00000178       0x31 /usr/local/lpcxpresso_5.2.6_2137/lpcxpresso/tools/bin/../lib/gcc/arm-none-eabi/4.6.2/../../../../arm-none-eabi/lib/armv6-m/libcr_semihost.a(_cr__main.o)
 .ARM.attributes
                0x000001a9       0x31 /usr/local/lpcxpresso_5.2.6_2137/lpcxpresso/tools/bin/../lib/gcc/arm-none-eabi/4.6.2/../../../../arm-none-eabi/lib/armv6-m/libcr_c.a(fpprintf.o)
 .ARM.attributes
                0x000001da       0x31 /usr/local/lpcxpresso_5.2.6_2137/lpcxpresso/tools/bin/../lib/gcc/arm-none-eabi/4.6.2/../../../../arm-none-eabi/lib/armv6-m/libcr_c.a(initio.o)
 .ARM.attributes
                0x0000020b       0x31 /usr/local/lpcxpresso_5.2.6_2137/lpcxpresso/tools/bin/../lib/gcc/arm-none-eabi/4.6.2/../../../../arm-none-eabi/lib/armv6-m/libcr_c.a(printf.o)
 .ARM.attributes
                0x0000023c       0x31 /usr/local/lpcxpresso_5.2.6_2137/lpcxpresso/tools/bin/../lib/gcc/arm-none-eabi/4.6.2/../../../../arm-none-eabi/lib/armv6-m/libcr_c.a(setvbuf.o)
 .ARM.attributes
                0x0000026d       0x31 /usr/local/lpcxpresso_5.2.6_2137/lpcxpresso/tools/bin/../lib/gcc/arm-none-eabi/4.6.2/../../../../arm-none-eabi/lib/armv6-m/libcr_c.a(stdio.o)
 .ARM.attributes
                0x0000029e       0x31 /usr/local/lpcxpresso_5.2.6_2137/lpcxpresso/tools/bin/../lib/gcc/arm-none-eabi/4.6.2/../../../../arm-none-eabi/lib/armv6-m/libcr_c.a(strlen.o)
 .ARM.attributes
                0x000002cf       0x31 /usr/local/lpcxpresso_5.2.6_2137/lpcxpresso/tools/bin/../lib/gcc/arm-none-eabi/4.6.2/../../../../arm-none-eabi/lib/armv6-m/libcr_c.a(memset.o)
 .ARM.attributes
                0x00000300       0x31 /usr/local/lpcxpresso_5.2.6_2137/lpcxpresso/tools/bin/../lib/gcc/arm-none-eabi/4.6.2/../../../../arm-none-eabi/lib/armv6-m/libcr_c.a(__fillbuf.o)
 .ARM.attributes
                0x00000331       0x31 /usr/local/lpcxpresso_5.2.6_2137/lpcxpresso/tools/bin/../lib/gcc/arm-none-eabi/4.6.2/../../../../arm-none-eabi/lib/armv6-m/libcr_c.a(_deferredlazyseek.o)
 .ARM.attributes
                0x00000362       0x31 /usr/local/lpcxpresso_5.2.6_2137/lpcxpresso/tools/bin/../lib/gcc/arm-none-eabi/4.6.2/../../../../arm-none-eabi/lib/armv6-m/libcr_c.a(_fdopen.o)
 .ARM.attributes
                0x00000393       0x31 /usr/local/lpcxpresso_5.2.6_2137/lpcxpresso/tools/bin/../lib/gcc/arm-none-eabi/4.6.2/../../../../arm-none-eabi/lib/armv6-m/libcr_c.a(_fflush.o)
 .ARM.attributes
                0x000003c4       0x31 /usr/local/lpcxpresso_5.2.6_2137/lpcxpresso/tools/bin/../lib/gcc/arm-none-eabi/4.6.2/../../../../arm-none-eabi/lib/armv6-m/libcr_c.a(_frexpl.o)
 .ARM.attributes
                0x000003f5       0x31 /usr/local/lpcxpresso_5.2.6_2137/lpcxpresso/tools/bin/../lib/gcc/arm-none-eabi/4.6.2/../../../../arm-none-eabi/lib/armv6-m/libcr_c.a(_ldexpl.o)
 .ARM.attributes
                0x00000426       0x31 /usr/local/lpcxpresso_5.2.6_2137/lpcxpresso/tools/bin/../lib/gcc/arm-none-eabi/4.6.2/../../../../arm-none-eabi/lib/armv6-m/libcr_c.a(_writebuf.o)
 .ARM.attributes
                0x00000457       0x31 /usr/local/lpcxpresso_5.2.6_2137/lpcxpresso/tools/bin/../lib/gcc/arm-none-eabi/4.6.2/../../../../arm-none-eabi/lib/armv6-m/libcr_c.a(alloc.o)
 .ARM.attributes
                0x00000488       0x31 /usr/local/lpcxpresso_5.2.6_2137/lpcxpresso/tools/bin/../lib/gcc/arm-none-eabi/4.6.2/../../../../arm-none-eabi/lib/armv6-m/libcr_c.a(errno.o)
 .ARM.attributes
                0x000004b9       0x31 /usr/local/lpcxpresso_5.2.6_2137/lpcxpresso/tools/bin/../lib/gcc/arm-none-eabi/4.6.2/../../../../arm-none-eabi/lib/armv6-m/libcr_c.a(fclose.o)
 .ARM.attributes
                0x000004ea       0x31 /usr/local/lpcxpresso_5.2.6_2137/lpcxpresso/tools/bin/../lib/gcc/arm-none-eabi/4.6.2/../../../../arm-none-eabi/lib/armv6-m/libcr_c.a(fflush.o)
 .ARM.attributes
                0x0000051b       0x31 /usr/local/lpcxpresso_5.2.6_2137/lpcxpresso/tools/bin/../lib/gcc/arm-none-eabi/4.6.2/../../../../arm-none-eabi/lib/armv6-m/libcr_c.a(fseek.o)
 .ARM.attributes
                0x0000054c       0x31 /usr/local/lpcxpresso_5.2.6_2137/lpcxpresso/tools/bin/../lib/gcc/arm-none-eabi/4.6.2/../../../../arm-none-eabi/lib/armv6-m/libcr_c.a(ftell.o)
 .ARM.attributes
                0x0000057d       0x31 /usr/local/lpcxpresso_5.2.6_2137/lpcxpresso/tools/bin/../lib/gcc/arm-none-eabi/4.6.2/../../../../arm-none-eabi/lib/armv6-m/libcr_c.a(remove.o)
 .ARM.attributes
                0x000005ae       0x31 /usr/local/lpcxpresso_5.2.6_2137/lpcxpresso/tools/bin/../lib/gcc/arm-none-eabi/4.6.2/../../../../arm-none-eabi/lib/armv6-m/libcr_c.a(memcpy.o)
 .ARM.attributes
                0x000005df       0x31 /usr/local/lpcxpresso_5.2.6_2137/lpcxpresso/tools/bin/../lib/gcc/arm-none-eabi/4.6.2/../../../../arm-none-eabi/lib/armv6-m/libcr_c.a(__init_alloc.o)
 .ARM.attributes
                0x00000610       0x31 /usr/local/lpcxpresso_5.2.6_2137/lpcxpresso/tools/bin/../lib/gcc/arm-none-eabi/4.6.2/../../../../arm-none-eabi/lib/armv6-m/libcr_c.a(_do_fflush.o)
 .ARM.attributes
                0x00000641       0x31 /usr/local/lpcxpresso_5.2.6_2137/lpcxpresso/tools/bin/../lib/gcc/arm-none-eabi/4.6.2/../../../../arm-none-eabi/lib/armv6-m/libcr_c.a(_hugeval.o)
 .ARM.attributes
                0x00000672       0x21 /usr/local/lpcxpresso_5.2.6_2137/lpcxpresso/tools/bin/../lib/gcc/arm-none-eabi/4.6.2/armv6-m/libcr_eabihelpers.a(division.o)
 .ARM.attributes
                0x00000693       0x31 /usr/local/lpcxpresso_5.2.6_2137/lpcxpresso/tools/bin/../lib/gcc/arm-none-eabi/4.6.2/armv6-m/libcr_eabihelpers.a(double.o)
 .ARM.attributes
                0x000006c4       0x21 /usr/local/lpcxpresso_5.2.6_2137/lpcxpresso/tools/bin/../lib/gcc/arm-none-eabi/4.6.2/armv6-m/libcr_eabihelpers.a(llong.o)
 .ARM.attributes
                0x000006e5       0x21 /usr/local/lpcxpresso_5.2.6_2137/lpcxpresso/tools/bin/../lib/gcc/arm-none-eabi/4.6.2/armv6-m/libcr_eabihelpers.a(memcpy.o)
 .ARM.attributes
                0x00000706       0x21 /usr/local/lpcxpresso_5.2.6_2137/lpcxpresso/tools/bin/../lib/gcc/arm-none-eabi/4.6.2/../../../../arm-none-eabi/lib/armv6-m/libcr_semihost.a(__sys_appexit.o)
 .ARM.attributes
                0x00000727       0x21 /usr/local/lpcxpresso_5.2.6_2137/lpcxpresso/tools/bin/../lib/gcc/arm-none-eabi/4.6.2/../../../../arm-none-eabi/lib/armv6-m/libcr_semihost.a(__sys_close.o)
 .ARM.attributes
                0x00000748       0x21 /usr/local/lpcxpresso_5.2.6_2137/lpcxpresso/tools/bin/../lib/gcc/arm-none-eabi/4.6.2/../../../../arm-none-eabi/lib/armv6-m/libcr_semihost.a(__sys_flen.o)
 .ARM.attributes
                0x00000769       0x21 /usr/local/lpcxpresso_5.2.6_2137/lpcxpresso/tools/bin/../lib/gcc/arm-none-eabi/4.6.2/../../../../arm-none-eabi/lib/armv6-m/libcr_semihost.a(__sys_istty.o)
 .ARM.attributes
                0x0000078a       0x21 /usr/local/lpcxpresso_5.2.6_2137/lpcxpresso/tools/bin/../lib/gcc/arm-none-eabi/4.6.2/../../../../arm-none-eabi/lib/armv6-m/libcr_semihost.a(__sys_read.o)
 .ARM.attributes
                0x000007ab       0x21 /usr/local/lpcxpresso_5.2.6_2137/lpcxpresso/tools/bin/../lib/gcc/arm-none-eabi/4.6.2/../../../../arm-none-eabi/lib/armv6-m/libcr_semihost.a(__sys_readc.o)
 .ARM.attributes
                0x000007cc       0x21 /usr/local/lpcxpresso_5.2.6_2137/lpcxpresso/tools/bin/../lib/gcc/arm-none-eabi/4.6.2/../../../../arm-none-eabi/lib/armv6-m/libcr_semihost.a(__sys_remove.o)
 .ARM.attributes
                0x000007ed       0x21 /usr/local/lpcxpresso_5.2.6_2137/lpcxpresso/tools/bin/../lib/gcc/arm-none-eabi/4.6.2/../../../../arm-none-eabi/lib/armv6-m/libcr_semihost.a(__sys_rename.o)
 .ARM.attributes
                0x0000080e       0x21 /usr/local/lpcxpresso_5.2.6_2137/lpcxpresso/tools/bin/../lib/gcc/arm-none-eabi/4.6.2/../../../../arm-none-eabi/lib/armv6-m/libcr_semihost.a(__sys_seek.o)
 .ARM.attributes
                0x0000082f       0x21 /usr/local/lpcxpresso_5.2.6_2137/lpcxpresso/tools/bin/../lib/gcc/arm-none-eabi/4.6.2/../../../../arm-none-eabi/lib/armv6-m/libcr_semihost.a(__sys_tmpnam.o)
 .ARM.attributes
                0x00000850       0x21 /usr/local/lpcxpresso_5.2.6_2137/lpcxpresso/tools/bin/../lib/gcc/arm-none-eabi/4.6.2/../../../../arm-none-eabi/lib/armv6-m/libcr_semihost.a(__sys_write.o)
 .ARM.attributes
                0x00000871       0x31 /usr/local/lpcxpresso_5.2.6_2137/lpcxpresso/tools/bin/../lib/gcc/arm-none-eabi/4.6.2/../../../../arm-none-eabi/lib/armv6-m/libcr_semihost.a(_cr_sbrk.o)
 .ARM.attributes
                0x000008a2       0x31 /usr/local/lpcxpresso_5.2.6_2137/lpcxpresso/tools/bin/../lib/gcc/arm-none-eabi/4.6.2/../../../../arm-none-eabi/lib/armv6-m/libcr_semihost.a(_cr_check_heap.o)

.debug_frame    0x00000000      0x8f0
 .debug_frame   0x00000000       0x6c ./src/adc.o
 .debug_frame   0x0000006c      0x118 ./src/cr_startup_lpc11u.o
 .debug_frame   0x00000184      0x1e0 ./src/main.o
 .debug_frame   0x00000364      0x2a4 /home/patrick/school/ddl_3360/workspace/LPC11Uxx_Driver_Lib/Debug/libLPC11Uxx_Driver_Lib.a(gpio.o)
 .debug_frame   0x00000608       0x50 /home/patrick/school/ddl_3360/workspace/LPC11Uxx_Driver_Lib/Debug/libLPC11Uxx_Driver_Lib.a(system_LPC11Uxx.o)
 .debug_frame   0x00000658      0x188 /home/patrick/school/ddl_3360/workspace/LPC11Uxx_Driver_Lib/Debug/libLPC11Uxx_Driver_Lib.a(timer32.o)
 .debug_frame   0x000007e0      0x110 /home/patrick/school/ddl_3360/workspace/LPC11Uxx_Driver_Lib/Debug/libLPC11Uxx_Driver_Lib.a(uart.o)
