Archive member included because of file (symbol)

/home/patrick/school/ddl_3360/workspace/LPC11Uxx_Driver_Lib/Debug/libLPC11Uxx_Driver_Lib.a(system_LPC11Uxx.o)
                              ./src/i2cmontst.o (SystemCoreClockUpdate)
/usr/local/lpcxpresso_5.2.6_2137/lpcxpresso/tools/bin/../lib/gcc/arm-none-eabi/4.6.2/../../../../arm-none-eabi/lib/armv6-m/libcr_c.a(__weak__main.o)
                              ./src/cr_startup_lpc11u.o (__main)
/usr/local/lpcxpresso_5.2.6_2137/lpcxpresso/tools/bin/../lib/gcc/arm-none-eabi/4.6.2/armv6-m/libcr_eabihelpers.a(division.o)
                              /home/patrick/school/ddl_3360/workspace/LPC11Uxx_Driver_Lib/Debug/libLPC11Uxx_Driver_Lib.a(system_LPC11Uxx.o) (__aeabi_uidiv)

Allocating common symbols
Common symbol       size              file

I2CGeneralCall      0x6               ./src/i2cmonitor.o
I2CWrBuffer         0x6               ./src/i2cmonitor.o
I2CRdBuffer         0x6               ./src/i2cmonitor.o

Discarded input sections

 .text          0x00000000        0x0 ./src/cr_startup_lpc11u.o
 .data          0x00000000        0x0 ./src/cr_startup_lpc11u.o
 .bss           0x00000000        0x0 ./src/cr_startup_lpc11u.o
 .text          0x00000000        0x0 ./src/i2cmonitor.o
 .data          0x00000000        0x0 ./src/i2cmonitor.o
 .bss           0x00000000        0x0 ./src/i2cmonitor.o
 .text          0x00000000        0x0 ./src/i2cmontst.o
 .data          0x00000000        0x0 ./src/i2cmontst.o
 .bss           0x00000000        0x0 ./src/i2cmontst.o
 .text          0x00000000        0x0 /home/patrick/school/ddl_3360/workspace/LPC11Uxx_Driver_Lib/Debug/libLPC11Uxx_Driver_Lib.a(system_LPC11Uxx.o)
 .data          0x00000000        0x0 /home/patrick/school/ddl_3360/workspace/LPC11Uxx_Driver_Lib/Debug/libLPC11Uxx_Driver_Lib.a(system_LPC11Uxx.o)
 .bss           0x00000000        0x0 /home/patrick/school/ddl_3360/workspace/LPC11Uxx_Driver_Lib/Debug/libLPC11Uxx_Driver_Lib.a(system_LPC11Uxx.o)
 .text          0x00000000        0x0 /usr/local/lpcxpresso_5.2.6_2137/lpcxpresso/tools/bin/../lib/gcc/arm-none-eabi/4.6.2/../../../../arm-none-eabi/lib/armv6-m/libcr_c.a(__weak__main.o)
 .data          0x00000000        0x0 /usr/local/lpcxpresso_5.2.6_2137/lpcxpresso/tools/bin/../lib/gcc/arm-none-eabi/4.6.2/../../../../arm-none-eabi/lib/armv6-m/libcr_c.a(__weak__main.o)
 .bss           0x00000000        0x0 /usr/local/lpcxpresso_5.2.6_2137/lpcxpresso/tools/bin/../lib/gcc/arm-none-eabi/4.6.2/../../../../arm-none-eabi/lib/armv6-m/libcr_c.a(__weak__main.o)
 .text          0x00000000        0x0 /usr/local/lpcxpresso_5.2.6_2137/lpcxpresso/tools/bin/../lib/gcc/arm-none-eabi/4.6.2/armv6-m/libcr_eabihelpers.a(division.o)
 .data          0x00000000        0x0 /usr/local/lpcxpresso_5.2.6_2137/lpcxpresso/tools/bin/../lib/gcc/arm-none-eabi/4.6.2/armv6-m/libcr_eabihelpers.a(division.o)
 .bss           0x00000000        0x0 /usr/local/lpcxpresso_5.2.6_2137/lpcxpresso/tools/bin/../lib/gcc/arm-none-eabi/4.6.2/armv6-m/libcr_eabihelpers.a(division.o)
 .text.__aeabi_division_idivmod
                0x00000000        0x6 /usr/local/lpcxpresso_5.2.6_2137/lpcxpresso/tools/bin/../lib/gcc/arm-none-eabi/4.6.2/armv6-m/libcr_eabihelpers.a(division.o)
 .text.__aeabi_division_uldivmod
                0x00000000       0x5a /usr/local/lpcxpresso_5.2.6_2137/lpcxpresso/tools/bin/../lib/gcc/arm-none-eabi/4.6.2/armv6-m/libcr_eabihelpers.a(division.o)
 .text.__aeabi_division_ldivmod
                0x00000000       0x32 /usr/local/lpcxpresso_5.2.6_2137/lpcxpresso/tools/bin/../lib/gcc/arm-none-eabi/4.6.2/armv6-m/libcr_eabihelpers.a(division.o)
 .text.__aeabi_division_ldiv0
                0x00000000        0x2 /usr/local/lpcxpresso_5.2.6_2137/lpcxpresso/tools/bin/../lib/gcc/arm-none-eabi/4.6.2/armv6-m/libcr_eabihelpers.a(division.o)
 .text.__aeabi_division_idivq31+15
                0x00000000      0x188 /usr/local/lpcxpresso_5.2.6_2137/lpcxpresso/tools/bin/../lib/gcc/arm-none-eabi/4.6.2/armv6-m/libcr_eabihelpers.a(division.o)

Memory Configuration

Name             Origin             Length             Attributes
MFlash32         0x00000000         0x00008000         xr
RamLoc4          0x10000000         0x00001000         xrw
RamUsb2          0x20004000         0x00000800         xrw
*default*        0x00000000         0xffffffff

Linker script and memory map

LOAD ./src/cr_startup_lpc11u.o
LOAD ./src/i2cmonitor.o
LOAD ./src/i2cmontst.o
LOAD /home/patrick/school/ddl_3360/workspace/LPC11Uxx_Driver_Lib/Debug/libLPC11Uxx_Driver_Lib.a
LOAD /home/patrick/school/ddl_3360/workspace/CMSISv2p00_LPC11Uxx/Debug/libCMSISv2p00_LPC11Uxx.a
START GROUP
LOAD /usr/local/lpcxpresso_5.2.6_2137/lpcxpresso/tools/bin/../lib/gcc/arm-none-eabi/4.6.2/../../../../arm-none-eabi/lib/armv6-m/libcr_c.a
LOAD /usr/local/lpcxpresso_5.2.6_2137/lpcxpresso/tools/bin/../lib/gcc/arm-none-eabi/4.6.2/armv6-m/libcr_eabihelpers.a
END GROUP
                0x00008000                __top_MFlash32 = 0x8000
                0x10001000                __top_RamLoc4 = 0x10001000
                0x20004800                __top_RamUsb2 = 0x20004800

.text           0x00000000      0x9cc
 FILL mask 0xff
                0x00000000                __vectors_start__ = ABSOLUTE (.)
 *(.isr_vector)
 .isr_vector    0x00000000       0xc0 ./src/cr_startup_lpc11u.o
                0x00000000                g_pfnVectors
                0x000000c0                . = ALIGN (0x4)
                0x000000c0                __section_table_start = .
                0x000000c0                __data_section_table = .
                0x000000c0        0x4 LONG 0x9cc LOADADDR (.data)
                0x000000c4        0x4 LONG 0x10000000 ADDR (.data)
                0x000000c8        0x4 LONG 0x4 SIZEOF (.data)
                0x000000cc        0x4 LONG 0x9cc LOADADDR (.data_RAM2)
                0x000000d0        0x4 LONG 0x20004000 ADDR (.data_RAM2)
                0x000000d4        0x4 LONG 0x0 SIZEOF (.data_RAM2)
                0x000000d8                __data_section_table_end = .
                0x000000d8                __bss_section_table = .
                0x000000d8        0x4 LONG 0x10000004 ADDR (.bss)
                0x000000dc        0x4 LONG 0x28 SIZEOF (.bss)
                0x000000e0        0x4 LONG 0x20004000 ADDR (.bss_RAM2)
                0x000000e4        0x4 LONG 0x0 SIZEOF (.bss_RAM2)
                0x000000e8                __bss_section_table_end = .
                0x000000e8                __section_table_end = .
 *(.after_vectors*)
 .after_vectors
                0x000000e8       0x80 ./src/cr_startup_lpc11u.o
                0x000000e8                NMI_Handler
                0x000000ec                HardFault_Handler
                0x000000f0                SVC_Handler
                0x000000f4                PendSV_Handler
                0x000000f8                SysTick_Handler
                0x000000fc                data_init
                0x0000010e                bss_init
                0x00000120                ResetISR
                0x00000164                TIMER16_0_IRQHandler
                0x00000164                UART_IRQHandler
                0x00000164                TIMER32_0_IRQHandler
                0x00000164                FLEX_INT7_IRQHandler
                0x00000164                TIMER32_1_IRQHandler
                0x00000164                FLEX_INT1_IRQHandler
                0x00000164                IntDefaultHandler
                0x00000164                SSP0_IRQHandler
                0x00000164                USBWakeup_IRQHandler
                0x00000164                FLEX_INT0_IRQHandler
                0x00000164                FLEX_INT2_IRQHandler
                0x00000164                TIMER16_1_IRQHandler
                0x00000164                USB_FIQHandler
                0x00000164                FLEX_INT5_IRQHandler
                0x00000164                ADC_IRQHandler
                0x00000164                SSP1_IRQHandler
                0x00000164                FLEX_INT3_IRQHandler
                0x00000164                USB_IRQHandler
                0x00000164                BOD_IRQHandler
                0x00000164                WDT_IRQHandler
                0x00000164                GINT0_IRQHandler
                0x00000164                FLEX_INT4_IRQHandler
                0x00000164                FLEX_INT6_IRQHandler
                0x00000164                FMC_IRQHandler
                0x00000164                GINT1_IRQHandler
 *(.text*)
 .text.NVIC_EnableIRQ
                0x00000168       0x2c ./src/i2cmonitor.o
 .text.I2C_IRQHandler
                0x00000194      0x1b0 ./src/i2cmonitor.o
                0x00000194                I2C_IRQHandler
 .text.I2CMonitorInit
                0x00000344       0xb8 ./src/i2cmonitor.o
                0x00000344                I2CMonitorInit
 .text.main     0x000003fc       0x30 ./src/i2cmontst.o
                0x000003fc                main
 .text.SystemCoreClockUpdate
                0x0000042c      0x1e0 /home/patrick/school/ddl_3360/workspace/LPC11Uxx_Driver_Lib/Debug/libLPC11Uxx_Driver_Lib.a(system_LPC11Uxx.o)
                0x0000042c                SystemCoreClockUpdate
 .text.SystemInit
                0x0000060c      0x160 /home/patrick/school/ddl_3360/workspace/LPC11Uxx_Driver_Lib/Debug/libLPC11Uxx_Driver_Lib.a(system_LPC11Uxx.o)
                0x0000060c                SystemInit
 .text.__weak_main
                0x0000076c        0x8 /usr/local/lpcxpresso_5.2.6_2137/lpcxpresso/tools/bin/../lib/gcc/arm-none-eabi/4.6.2/../../../../arm-none-eabi/lib/armv6-m/libcr_c.a(__weak__main.o)
                0x0000076c                __main
                0x0000076c                __weak_main
 .text.__aeabi_division_uidivmod
                0x00000774       0x72 /usr/local/lpcxpresso_5.2.6_2137/lpcxpresso/tools/bin/../lib/gcc/arm-none-eabi/4.6.2/armv6-m/libcr_eabihelpers.a(division.o)
                0x00000774                __aeabi_uidiv
                0x00000774                __aeabi_uidivmod
 .text.__aeabi_division_idiv0
                0x000007e6        0x2 /usr/local/lpcxpresso_5.2.6_2137/lpcxpresso/tools/bin/../lib/gcc/arm-none-eabi/4.6.2/armv6-m/libcr_eabihelpers.a(division.o)
                0x000007e6                __aeabi_idiv0
 *(.rodata .rodata.*)
 .rodata.I2C_IRQHandler
                0x000007e8      0x1a4 ./src/i2cmonitor.o
 .rodata.SystemCoreClockUpdate
                0x0000098c       0x40 /home/patrick/school/ddl_3360/workspace/LPC11Uxx_Driver_Lib/Debug/libLPC11Uxx_Driver_Lib.a(system_LPC11Uxx.o)
                0x000009cc                . = ALIGN (0x4)

.glue_7         0x000009cc        0x0
 .glue_7        0x00000000        0x0 linker stubs

.glue_7t        0x000009cc        0x0
 .glue_7t       0x00000000        0x0 linker stubs

.vfp11_veneer   0x000009cc        0x0
 .vfp11_veneer  0x00000000        0x0 linker stubs

.v4_bx          0x000009cc        0x0
 .v4_bx         0x00000000        0x0 linker stubs

.ARM.extab
 *(.ARM.extab* .gnu.linkonce.armextab.*)
                0x000009cc                __exidx_start = .

.ARM.exidx
 *(.ARM.exidx* .gnu.linkonce.armexidx.*)
                0x000009cc                __exidx_end = .
                0x000009cc                _etext = .

.data_RAM2      0x20004000        0x0 load address 0x000009cc
 FILL mask 0xff
 *(.data.$RAM2*)
 *(.data.$RamUsb2*)
                0x20004000                . = ALIGN (0x4)

.uninit_RESERVED
                0x10000000        0x0
 *(.bss.$RESERVED*)
                0x10000000                . = ALIGN (0x4)
                0x10000000                _end_uninit_RESERVED = .

.data           0x10000000        0x4 load address 0x000009cc
 FILL mask 0xff
                0x10000000                _data = .
 *(vtable)
 *(.data*)
 .data.SystemCoreClock
                0x10000000        0x4 /home/patrick/school/ddl_3360/workspace/LPC11Uxx_Driver_Lib/Debug/libLPC11Uxx_Driver_Lib.a(system_LPC11Uxx.o)
                0x10000000                SystemCoreClock
                0x10000004                . = ALIGN (0x4)
                0x10000004                _edata = .

.bss_RAM2       0x20004000        0x0
 *(.bss.$RAM2*)
 *(.bss.$RamUsb2*)
                0x20004000                . = ALIGN (0x4)

.bss            0x10000004       0x28
                0x10000004                _bss = .
 *(.bss*)
 .bss.I2CMonitorState
                0x10000004        0x4 ./src/i2cmonitor.o
                0x10000004                I2CMonitorState
 .bss.RdIndex   0x10000008        0x4 ./src/i2cmonitor.o
                0x10000008                RdIndex
 .bss.WrIndex   0x1000000c        0x4 ./src/i2cmonitor.o
                0x1000000c                WrIndex
 .bss.GCIndex   0x10000010        0x4 ./src/i2cmonitor.o
                0x10000010                GCIndex
 *(COMMON)
 COMMON         0x10000014       0x16 ./src/i2cmonitor.o
                0x10000014                I2CGeneralCall
                0x1000001c                I2CWrBuffer
                0x10000024                I2CRdBuffer
                0x1000002c                . = ALIGN (0x4)
 *fill*         0x1000002a        0x2 00
                0x1000002c                _ebss = .
                0x1000002c                PROVIDE (end, .)

.noinit_RAM2    0x20004000        0x0
 *(.noinit.$RAM2*)
 *(.noinit.$RamUsb2*)
                0x20004000                . = ALIGN (0x4)

.noinit         0x1000002c        0x0
                0x1000002c                _noinit = .
 *(.noinit*)
                0x1000002c                . = ALIGN (0x4)
                0x1000002c                _end_noinit = .
                0x1000002c                PROVIDE (_pvHeapStart, .)
                0x10001000                PROVIDE (_vStackTop, (__top_RamLoc4 - 0x0))
OUTPUT(i2cmonitor.axf elf32-littlearm)

.debug_info     0x00000000     0x1687
 .debug_info    0x00000000      0x296 ./src/cr_startup_lpc11u.o
 .debug_info    0x00000296      0xd37 ./src/i2cmonitor.o
 .debug_info    0x00000fcd       0xe8 ./src/i2cmontst.o
 .debug_info    0x000010b5      0x5d2 /home/patrick/school/ddl_3360/workspace/LPC11Uxx_Driver_Lib/Debug/libLPC11Uxx_Driver_Lib.a(system_LPC11Uxx.o)

.debug_abbrev   0x00000000      0x426
 .debug_abbrev  0x00000000      0x116 ./src/cr_startup_lpc11u.o
 .debug_abbrev  0x00000116      0x18a ./src/i2cmonitor.o
 .debug_abbrev  0x000002a0       0x8d ./src/i2cmontst.o
 .debug_abbrev  0x0000032d       0xf9 /home/patrick/school/ddl_3360/workspace/LPC11Uxx_Driver_Lib/Debug/libLPC11Uxx_Driver_Lib.a(system_LPC11Uxx.o)

.debug_loc      0x00000000      0x3d3
 .debug_loc     0x00000000      0x28f ./src/cr_startup_lpc11u.o
 .debug_loc     0x0000028f       0x9c ./src/i2cmonitor.o
 .debug_loc     0x0000032b       0x38 ./src/i2cmontst.o
 .debug_loc     0x00000363       0x70 /home/patrick/school/ddl_3360/workspace/LPC11Uxx_Driver_Lib/Debug/libLPC11Uxx_Driver_Lib.a(system_LPC11Uxx.o)

.debug_aranges  0x00000000       0xd8
 .debug_aranges
                0x00000000       0x60 ./src/cr_startup_lpc11u.o
 .debug_aranges
                0x00000060       0x30 ./src/i2cmonitor.o
 .debug_aranges
                0x00000090       0x20 ./src/i2cmontst.o
 .debug_aranges
                0x000000b0       0x28 /home/patrick/school/ddl_3360/workspace/LPC11Uxx_Driver_Lib/Debug/libLPC11Uxx_Driver_Lib.a(system_LPC11Uxx.o)

.debug_ranges   0x00000000       0x98
 .debug_ranges  0x00000000       0x50 ./src/cr_startup_lpc11u.o
 .debug_ranges  0x00000050       0x20 ./src/i2cmonitor.o
 .debug_ranges  0x00000070       0x10 ./src/i2cmontst.o
 .debug_ranges  0x00000080       0x18 /home/patrick/school/ddl_3360/workspace/LPC11Uxx_Driver_Lib/Debug/libLPC11Uxx_Driver_Lib.a(system_LPC11Uxx.o)

.debug_line     0x00000000     0x10bb
 .debug_line    0x00000000      0x418 ./src/cr_startup_lpc11u.o
 .debug_line    0x00000418      0x429 ./src/i2cmonitor.o
 .debug_line    0x00000841      0x3de ./src/i2cmontst.o
 .debug_line    0x00000c1f      0x49c /home/patrick/school/ddl_3360/workspace/LPC11Uxx_Driver_Lib/Debug/libLPC11Uxx_Driver_Lib.a(system_LPC11Uxx.o)

.debug_macinfo  0x00000000    0x14ff9
 .debug_macinfo
                0x00000000     0x522b ./src/cr_startup_lpc11u.o
 .debug_macinfo
                0x0000522b     0x5467 ./src/i2cmonitor.o
 .debug_macinfo
                0x0000a692     0x5467 ./src/i2cmontst.o
 .debug_macinfo
                0x0000faf9     0x5500 /home/patrick/school/ddl_3360/workspace/LPC11Uxx_Driver_Lib/Debug/libLPC11Uxx_Driver_Lib.a(system_LPC11Uxx.o)

.debug_str      0x00000000      0xa49
 .debug_str     0x00000000      0x208 ./src/cr_startup_lpc11u.o
                                0x230 (size before relaxing)
 .debug_str     0x00000208      0x78f ./src/i2cmonitor.o
                                0x894 (size before relaxing)
 .debug_str     0x00000997       0x18 ./src/i2cmontst.o
                                0x130 (size before relaxing)
 .debug_str     0x000009af       0x9a /home/patrick/school/ddl_3360/workspace/LPC11Uxx_Driver_Lib/Debug/libLPC11Uxx_Driver_Lib.a(system_LPC11Uxx.o)
                                0x3c9 (size before relaxing)

.comment        0x00000000       0x70
 .comment       0x00000000       0x70 ./src/cr_startup_lpc11u.o
                                 0x71 (size before relaxing)
 .comment       0x00000000       0x71 ./src/i2cmonitor.o
 .comment       0x00000000       0x71 ./src/i2cmontst.o
 .comment       0x00000000       0x71 /home/patrick/school/ddl_3360/workspace/LPC11Uxx_Driver_Lib/Debug/libLPC11Uxx_Driver_Lib.a(system_LPC11Uxx.o)
 .comment       0x00000000       0x71 /usr/local/lpcxpresso_5.2.6_2137/lpcxpresso/tools/bin/../lib/gcc/arm-none-eabi/4.6.2/../../../../arm-none-eabi/lib/armv6-m/libcr_c.a(__weak__main.o)

.ARM.attributes
                0x00000000       0x2f
 .ARM.attributes
                0x00000000       0x31 ./src/cr_startup_lpc11u.o
 .ARM.attributes
                0x00000031       0x31 ./src/i2cmonitor.o
 .ARM.attributes
                0x00000062       0x31 ./src/i2cmontst.o
 .ARM.attributes
                0x00000093       0x31 /home/patrick/school/ddl_3360/workspace/LPC11Uxx_Driver_Lib/Debug/libLPC11Uxx_Driver_Lib.a(system_LPC11Uxx.o)
 .ARM.attributes
                0x000000c4       0x31 /usr/local/lpcxpresso_5.2.6_2137/lpcxpresso/tools/bin/../lib/gcc/arm-none-eabi/4.6.2/../../../../arm-none-eabi/lib/armv6-m/libcr_c.a(__weak__main.o)
 .ARM.attributes
                0x000000f5       0x21 /usr/local/lpcxpresso_5.2.6_2137/lpcxpresso/tools/bin/../lib/gcc/arm-none-eabi/4.6.2/armv6-m/libcr_eabihelpers.a(division.o)

.debug_frame    0x00000000      0x1d8
 .debug_frame   0x00000000       0xec ./src/cr_startup_lpc11u.o
 .debug_frame   0x000000ec       0x6c ./src/i2cmonitor.o
 .debug_frame   0x00000158       0x30 ./src/i2cmontst.o
 .debug_frame   0x00000188       0x50 /home/patrick/school/ddl_3360/workspace/LPC11Uxx_Driver_Lib/Debug/libLPC11Uxx_Driver_Lib.a(system_LPC11Uxx.o)
