Archive member included because of file (symbol)

/usr/local/lpcxpresso_5.2.6_2137/lpcxpresso/tools/bin/../lib/gcc/arm-none-eabi/4.6.2/../../../../arm-none-eabi/lib/armv6-m/libcr_c.a(__weak__main.o)
                              ./src/cr_startup_lpc11u.o (__main)
/usr/local/lpcxpresso_5.2.6_2137/lpcxpresso/tools/bin/../lib/gcc/arm-none-eabi/4.6.2/armv6-m/libcr_eabihelpers.a(division.o)
                              ./src/pmutest.o (__aeabi_uidiv)

Discarded input sections

 .text          0x00000000        0x0 ./src/clkconfig.o
 .data          0x00000000        0x0 ./src/clkconfig.o
 .bss           0x00000000        0x0 ./src/clkconfig.o
 .text.WDT_CLK_Setup
                0x00000000       0x4c ./src/clkconfig.o
 .text.CLKOUT_Setup
                0x00000000       0x4c ./src/clkconfig.o
 .text          0x00000000        0x0 ./src/cr_startup_lpc11u.o
 .data          0x00000000        0x0 ./src/cr_startup_lpc11u.o
 .bss           0x00000000        0x0 ./src/cr_startup_lpc11u.o
 .text          0x00000000        0x0 ./src/gpio.o
 .data          0x00000000        0x0 ./src/gpio.o
 .bss           0x00000000        0x0 ./src/gpio.o
 .text.NVIC_ClearPendingIRQ
                0x00000000       0x34 ./src/gpio.o
 .text.GPIOFlexIntEnable
                0x00000000       0x74 ./src/gpio.o
 .text.GPIOFlexIntDisable
                0x00000000       0x74 ./src/gpio.o
 .text.GPIOFlexIntStatus
                0x00000000       0x2c ./src/gpio.o
 .text.GPIOFlexIntClear
                0x00000000       0x34 ./src/gpio.o
 .text.GPIOSetGroupedInterrupt
                0x00000000      0x100 ./src/gpio.o
 .text.GPIOGetPinValue
                0x00000000       0x5c ./src/gpio.o
 .text          0x00000000        0x0 ./src/pmu.o
 .data          0x00000000        0x0 ./src/pmu.o
 .bss           0x00000000        0x0 ./src/pmu.o
 .text.PMU_DeepPowerDown
                0x00000000       0xa8 ./src/pmu.o
 .text          0x00000000        0x0 ./src/pmutest.o
 .data          0x00000000        0x0 ./src/pmutest.o
 .bss           0x00000000        0x0 ./src/pmutest.o
 .text          0x00000000        0x0 ./src/system_LPC11Uxx.o
 .data          0x00000000        0x0 ./src/system_LPC11Uxx.o
 .bss           0x00000000        0x0 ./src/system_LPC11Uxx.o
 .text          0x00000000        0x0 ./src/timer16.o
 .data          0x00000000        0x0 ./src/timer16.o
 .bss           0x00000000        0x0 ./src/timer16.o
 .bss.timer16_0_period
                0x00000000        0x4 ./src/timer16.o
 .bss.timer16_1_period
                0x00000000        0x4 ./src/timer16.o
 .text.delayMs  0x00000000       0xc4 ./src/timer16.o
 .text.disable_timer16
                0x00000000       0x30 ./src/timer16.o
 .text.reset_timer16
                0x00000000       0x4c ./src/timer16.o
 .text.set_timer16_match
                0x00000000      0x1a8 ./src/timer16.o
 .text.init_timer16PWM
                0x00000000      0x158 ./src/timer16.o
 .text.setMatch_timer16PWM
                0x00000000       0xa4 ./src/timer16.o
 .text          0x00000000        0x0 /usr/local/lpcxpresso_5.2.6_2137/lpcxpresso/tools/bin/../lib/gcc/arm-none-eabi/4.6.2/../../../../arm-none-eabi/lib/armv6-m/libcr_c.a(__weak__main.o)
 .data          0x00000000        0x0 /usr/local/lpcxpresso_5.2.6_2137/lpcxpresso/tools/bin/../lib/gcc/arm-none-eabi/4.6.2/../../../../arm-none-eabi/lib/armv6-m/libcr_c.a(__weak__main.o)
 .bss           0x00000000        0x0 /usr/local/lpcxpresso_5.2.6_2137/lpcxpresso/tools/bin/../lib/gcc/arm-none-eabi/4.6.2/../../../../arm-none-eabi/lib/armv6-m/libcr_c.a(__weak__main.o)
 .text          0x00000000        0x0 /usr/local/lpcxpresso_5.2.6_2137/lpcxpresso/tools/bin/../lib/gcc/arm-none-eabi/4.6.2/armv6-m/libcr_eabihelpers.a(division.o)
 .data          0x00000000        0x0 /usr/local/lpcxpresso_5.2.6_2137/lpcxpresso/tools/bin/../lib/gcc/arm-none-eabi/4.6.2/armv6-m/libcr_eabihelpers.a(division.o)
 .bss           0x00000000        0x0 /usr/local/lpcxpresso_5.2.6_2137/lpcxpresso/tools/bin/../lib/gcc/arm-none-eabi/4.6.2/armv6-m/libcr_eabihelpers.a(division.o)
 .text.__aeabi_division_idivmod
                0x00000000        0x6 /usr/local/lpcxpresso_5.2.6_2137/lpcxpresso/tools/bin/../lib/gcc/arm-none-eabi/4.6.2/armv6-m/libcr_eabihelpers.a(division.o)
 .text.__aeabi_division_uldivmod
                0x00000000       0x5a /usr/local/lpcxpresso_5.2.6_2137/lpcxpresso/tools/bin/../lib/gcc/arm-none-eabi/4.6.2/armv6-m/libcr_eabihelpers.a(division.o)
 .text.__aeabi_division_ldivmod
                0x00000000       0x32 /usr/local/lpcxpresso_5.2.6_2137/lpcxpresso/tools/bin/../lib/gcc/arm-none-eabi/4.6.2/armv6-m/libcr_eabihelpers.a(division.o)
 .text.__aeabi_division_ldiv0
                0x00000000        0x2 /usr/local/lpcxpresso_5.2.6_2137/lpcxpresso/tools/bin/../lib/gcc/arm-none-eabi/4.6.2/armv6-m/libcr_eabihelpers.a(division.o)
 .text.__aeabi_division_idivq31+15
                0x00000000      0x188 /usr/local/lpcxpresso_5.2.6_2137/lpcxpresso/tools/bin/../lib/gcc/arm-none-eabi/4.6.2/armv6-m/libcr_eabihelpers.a(division.o)

Memory Configuration

Name             Origin             Length             Attributes
MFlash32         0x00000000         0x00008000         xr
RamLoc4          0x10000000         0x00001000         xrw
RamUsb2          0x20004000         0x00000800         xrw
*default*        0x00000000         0xffffffff

Linker script and memory map

LOAD ./src/clkconfig.o
LOAD ./src/cr_startup_lpc11u.o
LOAD ./src/gpio.o
LOAD ./src/pmu.o
LOAD ./src/pmutest.o
LOAD ./src/system_LPC11Uxx.o
LOAD ./src/timer16.o
LOAD /home/patrick/school/ddl_3360/workspace/CMSISv2p00_LPC11Uxx/Debug/libCMSISv2p00_LPC11Uxx.a
START GROUP
LOAD /usr/local/lpcxpresso_5.2.6_2137/lpcxpresso/tools/bin/../lib/gcc/arm-none-eabi/4.6.2/../../../../arm-none-eabi/lib/armv6-m/libcr_c.a
LOAD /usr/local/lpcxpresso_5.2.6_2137/lpcxpresso/tools/bin/../lib/gcc/arm-none-eabi/4.6.2/armv6-m/libcr_eabihelpers.a
END GROUP
                0x00008000                __top_MFlash32 = 0x8000
                0x10001000                __top_RamLoc4 = 0x10001000
                0x20004800                __top_RamUsb2 = 0x20004800

.text           0x00000000     0x136c
 FILL mask 0xff
                0x00000000                __vectors_start__ = ABSOLUTE (.)
 *(.isr_vector)
 .isr_vector    0x00000000       0xc0 ./src/cr_startup_lpc11u.o
                0x00000000                g_pfnVectors
                0x000000c0                . = ALIGN (0x4)
                0x000000c0                __section_table_start = .
                0x000000c0                __data_section_table = .
                0x000000c0        0x4 LONG 0x136c LOADADDR (.data)
                0x000000c4        0x4 LONG 0x10000000 ADDR (.data)
                0x000000c8        0x4 LONG 0x4 SIZEOF (.data)
                0x000000cc        0x4 LONG 0x136c LOADADDR (.data_RAM2)
                0x000000d0        0x4 LONG 0x20004000 ADDR (.data_RAM2)
                0x000000d4        0x4 LONG 0x0 SIZEOF (.data_RAM2)
                0x000000d8                __data_section_table_end = .
                0x000000d8                __bss_section_table = .
                0x000000d8        0x4 LONG 0x10000004 ADDR (.bss)
                0x000000dc        0x4 LONG 0xb8 SIZEOF (.bss)
                0x000000e0        0x4 LONG 0x20004000 ADDR (.bss_RAM2)
                0x000000e4        0x4 LONG 0x0 SIZEOF (.bss_RAM2)
                0x000000e8                __bss_section_table_end = .
                0x000000e8                __section_table_end = .
 *(.after_vectors*)
 .after_vectors
                0x000000e8       0x80 ./src/cr_startup_lpc11u.o
                0x000000e8                NMI_Handler
                0x000000ec                HardFault_Handler
                0x000000f0                SVC_Handler
                0x000000f4                PendSV_Handler
                0x000000f8                SysTick_Handler
                0x000000fc                data_init
                0x0000010e                bss_init
                0x00000120                ResetISR
                0x00000164                UART_IRQHandler
                0x00000164                TIMER32_0_IRQHandler
                0x00000164                TIMER32_1_IRQHandler
                0x00000164                IntDefaultHandler
                0x00000164                SSP0_IRQHandler
                0x00000164                USBWakeup_IRQHandler
                0x00000164                USB_FIQHandler
                0x00000164                ADC_IRQHandler
                0x00000164                SSP1_IRQHandler
                0x00000164                USB_IRQHandler
                0x00000164                BOD_IRQHandler
                0x00000164                I2C_IRQHandler
                0x00000164                WDT_IRQHandler
                0x00000164                FMC_IRQHandler
 *(.text*)
 .text.NVIC_EnableIRQ
                0x00000168       0x2c ./src/gpio.o
 .text.FLEX_INT0_IRQHandler
                0x00000194       0xb8 ./src/gpio.o
                0x00000194                FLEX_INT0_IRQHandler
 .text.FLEX_INT1_IRQHandler
                0x0000024c       0xa0 ./src/gpio.o
                0x0000024c                FLEX_INT1_IRQHandler
 .text.FLEX_INT2_IRQHandler
                0x000002ec       0xa0 ./src/gpio.o
                0x000002ec                FLEX_INT2_IRQHandler
 .text.FLEX_INT3_IRQHandler
                0x0000038c       0xa0 ./src/gpio.o
                0x0000038c                FLEX_INT3_IRQHandler
 .text.FLEX_INT4_IRQHandler
                0x0000042c       0xa0 ./src/gpio.o
                0x0000042c                FLEX_INT4_IRQHandler
 .text.FLEX_INT5_IRQHandler
                0x000004cc       0xa0 ./src/gpio.o
                0x000004cc                FLEX_INT5_IRQHandler
 .text.FLEX_INT6_IRQHandler
                0x0000056c       0xa0 ./src/gpio.o
                0x0000056c                FLEX_INT6_IRQHandler
 .text.FLEX_INT7_IRQHandler
                0x0000060c       0xa0 ./src/gpio.o
                0x0000060c                FLEX_INT7_IRQHandler
 .text.GINT0_IRQHandler
                0x000006ac       0x60 ./src/gpio.o
                0x000006ac                GINT0_IRQHandler
 .text.GINT1_IRQHandler
                0x0000070c       0x60 ./src/gpio.o
                0x0000070c                GINT1_IRQHandler
 .text.GPIOInit
                0x0000076c       0x30 ./src/gpio.o
                0x0000076c                GPIOInit
 .text.GPIOSetFlexInterrupt
                0x0000079c      0x228 ./src/gpio.o
                0x0000079c                GPIOSetFlexInterrupt
 .text.GPIOSetBitValue
                0x000009c4       0x54 ./src/gpio.o
                0x000009c4                GPIOSetBitValue
 .text.GPIOSetDir
                0x00000a18       0x78 ./src/gpio.o
                0x00000a18                GPIOSetDir
 .text.PMU_Init
                0x00000a90       0x40 ./src/pmu.o
                0x00000a90                PMU_Init
 .text.PMU_Sleep
                0x00000ad0       0x7c ./src/pmu.o
                0x00000ad0                PMU_Sleep
 .text.GPIO_DriveLow
                0x00000b4c      0x1cc ./src/pmutest.o
                0x00000b4c                GPIO_DriveLow
 .text.main     0x00000d18       0xa8 ./src/pmutest.o
                0x00000d18                main
 .text.SystemCoreClockUpdate
                0x00000dc0      0x1e0 ./src/system_LPC11Uxx.o
                0x00000dc0                SystemCoreClockUpdate
 .text.SystemInit
                0x00000fa0       0x20 ./src/system_LPC11Uxx.o
                0x00000fa0                SystemInit
 .text.NVIC_EnableIRQ
                0x00000fc0       0x2c ./src/timer16.o
 .text.TIMER16_0_IRQHandler
                0x00000fec       0x88 ./src/timer16.o
                0x00000fec                TIMER16_0_IRQHandler
 .text.TIMER16_1_IRQHandler
                0x00001074       0x88 ./src/timer16.o
                0x00001074                TIMER16_1_IRQHandler
 .text.enable_timer16
                0x000010fc       0x30 ./src/timer16.o
                0x000010fc                enable_timer16
 .text.set_timer16_capture
                0x0000112c       0x9c ./src/timer16.o
                0x0000112c                set_timer16_capture
 .text.init_timer16
                0x000011c8       0xc8 ./src/timer16.o
                0x000011c8                init_timer16
 .text.__weak_main
                0x00001290        0x8 /usr/local/lpcxpresso_5.2.6_2137/lpcxpresso/tools/bin/../lib/gcc/arm-none-eabi/4.6.2/../../../../arm-none-eabi/lib/armv6-m/libcr_c.a(__weak__main.o)
                0x00001290                __main
                0x00001290                __weak_main
 .text.__aeabi_division_uidivmod
                0x00001298       0x72 /usr/local/lpcxpresso_5.2.6_2137/lpcxpresso/tools/bin/../lib/gcc/arm-none-eabi/4.6.2/armv6-m/libcr_eabihelpers.a(division.o)
                0x00001298                __aeabi_uidiv
                0x00001298                __aeabi_uidivmod
 .text.__aeabi_division_idiv0
                0x0000130a        0x2 /usr/local/lpcxpresso_5.2.6_2137/lpcxpresso/tools/bin/../lib/gcc/arm-none-eabi/4.6.2/armv6-m/libcr_eabihelpers.a(division.o)
                0x0000130a                __aeabi_idiv0
 *(.rodata .rodata.*)
 .rodata.GPIOSetFlexInterrupt
                0x0000130c       0x20 ./src/gpio.o
 .rodata.SystemCoreClockUpdate
                0x0000132c       0x40 ./src/system_LPC11Uxx.o
                0x0000136c                . = ALIGN (0x4)

.glue_7         0x0000136c        0x0
 .glue_7        0x00000000        0x0 linker stubs

.glue_7t        0x0000136c        0x0
 .glue_7t       0x00000000        0x0 linker stubs

.vfp11_veneer   0x0000136c        0x0
 .vfp11_veneer  0x00000000        0x0 linker stubs

.v4_bx          0x0000136c        0x0
 .v4_bx         0x00000000        0x0 linker stubs

.ARM.extab
 *(.ARM.extab* .gnu.linkonce.armextab.*)
                0x0000136c                __exidx_start = .

.ARM.exidx
 *(.ARM.exidx* .gnu.linkonce.armexidx.*)
                0x0000136c                __exidx_end = .
                0x0000136c                _etext = .

.data_RAM2      0x20004000        0x0 load address 0x0000136c
 FILL mask 0xff
 *(.data.$RAM2*)
 *(.data.$RamUsb2*)
                0x20004000                . = ALIGN (0x4)

.uninit_RESERVED
                0x10000000        0x0
 *(.bss.$RESERVED*)
                0x10000000                . = ALIGN (0x4)
                0x10000000                _end_uninit_RESERVED = .

.data           0x10000000        0x4 load address 0x0000136c
 FILL mask 0xff
                0x10000000                _data = .
 *(vtable)
 *(.data*)
 .data.SystemCoreClock
                0x10000000        0x4 ./src/system_LPC11Uxx.o
                0x10000000                SystemCoreClock
                0x10000004                . = ALIGN (0x4)
                0x10000004                _edata = .

.bss_RAM2       0x20004000        0x0
 *(.bss.$RAM2*)
 *(.bss.$RamUsb2*)
                0x20004000                . = ALIGN (0x4)

.bss            0x10000004       0xb8
                0x10000004                _bss = .
 *(.bss*)
 .bss.flex_int0_counter
                0x10000004        0x4 ./src/gpio.o
                0x10000004                flex_int0_counter
 .bss.flex_int1_counter
                0x10000008        0x4 ./src/gpio.o
                0x10000008                flex_int1_counter
 .bss.flex_int2_counter
                0x1000000c        0x4 ./src/gpio.o
                0x1000000c                flex_int2_counter
 .bss.flex_int3_counter
                0x10000010        0x4 ./src/gpio.o
                0x10000010                flex_int3_counter
 .bss.flex_int4_counter
                0x10000014        0x4 ./src/gpio.o
                0x10000014                flex_int4_counter
 .bss.flex_int5_counter
                0x10000018        0x4 ./src/gpio.o
                0x10000018                flex_int5_counter
 .bss.flex_int6_counter
                0x1000001c        0x4 ./src/gpio.o
                0x1000001c                flex_int6_counter
 .bss.flex_int7_counter
                0x10000020        0x4 ./src/gpio.o
                0x10000020                flex_int7_counter
 .bss.gint0_counter
                0x10000024        0x4 ./src/gpio.o
                0x10000024                gint0_counter
 .bss.gint1_counter
                0x10000028        0x4 ./src/gpio.o
                0x10000028                gint1_counter
 .bss.flex_int0_level_counter
                0x1000002c        0x4 ./src/gpio.o
                0x1000002c                flex_int0_level_counter
 .bss.flex_int0_rising_edge_counter
                0x10000030        0x4 ./src/gpio.o
                0x10000030                flex_int0_rising_edge_counter
 .bss.flex_int0_falling_edge_counter
                0x10000034        0x4 ./src/gpio.o
                0x10000034                flex_int0_falling_edge_counter
 .bss.flex_int1_level_counter
                0x10000038        0x4 ./src/gpio.o
                0x10000038                flex_int1_level_counter
 .bss.flex_int1_rising_edge_counter
                0x1000003c        0x4 ./src/gpio.o
                0x1000003c                flex_int1_rising_edge_counter
 .bss.flex_int1_falling_edge_counter
                0x10000040        0x4 ./src/gpio.o
                0x10000040                flex_int1_falling_edge_counter
 .bss.flex_int2_level_counter
                0x10000044        0x4 ./src/gpio.o
                0x10000044                flex_int2_level_counter
 .bss.flex_int2_rising_edge_counter
                0x10000048        0x4 ./src/gpio.o
                0x10000048                flex_int2_rising_edge_counter
 .bss.flex_int2_falling_edge_counter
                0x1000004c        0x4 ./src/gpio.o
                0x1000004c                flex_int2_falling_edge_counter
 .bss.flex_int3_level_counter
                0x10000050        0x4 ./src/gpio.o
                0x10000050                flex_int3_level_counter
 .bss.flex_int3_rising_edge_counter
                0x10000054        0x4 ./src/gpio.o
                0x10000054                flex_int3_rising_edge_counter
 .bss.flex_int3_falling_edge_counter
                0x10000058        0x4 ./src/gpio.o
                0x10000058                flex_int3_falling_edge_counter
 .bss.flex_int4_level_counter
                0x1000005c        0x4 ./src/gpio.o
                0x1000005c                flex_int4_level_counter
 .bss.flex_int4_rising_edge_counter
                0x10000060        0x4 ./src/gpio.o
                0x10000060                flex_int4_rising_edge_counter
 .bss.flex_int4_falling_edge_counter
                0x10000064        0x4 ./src/gpio.o
                0x10000064                flex_int4_falling_edge_counter
 .bss.flex_int5_level_counter
                0x10000068        0x4 ./src/gpio.o
                0x10000068                flex_int5_level_counter
 .bss.flex_int5_rising_edge_counter
                0x1000006c        0x4 ./src/gpio.o
                0x1000006c                flex_int5_rising_edge_counter
 .bss.flex_int5_falling_edge_counter
                0x10000070        0x4 ./src/gpio.o
                0x10000070                flex_int5_falling_edge_counter
 .bss.flex_int6_level_counter
                0x10000074        0x4 ./src/gpio.o
                0x10000074                flex_int6_level_counter
 .bss.flex_int6_rising_edge_counter
                0x10000078        0x4 ./src/gpio.o
                0x10000078                flex_int6_rising_edge_counter
 .bss.flex_int6_falling_edge_counter
                0x1000007c        0x4 ./src/gpio.o
                0x1000007c                flex_int6_falling_edge_counter
 .bss.flex_int7_level_counter
                0x10000080        0x4 ./src/gpio.o
                0x10000080                flex_int7_level_counter
 .bss.flex_int7_rising_edge_counter
                0x10000084        0x4 ./src/gpio.o
                0x10000084                flex_int7_rising_edge_counter
 .bss.flex_int7_falling_edge_counter
                0x10000088        0x4 ./src/gpio.o
                0x10000088                flex_int7_falling_edge_counter
 .bss.gint0_level_counter
                0x1000008c        0x4 ./src/gpio.o
                0x1000008c                gint0_level_counter
 .bss.gint0_edge_counter
                0x10000090        0x4 ./src/gpio.o
                0x10000090                gint0_edge_counter
 .bss.gint1_level_counter
                0x10000094        0x4 ./src/gpio.o
                0x10000094                gint1_level_counter
 .bss.gint1_edge_counter
                0x10000098        0x4 ./src/gpio.o
                0x10000098                gint1_edge_counter
 .bss.timer16_0_counter
                0x1000009c        0x8 ./src/timer16.o
                0x1000009c                timer16_0_counter
 .bss.timer16_1_counter
                0x100000a4        0x8 ./src/timer16.o
                0x100000a4                timer16_1_counter
 .bss.timer16_0_capture
                0x100000ac        0x8 ./src/timer16.o
                0x100000ac                timer16_0_capture
 .bss.timer16_1_capture
                0x100000b4        0x8 ./src/timer16.o
                0x100000b4                timer16_1_capture
 *(COMMON)
                0x100000bc                . = ALIGN (0x4)
                0x100000bc                _ebss = .
                0x100000bc                PROVIDE (end, .)

.noinit_RAM2    0x20004000        0x0
 *(.noinit.$RAM2*)
 *(.noinit.$RamUsb2*)
                0x20004000                . = ALIGN (0x4)

.noinit         0x100000bc        0x0
                0x100000bc                _noinit = .
 *(.noinit*)
                0x100000bc                . = ALIGN (0x4)
                0x100000bc                _end_noinit = .
                0x100000bc                PROVIDE (_pvHeapStart, .)
                0x10001000                PROVIDE (_vStackTop, (__top_RamLoc4 - 0x0))
OUTPUT(pmu.axf elf32-littlearm)

.debug_info     0x00000000     0x3ebb
 .debug_info    0x00000000      0x606 ./src/clkconfig.o
 .debug_info    0x00000606      0x296 ./src/cr_startup_lpc11u.o
 .debug_info    0x0000089c     0x1302 ./src/gpio.o
 .debug_info    0x00001b9e      0x6fc ./src/pmu.o
 .debug_info    0x0000229a      0x6de ./src/pmutest.o
 .debug_info    0x00002978      0x5a6 ./src/system_LPC11Uxx.o
 .debug_info    0x00002f1e      0xf9d ./src/timer16.o

.debug_abbrev   0x00000000      0x917
 .debug_abbrev  0x00000000       0xea ./src/clkconfig.o
 .debug_abbrev  0x000000ea      0x116 ./src/cr_startup_lpc11u.o
 .debug_abbrev  0x00000200      0x1e8 ./src/gpio.o
 .debug_abbrev  0x000003e8      0x172 ./src/pmu.o
 .debug_abbrev  0x0000055a      0x12c ./src/pmutest.o
 .debug_abbrev  0x00000686       0xe1 ./src/system_LPC11Uxx.o
 .debug_abbrev  0x00000767      0x1b0 ./src/timer16.o

.debug_loc      0x00000000      0xb43
 .debug_loc     0x00000000       0x70 ./src/clkconfig.o
 .debug_loc     0x00000070      0x28f ./src/cr_startup_lpc11u.o
 .debug_loc     0x000002ff      0x44c ./src/gpio.o
 .debug_loc     0x0000074b       0xa8 ./src/pmu.o
 .debug_loc     0x000007f3       0x64 ./src/pmutest.o
 .debug_loc     0x00000857       0x64 ./src/system_LPC11Uxx.o
 .debug_loc     0x000008bb      0x288 ./src/timer16.o

.debug_aranges  0x00000000      0x248
 .debug_aranges
                0x00000000       0x28 ./src/clkconfig.o
 .debug_aranges
                0x00000028       0x60 ./src/cr_startup_lpc11u.o
 .debug_aranges
                0x00000088       0xc8 ./src/gpio.o
 .debug_aranges
                0x00000150       0x30 ./src/pmu.o
 .debug_aranges
                0x00000180       0x28 ./src/pmutest.o
 .debug_aranges
                0x000001a8       0x28 ./src/system_LPC11Uxx.o
 .debug_aranges
                0x000001d0       0x78 ./src/timer16.o

.debug_ranges   0x00000000      0x1d8
 .debug_ranges  0x00000000       0x18 ./src/clkconfig.o
 .debug_ranges  0x00000018       0x50 ./src/cr_startup_lpc11u.o
 .debug_ranges  0x00000068       0xb8 ./src/gpio.o
 .debug_ranges  0x00000120       0x20 ./src/pmu.o
 .debug_ranges  0x00000140       0x18 ./src/pmutest.o
 .debug_ranges  0x00000158       0x18 ./src/system_LPC11Uxx.o
 .debug_ranges  0x00000170       0x68 ./src/timer16.o

.debug_line     0x00000000     0x205e
 .debug_line    0x00000000      0x3e7 ./src/clkconfig.o
 .debug_line    0x000003e7      0x418 ./src/cr_startup_lpc11u.o
 .debug_line    0x000007ff      0x68d ./src/gpio.o
 .debug_line    0x00000e8c      0x42c ./src/pmu.o
 .debug_line    0x000012b8      0x446 ./src/pmutest.o
 .debug_line    0x000016fe      0x407 ./src/system_LPC11Uxx.o
 .debug_line    0x00001b05      0x559 ./src/timer16.o

.debug_macinfo  0x00000000    0x247a8
 .debug_macinfo
                0x00000000     0x5327 ./src/clkconfig.o
 .debug_macinfo
                0x00005327     0x524c ./src/cr_startup_lpc11u.o
 .debug_macinfo
                0x0000a573     0x528d ./src/gpio.o
 .debug_macinfo
                0x0000f800     0x53ec ./src/pmu.o
 .debug_macinfo
                0x00014bec     0x549f ./src/pmutest.o
 .debug_macinfo
                0x0001a08b     0x544f ./src/system_LPC11Uxx.o
 .debug_macinfo
                0x0001f4da     0x52ce ./src/timer16.o

.debug_str      0x00000000     0x11b5
 .debug_str     0x00000000      0x396 ./src/clkconfig.o
                                0x3bf (size before relaxing)
 .debug_str     0x00000396      0x12f ./src/cr_startup_lpc11u.o
                                0x229 (size before relaxing)
 .debug_str     0x000004c5      0x864 ./src/gpio.o
                                0xbd9 (size before relaxing)
 .debug_str     0x00000d29       0x9a ./src/pmu.o
                                0x402 (size before relaxing)
 .debug_str     0x00000dc3      0x224 ./src/pmutest.o
                                0x398 (size before relaxing)
 .debug_str     0x00000fe7       0x42 ./src/system_LPC11Uxx.o
                                0x3b3 (size before relaxing)
 .debug_str     0x00001029      0x18c ./src/timer16.o
                                0x950 (size before relaxing)

.comment        0x00000000       0x70
 .comment       0x00000000       0x70 ./src/clkconfig.o
                                 0x71 (size before relaxing)
 .comment       0x00000000       0x71 ./src/cr_startup_lpc11u.o
 .comment       0x00000000       0x71 ./src/gpio.o
 .comment       0x00000000       0x71 ./src/pmu.o
 .comment       0x00000000       0x71 ./src/pmutest.o
 .comment       0x00000000       0x71 ./src/system_LPC11Uxx.o
 .comment       0x00000000       0x71 ./src/timer16.o
 .comment       0x00000000       0x71 /usr/local/lpcxpresso_5.2.6_2137/lpcxpresso/tools/bin/../lib/gcc/arm-none-eabi/4.6.2/../../../../arm-none-eabi/lib/armv6-m/libcr_c.a(__weak__main.o)

.ARM.attributes
                0x00000000       0x2f
 .ARM.attributes
                0x00000000       0x31 ./src/clkconfig.o
 .ARM.attributes
                0x00000031       0x31 ./src/cr_startup_lpc11u.o
 .ARM.attributes
                0x00000062       0x31 ./src/gpio.o
 .ARM.attributes
                0x00000093       0x31 ./src/pmu.o
 .ARM.attributes
                0x000000c4       0x31 ./src/pmutest.o
 .ARM.attributes
                0x000000f5       0x31 ./src/system_LPC11Uxx.o
 .ARM.attributes
                0x00000126       0x31 ./src/timer16.o
 .ARM.attributes
                0x00000157       0x31 /usr/local/lpcxpresso_5.2.6_2137/lpcxpresso/tools/bin/../lib/gcc/arm-none-eabi/4.6.2/../../../../arm-none-eabi/lib/armv6-m/libcr_c.a(__weak__main.o)
 .ARM.attributes
                0x00000188       0x21 /usr/local/lpcxpresso_5.2.6_2137/lpcxpresso/tools/bin/../lib/gcc/arm-none-eabi/4.6.2/armv6-m/libcr_eabihelpers.a(division.o)

.debug_frame    0x00000000      0x670
 .debug_frame   0x00000000       0x50 ./src/clkconfig.o
 .debug_frame   0x00000050       0xec ./src/cr_startup_lpc11u.o
 .debug_frame   0x0000013c      0x2a4 ./src/gpio.o
 .debug_frame   0x000003e0       0x70 ./src/pmu.o
 .debug_frame   0x00000450       0x4c ./src/pmutest.o
 .debug_frame   0x0000049c       0x4c ./src/system_LPC11Uxx.o
 .debug_frame   0x000004e8      0x188 ./src/timer16.o
