Archive member included because of file (symbol)

/home/patrick/school/ddl_3360/workspace/CMSISv2p00_LPC11Uxx/Debug/libCMSISv2p00_LPC11Uxx.a(system_LPC11Uxx.o)
                              ./src/main.o (SystemCoreClockUpdate)
/home/patrick/school/ddl_3360/workspace/LPC11Uxx_Driver_Lib/Debug/libLPC11Uxx_Driver_Lib.a(uart.o)
                              ./src/main.o (UARTInit)
/usr/local/lpcxpresso_5.2.6_2137/lpcxpresso/tools/bin/../lib/gcc/arm-none-eabi/4.6.2/../../../../arm-none-eabi/lib/armv6-m/libcr_c.a(memcpy.o)
                              ./src/mem_lpc11uxx_usbdesc.o (memcpy)
/usr/local/lpcxpresso_5.2.6_2137/lpcxpresso/tools/bin/../lib/gcc/arm-none-eabi/4.6.2/../../../../arm-none-eabi/lib/armv6-m/libcr_c.a(memset.o)
                              ./src/lpc11uxx_usbd_msc_mem.o (memset)
/usr/local/lpcxpresso_5.2.6_2137/lpcxpresso/tools/bin/../lib/gcc/arm-none-eabi/4.6.2/../../../../arm-none-eabi/lib/armv6-m/libcr_c.a(__weak__main.o)
                              ./src/cr_startup_lpc11u.o (__main)
/usr/local/lpcxpresso_5.2.6_2137/lpcxpresso/tools/bin/../lib/gcc/arm-none-eabi/4.6.2/../../../../arm-none-eabi/lib/armv6-m/libcr_c.a(memcmp.o)
                              ./src/lpc11uxx_usbd_msc_mem.o (memcmp)
/usr/local/lpcxpresso_5.2.6_2137/lpcxpresso/tools/bin/../lib/gcc/arm-none-eabi/4.6.2/armv6-m/libcr_eabihelpers.a(division.o)
                              /home/patrick/school/ddl_3360/workspace/CMSISv2p00_LPC11Uxx/Debug/libCMSISv2p00_LPC11Uxx.a(system_LPC11Uxx.o) (__aeabi_uidiv)
/usr/local/lpcxpresso_5.2.6_2137/lpcxpresso/tools/bin/../lib/gcc/arm-none-eabi/4.6.2/armv6-m/libcr_eabihelpers.a(memcpy.o)
                              /usr/local/lpcxpresso_5.2.6_2137/lpcxpresso/tools/bin/../lib/gcc/arm-none-eabi/4.6.2/../../../../arm-none-eabi/lib/armv6-m/libcr_c.a(memcpy.o) (__aeabi_memcpy)

Allocating common symbols
Common symbol       size              file

param_table         0x14              ./src/sbl_iap.o
UARTBuffer          0x40              /home/patrick/school/ddl_3360/workspace/LPC11Uxx_Driver_Lib/Debug/libLPC11Uxx_Driver_Lib.a(uart.o)
pUsbApi             0x4               ./src/main.o
result_table        0x14              ./src/sbl_iap.o
byte_ctr            0x4               ./src/sbl_iap.o
flash_address       0x4               ./src/sbl_iap.o
UARTStatus          0x4               /home/patrick/school/ddl_3360/workspace/LPC11Uxx_Driver_Lib/Debug/libLPC11Uxx_Driver_Lib.a(uart.o)
cclk                0x4               ./src/sbl_iap.o
flash_buf           0x200             ./src/sbl_iap.o

Discarded input sections

 .text          0x00000000        0x0 ./src/DiskImg.o
 .data          0x00000000        0x0 ./src/DiskImg.o
 .bss           0x00000000        0x0 ./src/DiskImg.o
 .text          0x00000000        0x0 ./src/cr_startup_lpc11u.o
 .data          0x00000000        0x0 ./src/cr_startup_lpc11u.o
 .bss           0x00000000        0x0 ./src/cr_startup_lpc11u.o
 .text          0x00000000        0x0 ./src/lpc11uxx_usbd_msc_mem.o
 .data          0x00000000        0x0 ./src/lpc11uxx_usbd_msc_mem.o
 .bss           0x00000000        0x0 ./src/lpc11uxx_usbd_msc_mem.o
 .text          0x00000000        0x0 ./src/main.o
 .data          0x00000000        0x0 ./src/main.o
 .bss           0x00000000        0x0 ./src/main.o
 .bss.u32Milliseconds
                0x00000000        0x4 ./src/main.o
 .text          0x00000000        0x0 ./src/mem_lpc11uxx_usbdesc.o
 .data          0x00000000        0x0 ./src/mem_lpc11uxx_usbdesc.o
 .bss           0x00000000        0x0 ./src/mem_lpc11uxx_usbdesc.o
 .data.USB_HsConfigDescriptor
                0x00000000       0x24 ./src/mem_lpc11uxx_usbdesc.o
 .data.USB_DeviceQualifier
                0x00000000        0xc ./src/mem_lpc11uxx_usbdesc.o
 .text.copy_descriptors
                0x00000000       0xfc ./src/mem_lpc11uxx_usbdesc.o
 .text          0x00000000        0x0 ./src/sbl_iap.o
 .data          0x00000000        0x0 ./src/sbl_iap.o
 .bss           0x00000000        0x0 ./src/sbl_iap.o
 .text.write_flash
                0x00000000       0xc4 ./src/sbl_iap.o
 .text.find_erase_prepare_sector
                0x00000000       0x70 ./src/sbl_iap.o
 .text.write_data
                0x00000000       0x4c ./src/sbl_iap.o
 .text.erase_sector_usb
                0x00000000       0x44 ./src/sbl_iap.o
 .text.prepare_sector_usb
                0x00000000       0x44 ./src/sbl_iap.o
 .text.init_usb_iap
                0x00000000       0x2c ./src/sbl_iap.o
 COMMON         0x00000000      0x234 ./src/sbl_iap.o
 .text          0x00000000        0x0 /home/patrick/school/ddl_3360/workspace/CMSISv2p00_LPC11Uxx/Debug/libCMSISv2p00_LPC11Uxx.a(system_LPC11Uxx.o)
 .data          0x00000000        0x0 /home/patrick/school/ddl_3360/workspace/CMSISv2p00_LPC11Uxx/Debug/libCMSISv2p00_LPC11Uxx.a(system_LPC11Uxx.o)
 .bss           0x00000000        0x0 /home/patrick/school/ddl_3360/workspace/CMSISv2p00_LPC11Uxx/Debug/libCMSISv2p00_LPC11Uxx.a(system_LPC11Uxx.o)
 .text          0x00000000        0x0 /home/patrick/school/ddl_3360/workspace/LPC11Uxx_Driver_Lib/Debug/libLPC11Uxx_Driver_Lib.a(uart.o)
 .data          0x00000000        0x0 /home/patrick/school/ddl_3360/workspace/LPC11Uxx_Driver_Lib/Debug/libLPC11Uxx_Driver_Lib.a(uart.o)
 .bss           0x00000000        0x0 /home/patrick/school/ddl_3360/workspace/LPC11Uxx_Driver_Lib/Debug/libLPC11Uxx_Driver_Lib.a(uart.o)
 .text.uart_set_divisors
                0x00000000      0x14c /home/patrick/school/ddl_3360/workspace/LPC11Uxx_Driver_Lib/Debug/libLPC11Uxx_Driver_Lib.a(uart.o)
 .text.print_string
                0x00000000       0x3c /home/patrick/school/ddl_3360/workspace/LPC11Uxx_Driver_Lib/Debug/libLPC11Uxx_Driver_Lib.a(uart.o)
 .text.get_key  0x00000000       0x50 /home/patrick/school/ddl_3360/workspace/LPC11Uxx_Driver_Lib/Debug/libLPC11Uxx_Driver_Lib.a(uart.o)
 .text          0x00000000        0x0 /usr/local/lpcxpresso_5.2.6_2137/lpcxpresso/tools/bin/../lib/gcc/arm-none-eabi/4.6.2/../../../../arm-none-eabi/lib/armv6-m/libcr_c.a(memcpy.o)
 .data          0x00000000        0x0 /usr/local/lpcxpresso_5.2.6_2137/lpcxpresso/tools/bin/../lib/gcc/arm-none-eabi/4.6.2/../../../../arm-none-eabi/lib/armv6-m/libcr_c.a(memcpy.o)
 .bss           0x00000000        0x0 /usr/local/lpcxpresso_5.2.6_2137/lpcxpresso/tools/bin/../lib/gcc/arm-none-eabi/4.6.2/../../../../arm-none-eabi/lib/armv6-m/libcr_c.a(memcpy.o)
 .text.memcpy   0x00000000        0x8 /usr/local/lpcxpresso_5.2.6_2137/lpcxpresso/tools/bin/../lib/gcc/arm-none-eabi/4.6.2/../../../../arm-none-eabi/lib/armv6-m/libcr_c.a(memcpy.o)
 .text          0x00000000        0x0 /usr/local/lpcxpresso_5.2.6_2137/lpcxpresso/tools/bin/../lib/gcc/arm-none-eabi/4.6.2/../../../../arm-none-eabi/lib/armv6-m/libcr_c.a(memset.o)
 .data          0x00000000        0x0 /usr/local/lpcxpresso_5.2.6_2137/lpcxpresso/tools/bin/../lib/gcc/arm-none-eabi/4.6.2/../../../../arm-none-eabi/lib/armv6-m/libcr_c.a(memset.o)
 .bss           0x00000000        0x0 /usr/local/lpcxpresso_5.2.6_2137/lpcxpresso/tools/bin/../lib/gcc/arm-none-eabi/4.6.2/../../../../arm-none-eabi/lib/armv6-m/libcr_c.a(memset.o)
 .text          0x00000000        0x0 /usr/local/lpcxpresso_5.2.6_2137/lpcxpresso/tools/bin/../lib/gcc/arm-none-eabi/4.6.2/../../../../arm-none-eabi/lib/armv6-m/libcr_c.a(__weak__main.o)
 .data          0x00000000        0x0 /usr/local/lpcxpresso_5.2.6_2137/lpcxpresso/tools/bin/../lib/gcc/arm-none-eabi/4.6.2/../../../../arm-none-eabi/lib/armv6-m/libcr_c.a(__weak__main.o)
 .bss           0x00000000        0x0 /usr/local/lpcxpresso_5.2.6_2137/lpcxpresso/tools/bin/../lib/gcc/arm-none-eabi/4.6.2/../../../../arm-none-eabi/lib/armv6-m/libcr_c.a(__weak__main.o)
 .text          0x00000000        0x0 /usr/local/lpcxpresso_5.2.6_2137/lpcxpresso/tools/bin/../lib/gcc/arm-none-eabi/4.6.2/../../../../arm-none-eabi/lib/armv6-m/libcr_c.a(memcmp.o)
 .data          0x00000000        0x0 /usr/local/lpcxpresso_5.2.6_2137/lpcxpresso/tools/bin/../lib/gcc/arm-none-eabi/4.6.2/../../../../arm-none-eabi/lib/armv6-m/libcr_c.a(memcmp.o)
 .bss           0x00000000        0x0 /usr/local/lpcxpresso_5.2.6_2137/lpcxpresso/tools/bin/../lib/gcc/arm-none-eabi/4.6.2/../../../../arm-none-eabi/lib/armv6-m/libcr_c.a(memcmp.o)
 .text          0x00000000        0x0 /usr/local/lpcxpresso_5.2.6_2137/lpcxpresso/tools/bin/../lib/gcc/arm-none-eabi/4.6.2/armv6-m/libcr_eabihelpers.a(division.o)
 .data          0x00000000        0x0 /usr/local/lpcxpresso_5.2.6_2137/lpcxpresso/tools/bin/../lib/gcc/arm-none-eabi/4.6.2/armv6-m/libcr_eabihelpers.a(division.o)
 .bss           0x00000000        0x0 /usr/local/lpcxpresso_5.2.6_2137/lpcxpresso/tools/bin/../lib/gcc/arm-none-eabi/4.6.2/armv6-m/libcr_eabihelpers.a(division.o)
 .text.__aeabi_division_idivmod
                0x00000000        0x6 /usr/local/lpcxpresso_5.2.6_2137/lpcxpresso/tools/bin/../lib/gcc/arm-none-eabi/4.6.2/armv6-m/libcr_eabihelpers.a(division.o)
 .text.__aeabi_division_uldivmod
                0x00000000       0x5a /usr/local/lpcxpresso_5.2.6_2137/lpcxpresso/tools/bin/../lib/gcc/arm-none-eabi/4.6.2/armv6-m/libcr_eabihelpers.a(division.o)
 .text.__aeabi_division_ldivmod
                0x00000000       0x32 /usr/local/lpcxpresso_5.2.6_2137/lpcxpresso/tools/bin/../lib/gcc/arm-none-eabi/4.6.2/armv6-m/libcr_eabihelpers.a(division.o)
 .text.__aeabi_division_ldiv0
                0x00000000        0x2 /usr/local/lpcxpresso_5.2.6_2137/lpcxpresso/tools/bin/../lib/gcc/arm-none-eabi/4.6.2/armv6-m/libcr_eabihelpers.a(division.o)
 .text.__aeabi_division_idivq31+15
                0x00000000      0x188 /usr/local/lpcxpresso_5.2.6_2137/lpcxpresso/tools/bin/../lib/gcc/arm-none-eabi/4.6.2/armv6-m/libcr_eabihelpers.a(division.o)
 .text          0x00000000        0x0 /usr/local/lpcxpresso_5.2.6_2137/lpcxpresso/tools/bin/../lib/gcc/arm-none-eabi/4.6.2/armv6-m/libcr_eabihelpers.a(memcpy.o)
 .data          0x00000000        0x0 /usr/local/lpcxpresso_5.2.6_2137/lpcxpresso/tools/bin/../lib/gcc/arm-none-eabi/4.6.2/armv6-m/libcr_eabihelpers.a(memcpy.o)
 .bss           0x00000000        0x0 /usr/local/lpcxpresso_5.2.6_2137/lpcxpresso/tools/bin/../lib/gcc/arm-none-eabi/4.6.2/armv6-m/libcr_eabihelpers.a(memcpy.o)
 .text.__aeabi_memcpy
                0x00000000       0x2c /usr/local/lpcxpresso_5.2.6_2137/lpcxpresso/tools/bin/../lib/gcc/arm-none-eabi/4.6.2/armv6-m/libcr_eabihelpers.a(memcpy.o)
 .text.__aeabi_memmove
                0x00000000       0x1c /usr/local/lpcxpresso_5.2.6_2137/lpcxpresso/tools/bin/../lib/gcc/arm-none-eabi/4.6.2/armv6-m/libcr_eabihelpers.a(memcpy.o)
 .text.__aeabi_memclr
                0x00000000        0x6 /usr/local/lpcxpresso_5.2.6_2137/lpcxpresso/tools/bin/../lib/gcc/arm-none-eabi/4.6.2/armv6-m/libcr_eabihelpers.a(memcpy.o)
 .text.__aeabi_memset
                0x00000000        0x8 /usr/local/lpcxpresso_5.2.6_2137/lpcxpresso/tools/bin/../lib/gcc/arm-none-eabi/4.6.2/armv6-m/libcr_eabihelpers.a(memcpy.o)

Memory Configuration

Name             Origin             Length             Attributes
MFlash32         0x00000000         0x00008000         xr
RamLoc6          0x10000000         0x00001800         xrw
RamUsb2          0x20004000         0x00000800         xrw
*default*        0x00000000         0xffffffff

Linker script and memory map

LOAD ./src/DiskImg.o
LOAD ./src/cr_startup_lpc11u.o
LOAD ./src/lpc11uxx_usbd_msc_mem.o
LOAD ./src/main.o
LOAD ./src/mem_lpc11uxx_usbdesc.o
LOAD ./src/sbl_iap.o
LOAD /home/patrick/school/ddl_3360/workspace/CMSISv2p00_LPC11Uxx/Debug/libCMSISv2p00_LPC11Uxx.a
LOAD /home/patrick/school/ddl_3360/workspace/LPC11Uxx_Driver_Lib/Debug/libLPC11Uxx_Driver_Lib.a
START GROUP
LOAD /usr/local/lpcxpresso_5.2.6_2137/lpcxpresso/tools/bin/../lib/gcc/arm-none-eabi/4.6.2/../../../../arm-none-eabi/lib/armv6-m/libcr_c.a
LOAD /usr/local/lpcxpresso_5.2.6_2137/lpcxpresso/tools/bin/../lib/gcc/arm-none-eabi/4.6.2/armv6-m/libcr_eabihelpers.a
END GROUP
                0x00008000                __top_MFlash32 = 0x8000
                0x10001800                __top_RamLoc6 = 0x10001800
                0x20004800                __top_RamUsb2 = 0x20004800

.text           0x00000000      0xae8
 FILL mask 0xff
                0x00000000                __vectors_start__ = ABSOLUTE (.)
 *(.isr_vector)
 .isr_vector    0x00000000       0xc0 ./src/cr_startup_lpc11u.o
                0x00000000                g_pfnVectors
                0x000000c0                . = ALIGN (0x4)
                0x000000c0                __section_table_start = .
                0x000000c0                __data_section_table = .
                0x000000c0        0x4 LONG 0x1ae8 LOADADDR (.data)
                0x000000c4        0x4 LONG 0x10000000 ADDR (.data)
                0x000000c8        0x4 LONG 0xc0 SIZEOF (.data)
                0x000000cc        0x4 LONG 0x1ae8 LOADADDR (.data_RAM2)
                0x000000d0        0x4 LONG 0x20004000 ADDR (.data_RAM2)
                0x000000d4        0x4 LONG 0x0 SIZEOF (.data_RAM2)
                0x000000d8                __data_section_table_end = .
                0x000000d8                __bss_section_table = .
                0x000000d8        0x4 LONG 0x100000c0 ADDR (.bss)
                0x000000dc        0x4 LONG 0x50 SIZEOF (.bss)
                0x000000e0        0x4 LONG 0x20004000 ADDR (.bss_RAM2)
                0x000000e4        0x4 LONG 0x0 SIZEOF (.bss_RAM2)
                0x000000e8                __bss_section_table_end = .
                0x000000e8                __section_table_end = .
 *(.after_vectors*)
 .after_vectors
                0x000000e8       0x80 ./src/cr_startup_lpc11u.o
                0x000000e8                NMI_Handler
                0x000000ec                HardFault_Handler
                0x000000f0                SVC_Handler
                0x000000f4                PendSV_Handler
                0x000000f8                SysTick_Handler
                0x000000fc                data_init
                0x0000010e                bss_init
                0x00000120                ResetISR
                0x00000164                TIMER16_0_IRQHandler
                0x00000164                TIMER32_0_IRQHandler
                0x00000164                FLEX_INT7_IRQHandler
                0x00000164                TIMER32_1_IRQHandler
                0x00000164                FLEX_INT1_IRQHandler
                0x00000164                IntDefaultHandler
                0x00000164                SSP0_IRQHandler
                0x00000164                USBWakeup_IRQHandler
                0x00000164                FLEX_INT0_IRQHandler
                0x00000164                FLEX_INT2_IRQHandler
                0x00000164                TIMER16_1_IRQHandler
                0x00000164                USB_FIQHandler
                0x00000164                FLEX_INT5_IRQHandler
                0x00000164                ADC_IRQHandler
                0x00000164                SSP1_IRQHandler
                0x00000164                FLEX_INT3_IRQHandler
                0x00000164                BOD_IRQHandler
                0x00000164                I2C_IRQHandler
                0x00000164                WDT_IRQHandler
                0x00000164                GINT0_IRQHandler
                0x00000164                FLEX_INT4_IRQHandler
                0x00000164                FLEX_INT6_IRQHandler
                0x00000164                FMC_IRQHandler
                0x00000164                GINT1_IRQHandler
 *(.text*)
 .text.translate_rd
                0x00000168       0x44 ./src/lpc11uxx_usbd_msc_mem.o
                0x00000168                translate_rd
 .text.translate_wr
                0x000001ac       0x44 ./src/lpc11uxx_usbd_msc_mem.o
                0x000001ac                translate_wr
 .text.translate_verify
                0x000001f0       0x3c ./src/lpc11uxx_usbd_msc_mem.o
                0x000001f0                translate_verify
 .text.usb_msc_mem_init
                0x0000022c      0x110 ./src/lpc11uxx_usbd_msc_mem.o
                0x0000022c                usb_msc_mem_init
 .text.NVIC_EnableIRQ
                0x0000033c       0x2c ./src/main.o
 .text.USB_IRQHandler
                0x00000368       0x20 ./src/main.o
                0x00000368                USB_IRQHandler
 .text.USB_pin_clk_init
                0x00000388       0x64 ./src/main.o
                0x00000388                USB_pin_clk_init
 .text.main     0x000003ec      0x134 ./src/main.o
                0x000003ec                main
 .text.SystemCoreClockUpdate
                0x00000520       0x9c /home/patrick/school/ddl_3360/workspace/CMSISv2p00_LPC11Uxx/Debug/libCMSISv2p00_LPC11Uxx.a(system_LPC11Uxx.o)
                0x00000520                SystemCoreClockUpdate
 .text.SystemInit
                0x000005bc       0xd4 /home/patrick/school/ddl_3360/workspace/CMSISv2p00_LPC11Uxx/Debug/libCMSISv2p00_LPC11Uxx.a(system_LPC11Uxx.o)
                0x000005bc                SystemInit
 .text.NVIC_EnableIRQ
                0x00000690       0x2c /home/patrick/school/ddl_3360/workspace/LPC11Uxx_Driver_Lib/Debug/libLPC11Uxx_Driver_Lib.a(uart.o)
 .text.NVIC_DisableIRQ
                0x000006bc       0x30 /home/patrick/school/ddl_3360/workspace/LPC11Uxx_Driver_Lib/Debug/libLPC11Uxx_Driver_Lib.a(uart.o)
 .text.UART_IRQHandler
                0x000006ec      0x11c /home/patrick/school/ddl_3360/workspace/LPC11Uxx_Driver_Lib/Debug/libLPC11Uxx_Driver_Lib.a(uart.o)
                0x000006ec                UART_IRQHandler
 .text.UARTInit
                0x00000808      0x108 /home/patrick/school/ddl_3360/workspace/LPC11Uxx_Driver_Lib/Debug/libLPC11Uxx_Driver_Lib.a(uart.o)
                0x00000808                UARTInit
 .text.UARTSend
                0x00000910       0x40 /home/patrick/school/ddl_3360/workspace/LPC11Uxx_Driver_Lib/Debug/libLPC11Uxx_Driver_Lib.a(uart.o)
                0x00000910                UARTSend
 .text.memset   0x00000950        0x8 /usr/local/lpcxpresso_5.2.6_2137/lpcxpresso/tools/bin/../lib/gcc/arm-none-eabi/4.6.2/../../../../arm-none-eabi/lib/armv6-m/libcr_c.a(memset.o)
                0x00000950                memset
 .text.__weak_main
                0x00000958        0x8 /usr/local/lpcxpresso_5.2.6_2137/lpcxpresso/tools/bin/../lib/gcc/arm-none-eabi/4.6.2/../../../../arm-none-eabi/lib/armv6-m/libcr_c.a(__weak__main.o)
                0x00000958                __main
                0x00000958                __weak_main
 .text.memcmp   0x00000960       0x38 /usr/local/lpcxpresso_5.2.6_2137/lpcxpresso/tools/bin/../lib/gcc/arm-none-eabi/4.6.2/../../../../arm-none-eabi/lib/armv6-m/libcr_c.a(memcmp.o)
                0x00000960                memcmp
 .text.__aeabi_division_uidivmod
                0x00000998       0x72 /usr/local/lpcxpresso_5.2.6_2137/lpcxpresso/tools/bin/../lib/gcc/arm-none-eabi/4.6.2/armv6-m/libcr_eabihelpers.a(division.o)
                0x00000998                __aeabi_uidiv
                0x00000998                __aeabi_uidivmod
 .text.__aeabi_division_idiv0
                0x00000a0a        0x2 /usr/local/lpcxpresso_5.2.6_2137/lpcxpresso/tools/bin/../lib/gcc/arm-none-eabi/4.6.2/armv6-m/libcr_eabihelpers.a(division.o)
                0x00000a0a                __aeabi_idiv0
 .text.__aeabi_memset_lowlevel
                0x00000a0c       0x2a /usr/local/lpcxpresso_5.2.6_2137/lpcxpresso/tools/bin/../lib/gcc/arm-none-eabi/4.6.2/armv6-m/libcr_eabihelpers.a(memcpy.o)
                0x00000a0c                __aeabi_lowlevel_memset
 *(.rodata .rodata.*)
 *fill*         0x00000a36        0x2 00
 .rodata.InquiryStr
                0x00000a38       0x1c ./src/lpc11uxx_usbd_msc_mem.o
                0x00000a38                InquiryStr
 .rodata        0x00000a54       0x58 ./src/main.o
 .rodata.CSWTCH.8
                0x00000aac       0x3c /home/patrick/school/ddl_3360/workspace/CMSISv2p00_LPC11Uxx/Debug/libCMSISv2p00_LPC11Uxx.a(system_LPC11Uxx.o)
                0x00000ae8                . = ALIGN (0x4)

0x6000          0x00000ae8     0x1000
                0x00000ae8                . = ALIGN (0x4)
                0x00000ae8                PROVIDE (__start_0x6000, ABSOLUTE (.))
 0x6000         0x00000ae8     0x1000 ./src/DiskImg.o
                0x00000ae8                DiskImage
                0x00001ae8                PROVIDE (__stop_0x6000, .)

.glue_7         0x00001ae8        0x0
 .glue_7        0x00000000        0x0 linker stubs

.glue_7t        0x00001ae8        0x0
 .glue_7t       0x00000000        0x0 linker stubs

.vfp11_veneer   0x00001ae8        0x0
 .vfp11_veneer  0x00000000        0x0 linker stubs

.v4_bx          0x00001ae8        0x0
 .v4_bx         0x00000000        0x0 linker stubs

.ARM.extab
 *(.ARM.extab* .gnu.linkonce.armextab.*)
                0x00001ae8                __exidx_start = .

.ARM.exidx
 *(.ARM.exidx* .gnu.linkonce.armexidx.*)
                0x00001ae8                __exidx_end = .
                0x00001ae8                _etext = .

.data_RAM2      0x20004000        0x0 load address 0x00001ae8
 FILL mask 0xff
 *(.data.$RAM2*)
 *(.data.$RamUsb2*)
                0x20004000                . = ALIGN (0x4)

.uninit_RESERVED
                0x10000000        0x0
 *(.bss.$RESERVED*)
                0x10000000                . = ALIGN (0x4)
                0x10000000                _end_uninit_RESERVED = .

.data           0x10000000       0xc0 load address 0x00001ae8
 FILL mask 0xff
                0x10000000                _data = .
 *(vtable)
 *(.data*)
 .data.Memory   0x10000000        0x4 ./src/lpc11uxx_usbd_msc_mem.o
                0x10000000                Memory
 .data.USB_DeviceDescriptor
                0x10000004       0x14 ./src/mem_lpc11uxx_usbdesc.o
                0x10000004                USB_DeviceDescriptor
 .data.USB_FsConfigDescriptor
                0x10000018       0x24 ./src/mem_lpc11uxx_usbdesc.o
                0x10000018                USB_FsConfigDescriptor
 .data.USB_StringDescriptor
                0x1000003c       0x7c ./src/mem_lpc11uxx_usbdesc.o
                0x1000003c                USB_StringDescriptor
 .data.SystemCoreClock
                0x100000b8        0x4 /home/patrick/school/ddl_3360/workspace/CMSISv2p00_LPC11Uxx/Debug/libCMSISv2p00_LPC11Uxx.a(system_LPC11Uxx.o)
                0x100000b8                SystemCoreClock
 .data.UARTTxEmpty
                0x100000bc        0x1 /home/patrick/school/ddl_3360/workspace/LPC11Uxx_Driver_Lib/Debug/libLPC11Uxx_Driver_Lib.a(uart.o)
                0x100000bc                UARTTxEmpty
                0x100000c0                . = ALIGN (0x4)
 *fill*         0x100000bd        0x3 ff
                0x100000c0                _edata = .

.bss_RAM2       0x20004000        0x0
 *(.bss.$RAM2*)
 *(.bss.$RamUsb2*)
                0x20004000                . = ALIGN (0x4)

.bss            0x100000c0       0x50
                0x100000c0                _bss = .
 *(.bss*)
 .bss.hUsb      0x100000c0        0x4 ./src/main.o
 .bss.UARTCount
                0x100000c4        0x4 /home/patrick/school/ddl_3360/workspace/LPC11Uxx_Driver_Lib/Debug/libLPC11Uxx_Driver_Lib.a(uart.o)
                0x100000c4                UARTCount
 *(COMMON)
 COMMON         0x100000c8        0x4 ./src/main.o
                0x100000c8                pUsbApi
 COMMON         0x100000cc       0x44 /home/patrick/school/ddl_3360/workspace/LPC11Uxx_Driver_Lib/Debug/libLPC11Uxx_Driver_Lib.a(uart.o)
                0x100000cc                UARTBuffer
                0x1000010c                UARTStatus
                0x10000110                . = ALIGN (0x4)
                0x10000110                _ebss = .
                0x10000110                PROVIDE (end, .)

.noinit_RAM2    0x20004000        0x0
 *(.noinit.$RAM2*)
 *(.noinit.$RamUsb2*)
                0x20004000                . = ALIGN (0x4)

.noinit         0x10000110        0x0
                0x10000110                _noinit = .
 *(.noinit*)
                0x10000110                . = ALIGN (0x4)
                0x10000110                _end_noinit = .
                0x10000110                PROVIDE (_pvHeapStart, .)
                0x10001800                PROVIDE (_vStackTop, (__top_RamLoc6 - 0x0))
OUTPUT(USB_ROM_MSC.axf elf32-littlearm)

.debug_info     0x00000000     0x5468
 .debug_info    0x00000000       0x60 ./src/DiskImg.o
 .debug_info    0x00000060      0x296 ./src/cr_startup_lpc11u.o
 .debug_info    0x000002f6     0x155d ./src/lpc11uxx_usbd_msc_mem.o
 .debug_info    0x00001853     0x20b2 ./src/main.o
 .debug_info    0x00003905      0x213 ./src/mem_lpc11uxx_usbdesc.o
 .debug_info    0x00003b18      0x43d ./src/sbl_iap.o
 .debug_info    0x00003f55      0x5d4 /home/patrick/school/ddl_3360/workspace/CMSISv2p00_LPC11Uxx/Debug/libCMSISv2p00_LPC11Uxx.a(system_LPC11Uxx.o)
 .debug_info    0x00004529      0xf3f /home/patrick/school/ddl_3360/workspace/LPC11Uxx_Driver_Lib/Debug/libLPC11Uxx_Driver_Lib.a(uart.o)

.debug_abbrev   0x00000000      0xa37
 .debug_abbrev  0x00000000       0x4b ./src/DiskImg.o
 .debug_abbrev  0x0000004b      0x116 ./src/cr_startup_lpc11u.o
 .debug_abbrev  0x00000161      0x1d1 ./src/lpc11uxx_usbd_msc_mem.o
 .debug_abbrev  0x00000332      0x219 ./src/main.o
 .debug_abbrev  0x0000054b       0xcb ./src/mem_lpc11uxx_usbdesc.o
 .debug_abbrev  0x00000616      0x14a ./src/sbl_iap.o
 .debug_abbrev  0x00000760       0xf9 /home/patrick/school/ddl_3360/workspace/CMSISv2p00_LPC11Uxx/Debug/libCMSISv2p00_LPC11Uxx.a(system_LPC11Uxx.o)
 .debug_abbrev  0x00000859      0x1de /home/patrick/school/ddl_3360/workspace/LPC11Uxx_Driver_Lib/Debug/libLPC11Uxx_Driver_Lib.a(uart.o)

.debug_line     0x00000000     0x225a
 .debug_line    0x00000000       0x7b ./src/DiskImg.o
 .debug_line    0x0000007b      0x418 ./src/cr_startup_lpc11u.o
 .debug_line    0x00000493      0x51e ./src/lpc11uxx_usbd_msc_mem.o
 .debug_line    0x000009b1      0x5c2 ./src/main.o
 .debug_line    0x00000f73      0x4da ./src/mem_lpc11uxx_usbdesc.o
 .debug_line    0x0000144d      0x4b5 ./src/sbl_iap.o
 .debug_line    0x00001902      0x3fc /home/patrick/school/ddl_3360/workspace/CMSISv2p00_LPC11Uxx/Debug/libCMSISv2p00_LPC11Uxx.a(system_LPC11Uxx.o)
 .debug_line    0x00001cfe      0x55c /home/patrick/school/ddl_3360/workspace/LPC11Uxx_Driver_Lib/Debug/libLPC11Uxx_Driver_Lib.a(uart.o)

.debug_macinfo  0x00000000    0x30cb2
 .debug_macinfo
                0x00000000     0x23d3 ./src/DiskImg.o
 .debug_macinfo
                0x000023d3     0x522b ./src/cr_startup_lpc11u.o
 .debug_macinfo
                0x000075fe     0x807f ./src/lpc11uxx_usbd_msc_mem.o
 .debug_macinfo
                0x0000f67d     0x99c1 ./src/main.o
 .debug_macinfo
                0x0001903e     0x7fec ./src/mem_lpc11uxx_usbdesc.o
 .debug_macinfo
                0x0002102a     0x5312 ./src/sbl_iap.o
 .debug_macinfo
                0x0002633c     0x54d2 /home/patrick/school/ddl_3360/workspace/CMSISv2p00_LPC11Uxx/Debug/libCMSISv2p00_LPC11Uxx.a(system_LPC11Uxx.o)
 .debug_macinfo
                0x0002b80e     0x54a4 /home/patrick/school/ddl_3360/workspace/LPC11Uxx_Driver_Lib/Debug/libLPC11Uxx_Driver_Lib.a(uart.o)

.debug_str      0x00000000     0x1d66
 .debug_str     0x00000000       0xac ./src/DiskImg.o
                                 0xb9 (size before relaxing)
 .debug_str     0x000000ac      0x178 ./src/cr_startup_lpc11u.o
                                0x231 (size before relaxing)
 .debug_str     0x00000224      0xf27 ./src/lpc11uxx_usbd_msc_mem.o
                               0x10e7 (size before relaxing)
 .debug_str     0x0000114b      0x7af ./src/main.o
                               0x1815 (size before relaxing)
 .debug_str     0x000018fa       0x65 ./src/mem_lpc11uxx_usbdesc.o
                                0x228 (size before relaxing)
 .debug_str     0x0000195f      0x173 ./src/sbl_iap.o
                                0x2cc (size before relaxing)
 .debug_str     0x00001ad2       0x9a /home/patrick/school/ddl_3360/workspace/CMSISv2p00_LPC11Uxx/Debug/libCMSISv2p00_LPC11Uxx.a(system_LPC11Uxx.o)
                                0x3c9 (size before relaxing)
 .debug_str     0x00001b6c      0x1fa /home/patrick/school/ddl_3360/workspace/LPC11Uxx_Driver_Lib/Debug/libLPC11Uxx_Driver_Lib.a(uart.o)
                                0x973 (size before relaxing)

.comment        0x00000000       0x70
 .comment       0x00000000       0x70 ./src/DiskImg.o
                                 0x71 (size before relaxing)
 .comment       0x00000000       0x71 ./src/cr_startup_lpc11u.o
 .comment       0x00000000       0x71 ./src/lpc11uxx_usbd_msc_mem.o
 .comment       0x00000000       0x71 ./src/main.o
 .comment       0x00000000       0x71 ./src/mem_lpc11uxx_usbdesc.o
 .comment       0x00000000       0x71 ./src/sbl_iap.o
 .comment       0x00000000       0x71 /home/patrick/school/ddl_3360/workspace/CMSISv2p00_LPC11Uxx/Debug/libCMSISv2p00_LPC11Uxx.a(system_LPC11Uxx.o)
 .comment       0x00000000       0x71 /home/patrick/school/ddl_3360/workspace/LPC11Uxx_Driver_Lib/Debug/libLPC11Uxx_Driver_Lib.a(uart.o)
 .comment       0x00000000       0x71 /usr/local/lpcxpresso_5.2.6_2137/lpcxpresso/tools/bin/../lib/gcc/arm-none-eabi/4.6.2/../../../../arm-none-eabi/lib/armv6-m/libcr_c.a(memcpy.o)
 .comment       0x00000000       0x71 /usr/local/lpcxpresso_5.2.6_2137/lpcxpresso/tools/bin/../lib/gcc/arm-none-eabi/4.6.2/../../../../arm-none-eabi/lib/armv6-m/libcr_c.a(memset.o)
 .comment       0x00000000       0x71 /usr/local/lpcxpresso_5.2.6_2137/lpcxpresso/tools/bin/../lib/gcc/arm-none-eabi/4.6.2/../../../../arm-none-eabi/lib/armv6-m/libcr_c.a(__weak__main.o)
 .comment       0x00000000       0x71 /usr/local/lpcxpresso_5.2.6_2137/lpcxpresso/tools/bin/../lib/gcc/arm-none-eabi/4.6.2/../../../../arm-none-eabi/lib/armv6-m/libcr_c.a(memcmp.o)

.ARM.attributes
                0x00000000       0x2f
 .ARM.attributes
                0x00000000       0x31 ./src/DiskImg.o
 .ARM.attributes
                0x00000031       0x31 ./src/cr_startup_lpc11u.o
 .ARM.attributes
                0x00000062       0x31 ./src/lpc11uxx_usbd_msc_mem.o
 .ARM.attributes
                0x00000093       0x31 ./src/main.o
 .ARM.attributes
                0x000000c4       0x31 ./src/mem_lpc11uxx_usbdesc.o
 .ARM.attributes
                0x000000f5       0x31 ./src/sbl_iap.o
 .ARM.attributes
                0x00000126       0x31 /home/patrick/school/ddl_3360/workspace/CMSISv2p00_LPC11Uxx/Debug/libCMSISv2p00_LPC11Uxx.a(system_LPC11Uxx.o)
 .ARM.attributes
                0x00000157       0x31 /home/patrick/school/ddl_3360/workspace/LPC11Uxx_Driver_Lib/Debug/libLPC11Uxx_Driver_Lib.a(uart.o)
 .ARM.attributes
                0x00000188       0x31 /usr/local/lpcxpresso_5.2.6_2137/lpcxpresso/tools/bin/../lib/gcc/arm-none-eabi/4.6.2/../../../../arm-none-eabi/lib/armv6-m/libcr_c.a(memcpy.o)
 .ARM.attributes
                0x000001b9       0x31 /usr/local/lpcxpresso_5.2.6_2137/lpcxpresso/tools/bin/../lib/gcc/arm-none-eabi/4.6.2/../../../../arm-none-eabi/lib/armv6-m/libcr_c.a(memset.o)
 .ARM.attributes
                0x000001ea       0x31 /usr/local/lpcxpresso_5.2.6_2137/lpcxpresso/tools/bin/../lib/gcc/arm-none-eabi/4.6.2/../../../../arm-none-eabi/lib/armv6-m/libcr_c.a(__weak__main.o)
 .ARM.attributes
                0x0000021b       0x31 /usr/local/lpcxpresso_5.2.6_2137/lpcxpresso/tools/bin/../lib/gcc/arm-none-eabi/4.6.2/../../../../arm-none-eabi/lib/armv6-m/libcr_c.a(memcmp.o)
 .ARM.attributes
                0x0000024c       0x21 /usr/local/lpcxpresso_5.2.6_2137/lpcxpresso/tools/bin/../lib/gcc/arm-none-eabi/4.6.2/armv6-m/libcr_eabihelpers.a(division.o)
 .ARM.attributes
                0x0000026d       0x21 /usr/local/lpcxpresso_5.2.6_2137/lpcxpresso/tools/bin/../lib/gcc/arm-none-eabi/4.6.2/armv6-m/libcr_eabihelpers.a(memcpy.o)

.debug_loc      0x00000000      0x803
 .debug_loc     0x00000000      0x28f ./src/cr_startup_lpc11u.o
 .debug_loc     0x0000028f       0xe2 ./src/lpc11uxx_usbd_msc_mem.o
 .debug_loc     0x00000371       0xca ./src/main.o
 .debug_loc     0x0000043b       0x38 ./src/mem_lpc11uxx_usbdesc.o
 .debug_loc     0x00000473      0x144 ./src/sbl_iap.o
 .debug_loc     0x000005b7       0x8a /home/patrick/school/ddl_3360/workspace/CMSISv2p00_LPC11Uxx/Debug/libCMSISv2p00_LPC11Uxx.a(system_LPC11Uxx.o)
 .debug_loc     0x00000641      0x1c2 /home/patrick/school/ddl_3360/workspace/LPC11Uxx_Driver_Lib/Debug/libLPC11Uxx_Driver_Lib.a(uart.o)

.debug_aranges  0x00000000      0x1b8
 .debug_aranges
                0x00000000       0x60 ./src/cr_startup_lpc11u.o
 .debug_aranges
                0x00000060       0x38 ./src/lpc11uxx_usbd_msc_mem.o
 .debug_aranges
                0x00000098       0x38 ./src/main.o
 .debug_aranges
                0x000000d0       0x20 ./src/mem_lpc11uxx_usbdesc.o
 .debug_aranges
                0x000000f0       0x48 ./src/sbl_iap.o
 .debug_aranges
                0x00000138       0x28 /home/patrick/school/ddl_3360/workspace/CMSISv2p00_LPC11Uxx/Debug/libCMSISv2p00_LPC11Uxx.a(system_LPC11Uxx.o)
 .debug_aranges
                0x00000160       0x58 /home/patrick/school/ddl_3360/workspace/LPC11Uxx_Driver_Lib/Debug/libLPC11Uxx_Driver_Lib.a(uart.o)

.debug_ranges   0x00000000      0x148
 .debug_ranges  0x00000000       0x50 ./src/cr_startup_lpc11u.o
 .debug_ranges  0x00000050       0x28 ./src/lpc11uxx_usbd_msc_mem.o
 .debug_ranges  0x00000078       0x28 ./src/main.o
 .debug_ranges  0x000000a0       0x10 ./src/mem_lpc11uxx_usbdesc.o
 .debug_ranges  0x000000b0       0x38 ./src/sbl_iap.o
 .debug_ranges  0x000000e8       0x18 /home/patrick/school/ddl_3360/workspace/CMSISv2p00_LPC11Uxx/Debug/libCMSISv2p00_LPC11Uxx.a(system_LPC11Uxx.o)
 .debug_ranges  0x00000100       0x48 /home/patrick/school/ddl_3360/workspace/LPC11Uxx_Driver_Lib/Debug/libLPC11Uxx_Driver_Lib.a(uart.o)

.debug_frame    0x00000000      0x45c
 .debug_frame   0x00000000       0xec ./src/cr_startup_lpc11u.o
 .debug_frame   0x000000ec       0x90 ./src/lpc11uxx_usbd_msc_mem.o
 .debug_frame   0x0000017c       0x88 ./src/main.o
 .debug_frame   0x00000204       0x30 ./src/mem_lpc11uxx_usbdesc.o
 .debug_frame   0x00000234       0xcc ./src/sbl_iap.o
 .debug_frame   0x00000300       0x4c /home/patrick/school/ddl_3360/workspace/CMSISv2p00_LPC11Uxx/Debug/libCMSISv2p00_LPC11Uxx.a(system_LPC11Uxx.o)
 .debug_frame   0x0000034c      0x110 /home/patrick/school/ddl_3360/workspace/LPC11Uxx_Driver_Lib/Debug/libLPC11Uxx_Driver_Lib.a(uart.o)
