Archive member included because of file (symbol)

/home/patrick/school/ddl_3360/workspace/CMSISv2p00_LPC11Uxx/Debug/libCMSISv2p00_LPC11Uxx.a(system_LPC11Uxx.o)
                              ./src/main.o (SystemCoreClockUpdate)
/home/patrick/school/ddl_3360/workspace/LPC11Uxx_Driver_Lib/Debug/libLPC11Uxx_Driver_Lib.a(uart.o)
                              ./src/main.o (UARTInit)
/usr/local/lpcxpresso_5.2.6_2137/lpcxpresso/tools/bin/../lib/gcc/arm-none-eabi/4.6.2/../../../../arm-none-eabi/lib/armv6-m/libcr_c.a(memset.o)
                              ./src/lpc11uxx_usbd_hid.o (memset)
/usr/local/lpcxpresso_5.2.6_2137/lpcxpresso/tools/bin/../lib/gcc/arm-none-eabi/4.6.2/../../../../arm-none-eabi/lib/armv6-m/libcr_c.a(__weak__main.o)
                              ./src/cr_startup_lpc11u.o (__main)
/usr/local/lpcxpresso_5.2.6_2137/lpcxpresso/tools/bin/../lib/gcc/arm-none-eabi/4.6.2/armv6-m/libcr_eabihelpers.a(division.o)
                              /home/patrick/school/ddl_3360/workspace/CMSISv2p00_LPC11Uxx/Debug/libCMSISv2p00_LPC11Uxx.a(system_LPC11Uxx.o) (__aeabi_uidiv)
/usr/local/lpcxpresso_5.2.6_2137/lpcxpresso/tools/bin/../lib/gcc/arm-none-eabi/4.6.2/armv6-m/libcr_eabihelpers.a(memcpy.o)
                              /usr/local/lpcxpresso_5.2.6_2137/lpcxpresso/tools/bin/../lib/gcc/arm-none-eabi/4.6.2/../../../../arm-none-eabi/lib/armv6-m/libcr_c.a(memset.o) (__aeabi_lowlevel_memset)

Allocating common symbols
Common symbol       size              file

UARTBuffer          0x40              /home/patrick/school/ddl_3360/workspace/LPC11Uxx_Driver_Lib/Debug/libLPC11Uxx_Driver_Lib.a(uart.o)
pUsbApi             0x4               ./src/main.o
UARTStatus          0x4               /home/patrick/school/ddl_3360/workspace/LPC11Uxx_Driver_Lib/Debug/libLPC11Uxx_Driver_Lib.a(uart.o)

Discarded input sections

 .text          0x00000000        0x0 ./src/cr_startup_lpc11u.o
 .data          0x00000000        0x0 ./src/cr_startup_lpc11u.o
 .bss           0x00000000        0x0 ./src/cr_startup_lpc11u.o
 .text          0x00000000        0x0 ./src/hid_lpc11uxx_usbdesc.o
 .data          0x00000000        0x0 ./src/hid_lpc11uxx_usbdesc.o
 .bss           0x00000000        0x0 ./src/hid_lpc11uxx_usbdesc.o
 .text          0x00000000        0x0 ./src/lpc11uxx_usbd_hid.o
 .data          0x00000000        0x0 ./src/lpc11uxx_usbd_hid.o
 .bss           0x00000000        0x0 ./src/lpc11uxx_usbd_hid.o
 .text          0x00000000        0x0 ./src/main.o
 .data          0x00000000        0x0 ./src/main.o
 .bss           0x00000000        0x0 ./src/main.o
 .text          0x00000000        0x0 /home/patrick/school/ddl_3360/workspace/CMSISv2p00_LPC11Uxx/Debug/libCMSISv2p00_LPC11Uxx.a(system_LPC11Uxx.o)
 .data          0x00000000        0x0 /home/patrick/school/ddl_3360/workspace/CMSISv2p00_LPC11Uxx/Debug/libCMSISv2p00_LPC11Uxx.a(system_LPC11Uxx.o)
 .bss           0x00000000        0x0 /home/patrick/school/ddl_3360/workspace/CMSISv2p00_LPC11Uxx/Debug/libCMSISv2p00_LPC11Uxx.a(system_LPC11Uxx.o)
 .text          0x00000000        0x0 /home/patrick/school/ddl_3360/workspace/LPC11Uxx_Driver_Lib/Debug/libLPC11Uxx_Driver_Lib.a(uart.o)
 .data          0x00000000        0x0 /home/patrick/school/ddl_3360/workspace/LPC11Uxx_Driver_Lib/Debug/libLPC11Uxx_Driver_Lib.a(uart.o)
 .bss           0x00000000        0x0 /home/patrick/school/ddl_3360/workspace/LPC11Uxx_Driver_Lib/Debug/libLPC11Uxx_Driver_Lib.a(uart.o)
 .text.uart_set_divisors
                0x00000000      0x14c /home/patrick/school/ddl_3360/workspace/LPC11Uxx_Driver_Lib/Debug/libLPC11Uxx_Driver_Lib.a(uart.o)
 .text.print_string
                0x00000000       0x3c /home/patrick/school/ddl_3360/workspace/LPC11Uxx_Driver_Lib/Debug/libLPC11Uxx_Driver_Lib.a(uart.o)
 .text.get_key  0x00000000       0x50 /home/patrick/school/ddl_3360/workspace/LPC11Uxx_Driver_Lib/Debug/libLPC11Uxx_Driver_Lib.a(uart.o)
 .text          0x00000000        0x0 /usr/local/lpcxpresso_5.2.6_2137/lpcxpresso/tools/bin/../lib/gcc/arm-none-eabi/4.6.2/../../../../arm-none-eabi/lib/armv6-m/libcr_c.a(memset.o)
 .data          0x00000000        0x0 /usr/local/lpcxpresso_5.2.6_2137/lpcxpresso/tools/bin/../lib/gcc/arm-none-eabi/4.6.2/../../../../arm-none-eabi/lib/armv6-m/libcr_c.a(memset.o)
 .bss           0x00000000        0x0 /usr/local/lpcxpresso_5.2.6_2137/lpcxpresso/tools/bin/../lib/gcc/arm-none-eabi/4.6.2/../../../../arm-none-eabi/lib/armv6-m/libcr_c.a(memset.o)
 .text          0x00000000        0x0 /usr/local/lpcxpresso_5.2.6_2137/lpcxpresso/tools/bin/../lib/gcc/arm-none-eabi/4.6.2/../../../../arm-none-eabi/lib/armv6-m/libcr_c.a(__weak__main.o)
 .data          0x00000000        0x0 /usr/local/lpcxpresso_5.2.6_2137/lpcxpresso/tools/bin/../lib/gcc/arm-none-eabi/4.6.2/../../../../arm-none-eabi/lib/armv6-m/libcr_c.a(__weak__main.o)
 .bss           0x00000000        0x0 /usr/local/lpcxpresso_5.2.6_2137/lpcxpresso/tools/bin/../lib/gcc/arm-none-eabi/4.6.2/../../../../arm-none-eabi/lib/armv6-m/libcr_c.a(__weak__main.o)
 .text          0x00000000        0x0 /usr/local/lpcxpresso_5.2.6_2137/lpcxpresso/tools/bin/../lib/gcc/arm-none-eabi/4.6.2/armv6-m/libcr_eabihelpers.a(division.o)
 .data          0x00000000        0x0 /usr/local/lpcxpresso_5.2.6_2137/lpcxpresso/tools/bin/../lib/gcc/arm-none-eabi/4.6.2/armv6-m/libcr_eabihelpers.a(division.o)
 .bss           0x00000000        0x0 /usr/local/lpcxpresso_5.2.6_2137/lpcxpresso/tools/bin/../lib/gcc/arm-none-eabi/4.6.2/armv6-m/libcr_eabihelpers.a(division.o)
 .text.__aeabi_division_idivmod
                0x00000000        0x6 /usr/local/lpcxpresso_5.2.6_2137/lpcxpresso/tools/bin/../lib/gcc/arm-none-eabi/4.6.2/armv6-m/libcr_eabihelpers.a(division.o)
 .text.__aeabi_division_uldivmod
                0x00000000       0x5a /usr/local/lpcxpresso_5.2.6_2137/lpcxpresso/tools/bin/../lib/gcc/arm-none-eabi/4.6.2/armv6-m/libcr_eabihelpers.a(division.o)
 .text.__aeabi_division_ldivmod
                0x00000000       0x32 /usr/local/lpcxpresso_5.2.6_2137/lpcxpresso/tools/bin/../lib/gcc/arm-none-eabi/4.6.2/armv6-m/libcr_eabihelpers.a(division.o)
 .text.__aeabi_division_ldiv0
                0x00000000        0x2 /usr/local/lpcxpresso_5.2.6_2137/lpcxpresso/tools/bin/../lib/gcc/arm-none-eabi/4.6.2/armv6-m/libcr_eabihelpers.a(division.o)
 .text.__aeabi_division_idivq31+15
                0x00000000      0x188 /usr/local/lpcxpresso_5.2.6_2137/lpcxpresso/tools/bin/../lib/gcc/arm-none-eabi/4.6.2/armv6-m/libcr_eabihelpers.a(division.o)
 .text          0x00000000        0x0 /usr/local/lpcxpresso_5.2.6_2137/lpcxpresso/tools/bin/../lib/gcc/arm-none-eabi/4.6.2/armv6-m/libcr_eabihelpers.a(memcpy.o)
 .data          0x00000000        0x0 /usr/local/lpcxpresso_5.2.6_2137/lpcxpresso/tools/bin/../lib/gcc/arm-none-eabi/4.6.2/armv6-m/libcr_eabihelpers.a(memcpy.o)
 .bss           0x00000000        0x0 /usr/local/lpcxpresso_5.2.6_2137/lpcxpresso/tools/bin/../lib/gcc/arm-none-eabi/4.6.2/armv6-m/libcr_eabihelpers.a(memcpy.o)
 .text.__aeabi_memcpy
                0x00000000       0x2c /usr/local/lpcxpresso_5.2.6_2137/lpcxpresso/tools/bin/../lib/gcc/arm-none-eabi/4.6.2/armv6-m/libcr_eabihelpers.a(memcpy.o)
 .text.__aeabi_memmove
                0x00000000       0x1c /usr/local/lpcxpresso_5.2.6_2137/lpcxpresso/tools/bin/../lib/gcc/arm-none-eabi/4.6.2/armv6-m/libcr_eabihelpers.a(memcpy.o)
 .text.__aeabi_memclr
                0x00000000        0x6 /usr/local/lpcxpresso_5.2.6_2137/lpcxpresso/tools/bin/../lib/gcc/arm-none-eabi/4.6.2/armv6-m/libcr_eabihelpers.a(memcpy.o)
 .text.__aeabi_memset
                0x00000000        0x8 /usr/local/lpcxpresso_5.2.6_2137/lpcxpresso/tools/bin/../lib/gcc/arm-none-eabi/4.6.2/armv6-m/libcr_eabihelpers.a(memcpy.o)

Memory Configuration

Name             Origin             Length             Attributes
MFlash32         0x00000000         0x00008000         xr
RamLoc6          0x10000000         0x00001800         xrw
RamUsb2          0x20004000         0x00000800         xrw
*default*        0x00000000         0xffffffff

Linker script and memory map

LOAD ./src/cr_startup_lpc11u.o
LOAD ./src/hid_lpc11uxx_usbdesc.o
LOAD ./src/lpc11uxx_usbd_hid.o
LOAD ./src/main.o
LOAD /home/patrick/school/ddl_3360/workspace/CMSISv2p00_LPC11Uxx/Debug/libCMSISv2p00_LPC11Uxx.a
LOAD /home/patrick/school/ddl_3360/workspace/LPC11Uxx_Driver_Lib/Debug/libLPC11Uxx_Driver_Lib.a
START GROUP
LOAD /usr/local/lpcxpresso_5.2.6_2137/lpcxpresso/tools/bin/../lib/gcc/arm-none-eabi/4.6.2/../../../../arm-none-eabi/lib/armv6-m/libcr_c.a
LOAD /usr/local/lpcxpresso_5.2.6_2137/lpcxpresso/tools/bin/../lib/gcc/arm-none-eabi/4.6.2/armv6-m/libcr_eabihelpers.a
END GROUP
                0x00008000                __top_MFlash32 = 0x8000
                0x10001800                __top_RamLoc6 = 0x10001800
                0x20004800                __top_RamUsb2 = 0x20004800

.text           0x00000000      0xc60
 FILL mask 0xff
                0x00000000                __vectors_start__ = ABSOLUTE (.)
 *(.isr_vector)
 .isr_vector    0x00000000       0xc0 ./src/cr_startup_lpc11u.o
                0x00000000                g_pfnVectors
                0x000000c0                . = ALIGN (0x4)
                0x000000c0                __section_table_start = .
                0x000000c0                __data_section_table = .
                0x000000c0        0x4 LONG 0xc60 LOADADDR (.data)
                0x000000c4        0x4 LONG 0x10000000 ADDR (.data)
                0x000000c8        0x4 LONG 0x1c SIZEOF (.data)
                0x000000cc        0x4 LONG 0xc60 LOADADDR (.data_RAM2)
                0x000000d0        0x4 LONG 0x20004000 ADDR (.data_RAM2)
                0x000000d4        0x4 LONG 0x0 SIZEOF (.data_RAM2)
                0x000000d8                __data_section_table_end = .
                0x000000d8                __bss_section_table = .
                0x000000d8        0x4 LONG 0x1000001c ADDR (.bss)
                0x000000dc        0x4 LONG 0x54 SIZEOF (.bss)
                0x000000e0        0x4 LONG 0x20004000 ADDR (.bss_RAM2)
                0x000000e4        0x4 LONG 0x0 SIZEOF (.bss_RAM2)
                0x000000e8                __bss_section_table_end = .
                0x000000e8                __section_table_end = .
 *(.after_vectors*)
 .after_vectors
                0x000000e8      0x134 ./src/cr_startup_lpc11u.o
                0x000000e8                data_init
                0x0000012c                bss_init
                0x00000160                ResetISR
                0x000001ec                NMI_Handler
                0x000001f4                HardFault_Handler
                0x000001fc                SVC_Handler
                0x00000204                PendSV_Handler
                0x0000020c                SysTick_Handler
                0x00000214                TIMER16_0_IRQHandler
                0x00000214                TIMER32_0_IRQHandler
                0x00000214                FLEX_INT7_IRQHandler
                0x00000214                TIMER32_1_IRQHandler
                0x00000214                FLEX_INT1_IRQHandler
                0x00000214                IntDefaultHandler
                0x00000214                SSP0_IRQHandler
                0x00000214                USBWakeup_IRQHandler
                0x00000214                FLEX_INT0_IRQHandler
                0x00000214                FLEX_INT2_IRQHandler
                0x00000214                TIMER16_1_IRQHandler
                0x00000214                USB_FIQHandler
                0x00000214                FLEX_INT5_IRQHandler
                0x00000214                ADC_IRQHandler
                0x00000214                SSP1_IRQHandler
                0x00000214                FLEX_INT3_IRQHandler
                0x00000214                BOD_IRQHandler
                0x00000214                I2C_IRQHandler
                0x00000214                WDT_IRQHandler
                0x00000214                GINT0_IRQHandler
                0x00000214                FLEX_INT4_IRQHandler
                0x00000214                FLEX_INT6_IRQHandler
                0x00000214                FMC_IRQHandler
                0x00000214                GINT1_IRQHandler
 *(.text*)
 .text.USB_Configure_Event
                0x0000021c       0x40 ./src/lpc11uxx_usbd_hid.o
                0x0000021c                USB_Configure_Event
 .text.HID_GetReport
                0x0000025c       0x4c ./src/lpc11uxx_usbd_hid.o
                0x0000025c                HID_GetReport
 .text.HID_SetReport
                0x000002a8       0x58 ./src/lpc11uxx_usbd_hid.o
                0x000002a8                HID_SetReport
 .text.HID_Ep_Hdlr
                0x00000300       0x6c ./src/lpc11uxx_usbd_hid.o
                0x00000300                HID_Ep_Hdlr
 .text.usb_hid_init
                0x0000036c      0x118 ./src/lpc11uxx_usbd_hid.o
                0x0000036c                usb_hid_init
 .text.NVIC_EnableIRQ
                0x00000484       0x2c ./src/main.o
 .text.USB_IRQHandler
                0x000004b0       0x20 ./src/main.o
                0x000004b0                USB_IRQHandler
 .text.USB_pin_clk_init
                0x000004d0       0x64 ./src/main.o
                0x000004d0                USB_pin_clk_init
 .text.main     0x00000534      0x11c ./src/main.o
                0x00000534                main
 .text.SystemCoreClockUpdate
                0x00000650       0x9c /home/patrick/school/ddl_3360/workspace/CMSISv2p00_LPC11Uxx/Debug/libCMSISv2p00_LPC11Uxx.a(system_LPC11Uxx.o)
                0x00000650                SystemCoreClockUpdate
 .text.SystemInit
                0x000006ec       0xd4 /home/patrick/school/ddl_3360/workspace/CMSISv2p00_LPC11Uxx/Debug/libCMSISv2p00_LPC11Uxx.a(system_LPC11Uxx.o)
                0x000006ec                SystemInit
 .text.NVIC_EnableIRQ
                0x000007c0       0x2c /home/patrick/school/ddl_3360/workspace/LPC11Uxx_Driver_Lib/Debug/libLPC11Uxx_Driver_Lib.a(uart.o)
 .text.NVIC_DisableIRQ
                0x000007ec       0x30 /home/patrick/school/ddl_3360/workspace/LPC11Uxx_Driver_Lib/Debug/libLPC11Uxx_Driver_Lib.a(uart.o)
 .text.UART_IRQHandler
                0x0000081c      0x11c /home/patrick/school/ddl_3360/workspace/LPC11Uxx_Driver_Lib/Debug/libLPC11Uxx_Driver_Lib.a(uart.o)
                0x0000081c                UART_IRQHandler
 .text.UARTInit
                0x00000938      0x108 /home/patrick/school/ddl_3360/workspace/LPC11Uxx_Driver_Lib/Debug/libLPC11Uxx_Driver_Lib.a(uart.o)
                0x00000938                UARTInit
 .text.UARTSend
                0x00000a40       0x40 /home/patrick/school/ddl_3360/workspace/LPC11Uxx_Driver_Lib/Debug/libLPC11Uxx_Driver_Lib.a(uart.o)
                0x00000a40                UARTSend
 .text.memset   0x00000a80        0x8 /usr/local/lpcxpresso_5.2.6_2137/lpcxpresso/tools/bin/../lib/gcc/arm-none-eabi/4.6.2/../../../../arm-none-eabi/lib/armv6-m/libcr_c.a(memset.o)
                0x00000a80                memset
 .text.__weak_main
                0x00000a88        0x8 /usr/local/lpcxpresso_5.2.6_2137/lpcxpresso/tools/bin/../lib/gcc/arm-none-eabi/4.6.2/../../../../arm-none-eabi/lib/armv6-m/libcr_c.a(__weak__main.o)
                0x00000a88                __main
                0x00000a88                __weak_main
 .text.__aeabi_division_uidivmod
                0x00000a90       0x72 /usr/local/lpcxpresso_5.2.6_2137/lpcxpresso/tools/bin/../lib/gcc/arm-none-eabi/4.6.2/armv6-m/libcr_eabihelpers.a(division.o)
                0x00000a90                __aeabi_uidiv
                0x00000a90                __aeabi_uidivmod
 .text.__aeabi_division_idiv0
                0x00000b02        0x2 /usr/local/lpcxpresso_5.2.6_2137/lpcxpresso/tools/bin/../lib/gcc/arm-none-eabi/4.6.2/armv6-m/libcr_eabihelpers.a(division.o)
                0x00000b02                __aeabi_idiv0
 .text.__aeabi_memset_lowlevel
                0x00000b04       0x2a /usr/local/lpcxpresso_5.2.6_2137/lpcxpresso/tools/bin/../lib/gcc/arm-none-eabi/4.6.2/armv6-m/libcr_eabihelpers.a(memcpy.o)
                0x00000b04                __aeabi_lowlevel_memset
 *(.rodata .rodata.*)
 *fill*         0x00000b2e        0x2 00
 .rodata.HID_ReportDescriptor
                0x00000b30       0x24 ./src/hid_lpc11uxx_usbdesc.o
                0x00000b30                HID_ReportDescriptor
 .rodata.HID_ReportDescSize
                0x00000b54        0x2 ./src/hid_lpc11uxx_usbdesc.o
                0x00000b54                HID_ReportDescSize
 *fill*         0x00000b56        0x2 00
 .rodata.USB_FsConfigDescriptor
                0x00000b58       0x2c ./src/hid_lpc11uxx_usbdesc.o
                0x00000b58                USB_FsConfigDescriptor
 .rodata.USB_StringDescriptor
                0x00000b84       0x68 ./src/hid_lpc11uxx_usbdesc.o
                0x00000b84                USB_StringDescriptor
 .rodata        0x00000bec       0x38 ./src/main.o
 .rodata.CSWTCH.8
                0x00000c24       0x3c /home/patrick/school/ddl_3360/workspace/CMSISv2p00_LPC11Uxx/Debug/libCMSISv2p00_LPC11Uxx.a(system_LPC11Uxx.o)
                0x00000c60                . = ALIGN (0x4)

.glue_7         0x00000c60        0x0
 .glue_7        0x00000000        0x0 linker stubs

.glue_7t        0x00000c60        0x0
 .glue_7t       0x00000000        0x0 linker stubs

.vfp11_veneer   0x00000c60        0x0
 .vfp11_veneer  0x00000000        0x0 linker stubs

.v4_bx          0x00000c60        0x0
 .v4_bx         0x00000000        0x0 linker stubs

.ARM.extab
 *(.ARM.extab* .gnu.linkonce.armextab.*)
                0x00000c60                __exidx_start = .

.ARM.exidx
 *(.ARM.exidx* .gnu.linkonce.armexidx.*)
                0x00000c60                __exidx_end = .
                0x00000c60                _etext = .

.data_RAM2      0x20004000        0x0 load address 0x00000c60
 FILL mask 0xff
 *(.data.$RAM2*)
 *(.data.$RamUsb2*)
                0x20004000                . = ALIGN (0x4)

.uninit_RESERVED
                0x10000000        0x0
 *(.bss.$RESERVED*)
                0x10000000                . = ALIGN (0x4)
                0x10000000                _end_uninit_RESERVED = .

.data           0x10000000       0x1c load address 0x00000c60
 FILL mask 0xff
                0x10000000                _data = .
 *(vtable)
 *(.data*)
 .data.USB_DeviceDescriptor
                0x10000000       0x14 ./src/hid_lpc11uxx_usbdesc.o
                0x10000000                USB_DeviceDescriptor
 .data.SystemCoreClock
                0x10000014        0x4 /home/patrick/school/ddl_3360/workspace/CMSISv2p00_LPC11Uxx/Debug/libCMSISv2p00_LPC11Uxx.a(system_LPC11Uxx.o)
                0x10000014                SystemCoreClock
 .data.UARTTxEmpty
                0x10000018        0x1 /home/patrick/school/ddl_3360/workspace/LPC11Uxx_Driver_Lib/Debug/libLPC11Uxx_Driver_Lib.a(uart.o)
                0x10000018                UARTTxEmpty
                0x1000001c                . = ALIGN (0x4)
 *fill*         0x10000019        0x3 ff
                0x1000001c                _edata = .

.bss_RAM2       0x20004000        0x0
 *(.bss.$RAM2*)
 *(.bss.$RamUsb2*)
                0x20004000                . = ALIGN (0x4)

.bss            0x1000001c       0x54
                0x1000001c                _bss = .
 *(.bss*)
 .bss.loopback_report
                0x1000001c        0x4 ./src/lpc11uxx_usbd_hid.o
 .bss.hUsb      0x10000020        0x4 ./src/main.o
 .bss.UARTCount
                0x10000024        0x4 /home/patrick/school/ddl_3360/workspace/LPC11Uxx_Driver_Lib/Debug/libLPC11Uxx_Driver_Lib.a(uart.o)
                0x10000024                UARTCount
 *(COMMON)
 COMMON         0x10000028        0x4 ./src/main.o
                0x10000028                pUsbApi
 COMMON         0x1000002c       0x44 /home/patrick/school/ddl_3360/workspace/LPC11Uxx_Driver_Lib/Debug/libLPC11Uxx_Driver_Lib.a(uart.o)
                0x1000002c                UARTBuffer
                0x1000006c                UARTStatus
                0x10000070                . = ALIGN (0x4)
                0x10000070                _ebss = .
                0x10000070                PROVIDE (end, .)

.noinit_RAM2    0x20004000        0x0
 *(.noinit.$RAM2*)
 *(.noinit.$RamUsb2*)
                0x20004000                . = ALIGN (0x4)

.noinit         0x10000070        0x0
                0x10000070                _noinit = .
 *(.noinit*)
                0x10000070                . = ALIGN (0x4)
                0x10000070                _end_noinit = .
                0x10000070                PROVIDE (_pvHeapStart, .)
                0x10001800                PROVIDE (_vStackTop, (__top_RamLoc6 - 0x0))
OUTPUT(USB_ROM_HID.axf elf32-littlearm)

.debug_info     0x00000000     0x5409
 .debug_info    0x00000000      0x292 ./src/cr_startup_lpc11u.o
 .debug_info    0x00000292      0x146 ./src/hid_lpc11uxx_usbdesc.o
 .debug_info    0x000003d8     0x1a7e ./src/lpc11uxx_usbd_hid.o
 .debug_info    0x00001e56     0x20a0 ./src/main.o
 .debug_info    0x00003ef6      0x5d4 /home/patrick/school/ddl_3360/workspace/CMSISv2p00_LPC11Uxx/Debug/libCMSISv2p00_LPC11Uxx.a(system_LPC11Uxx.o)
 .debug_info    0x000044ca      0xf3f /home/patrick/school/ddl_3360/workspace/LPC11Uxx_Driver_Lib/Debug/libLPC11Uxx_Driver_Lib.a(uart.o)

.debug_abbrev   0x00000000      0x810
 .debug_abbrev  0x00000000       0xf8 ./src/cr_startup_lpc11u.o
 .debug_abbrev  0x000000f8       0x74 ./src/hid_lpc11uxx_usbdesc.o
 .debug_abbrev  0x0000016c      0x1b4 ./src/lpc11uxx_usbd_hid.o
 .debug_abbrev  0x00000320      0x219 ./src/main.o
 .debug_abbrev  0x00000539       0xf9 /home/patrick/school/ddl_3360/workspace/CMSISv2p00_LPC11Uxx/Debug/libCMSISv2p00_LPC11Uxx.a(system_LPC11Uxx.o)
 .debug_abbrev  0x00000632      0x1de /home/patrick/school/ddl_3360/workspace/LPC11Uxx_Driver_Lib/Debug/libLPC11Uxx_Driver_Lib.a(uart.o)

.debug_loc      0x00000000      0x5e0
 .debug_loc     0x00000000      0x1b0 ./src/cr_startup_lpc11u.o
 .debug_loc     0x000001b0      0x11a ./src/lpc11uxx_usbd_hid.o
 .debug_loc     0x000002ca       0xca ./src/main.o
 .debug_loc     0x00000394       0x8a /home/patrick/school/ddl_3360/workspace/CMSISv2p00_LPC11Uxx/Debug/libCMSISv2p00_LPC11Uxx.a(system_LPC11Uxx.o)
 .debug_loc     0x0000041e      0x1c2 /home/patrick/school/ddl_3360/workspace/LPC11Uxx_Driver_Lib/Debug/libLPC11Uxx_Driver_Lib.a(uart.o)

.debug_aranges  0x00000000      0x158
 .debug_aranges
                0x00000000       0x60 ./src/cr_startup_lpc11u.o
 .debug_aranges
                0x00000060       0x40 ./src/lpc11uxx_usbd_hid.o
 .debug_aranges
                0x000000a0       0x38 ./src/main.o
 .debug_aranges
                0x000000d8       0x28 /home/patrick/school/ddl_3360/workspace/CMSISv2p00_LPC11Uxx/Debug/libCMSISv2p00_LPC11Uxx.a(system_LPC11Uxx.o)
 .debug_aranges
                0x00000100       0x58 /home/patrick/school/ddl_3360/workspace/LPC11Uxx_Driver_Lib/Debug/libLPC11Uxx_Driver_Lib.a(uart.o)

.debug_ranges   0x00000000      0x108
 .debug_ranges  0x00000000       0x50 ./src/cr_startup_lpc11u.o
 .debug_ranges  0x00000050       0x30 ./src/lpc11uxx_usbd_hid.o
 .debug_ranges  0x00000080       0x28 ./src/main.o
 .debug_ranges  0x000000a8       0x18 /home/patrick/school/ddl_3360/workspace/CMSISv2p00_LPC11Uxx/Debug/libCMSISv2p00_LPC11Uxx.a(system_LPC11Uxx.o)
 .debug_ranges  0x000000c0       0x48 /home/patrick/school/ddl_3360/workspace/LPC11Uxx_Driver_Lib/Debug/libLPC11Uxx_Driver_Lib.a(uart.o)

.debug_line     0x00000000     0x1cc6
 .debug_line    0x00000000      0x436 ./src/cr_startup_lpc11u.o
 .debug_line    0x00000436      0x478 ./src/hid_lpc11uxx_usbdesc.o
 .debug_line    0x000008ae      0x500 ./src/lpc11uxx_usbd_hid.o
 .debug_line    0x00000dae      0x5c0 ./src/main.o
 .debug_line    0x0000136e      0x3fc /home/patrick/school/ddl_3360/workspace/CMSISv2p00_LPC11Uxx/Debug/libCMSISv2p00_LPC11Uxx.a(system_LPC11Uxx.o)
 .debug_line    0x0000176a      0x55c /home/patrick/school/ddl_3360/workspace/LPC11Uxx_Driver_Lib/Debug/libLPC11Uxx_Driver_Lib.a(uart.o)

.debug_macinfo  0x00000000    0x29293
 .debug_macinfo
                0x00000000     0x5216 ./src/cr_startup_lpc11u.o
 .debug_macinfo
                0x00005216     0x7f4a ./src/hid_lpc11uxx_usbdesc.o
 .debug_macinfo
                0x0000d160     0x7ef2 ./src/lpc11uxx_usbd_hid.o
 .debug_macinfo
                0x00015052     0x98cb ./src/main.o
 .debug_macinfo
                0x0001e91d     0x54d2 /home/patrick/school/ddl_3360/workspace/CMSISv2p00_LPC11Uxx/Debug/libCMSISv2p00_LPC11Uxx.a(system_LPC11Uxx.o)
 .debug_macinfo
                0x00023def     0x54a4 /home/patrick/school/ddl_3360/workspace/LPC11Uxx_Driver_Lib/Debug/libLPC11Uxx_Driver_Lib.a(uart.o)

.debug_str      0x00000000     0x1ed4
 .debug_str     0x00000000      0x209 ./src/cr_startup_lpc11u.o
                                0x231 (size before relaxing)
 .debug_str     0x00000209       0x98 ./src/hid_lpc11uxx_usbdesc.o
                                0x194 (size before relaxing)
 .debug_str     0x000002a1     0x1241 ./src/lpc11uxx_usbd_hid.o
                               0x146a (size before relaxing)
 .debug_str     0x000014e2      0x75e ./src/main.o
                               0x1805 (size before relaxing)
 .debug_str     0x00001c40       0x9a /home/patrick/school/ddl_3360/workspace/CMSISv2p00_LPC11Uxx/Debug/libCMSISv2p00_LPC11Uxx.a(system_LPC11Uxx.o)
                                0x3c9 (size before relaxing)
 .debug_str     0x00001cda      0x1fa /home/patrick/school/ddl_3360/workspace/LPC11Uxx_Driver_Lib/Debug/libLPC11Uxx_Driver_Lib.a(uart.o)
                                0x973 (size before relaxing)

.comment        0x00000000       0x70
 .comment       0x00000000       0x70 ./src/cr_startup_lpc11u.o
                                 0x71 (size before relaxing)
 .comment       0x00000000       0x71 ./src/hid_lpc11uxx_usbdesc.o
 .comment       0x00000000       0x71 ./src/lpc11uxx_usbd_hid.o
 .comment       0x00000000       0x71 ./src/main.o
 .comment       0x00000000       0x71 /home/patrick/school/ddl_3360/workspace/CMSISv2p00_LPC11Uxx/Debug/libCMSISv2p00_LPC11Uxx.a(system_LPC11Uxx.o)
 .comment       0x00000000       0x71 /home/patrick/school/ddl_3360/workspace/LPC11Uxx_Driver_Lib/Debug/libLPC11Uxx_Driver_Lib.a(uart.o)
 .comment       0x00000000       0x71 /usr/local/lpcxpresso_5.2.6_2137/lpcxpresso/tools/bin/../lib/gcc/arm-none-eabi/4.6.2/../../../../arm-none-eabi/lib/armv6-m/libcr_c.a(memset.o)
 .comment       0x00000000       0x71 /usr/local/lpcxpresso_5.2.6_2137/lpcxpresso/tools/bin/../lib/gcc/arm-none-eabi/4.6.2/../../../../arm-none-eabi/lib/armv6-m/libcr_c.a(__weak__main.o)

.ARM.attributes
                0x00000000       0x2f
 .ARM.attributes
                0x00000000       0x31 ./src/cr_startup_lpc11u.o
 .ARM.attributes
                0x00000031       0x31 ./src/hid_lpc11uxx_usbdesc.o
 .ARM.attributes
                0x00000062       0x31 ./src/lpc11uxx_usbd_hid.o
 .ARM.attributes
                0x00000093       0x31 ./src/main.o
 .ARM.attributes
                0x000000c4       0x31 /home/patrick/school/ddl_3360/workspace/CMSISv2p00_LPC11Uxx/Debug/libCMSISv2p00_LPC11Uxx.a(system_LPC11Uxx.o)
 .ARM.attributes
                0x000000f5       0x31 /home/patrick/school/ddl_3360/workspace/LPC11Uxx_Driver_Lib/Debug/libLPC11Uxx_Driver_Lib.a(uart.o)
 .ARM.attributes
                0x00000126       0x31 /usr/local/lpcxpresso_5.2.6_2137/lpcxpresso/tools/bin/../lib/gcc/arm-none-eabi/4.6.2/../../../../arm-none-eabi/lib/armv6-m/libcr_c.a(memset.o)
 .ARM.attributes
                0x00000157       0x31 /usr/local/lpcxpresso_5.2.6_2137/lpcxpresso/tools/bin/../lib/gcc/arm-none-eabi/4.6.2/../../../../arm-none-eabi/lib/armv6-m/libcr_c.a(__weak__main.o)
 .ARM.attributes
                0x00000188       0x21 /usr/local/lpcxpresso_5.2.6_2137/lpcxpresso/tools/bin/../lib/gcc/arm-none-eabi/4.6.2/armv6-m/libcr_eabihelpers.a(division.o)
 .ARM.attributes
                0x000001a9       0x21 /usr/local/lpcxpresso_5.2.6_2137/lpcxpresso/tools/bin/../lib/gcc/arm-none-eabi/4.6.2/armv6-m/libcr_eabihelpers.a(memcpy.o)

.debug_frame    0x00000000      0x3ac
 .debug_frame   0x00000000      0x118 ./src/cr_startup_lpc11u.o
 .debug_frame   0x00000118       0xb0 ./src/lpc11uxx_usbd_hid.o
 .debug_frame   0x000001c8       0x88 ./src/main.o
 .debug_frame   0x00000250       0x4c /home/patrick/school/ddl_3360/workspace/CMSISv2p00_LPC11Uxx/Debug/libCMSISv2p00_LPC11Uxx.a(system_LPC11Uxx.o)
 .debug_frame   0x0000029c      0x110 /home/patrick/school/ddl_3360/workspace/LPC11Uxx_Driver_Lib/Debug/libLPC11Uxx_Driver_Lib.a(uart.o)
